2022-05-13-09-14-54 - tests.py - tests - request - 79 - INFO - 初始化数据
2022-05-13-09-14-54 - tests.py - tests - get_response - 52 - DEBUG - posting url: /write_db
2022-05-13-09-14-55 - tests.py - tests - validate - 69 - DEBUG - status code:200  message:succefully write in
2022-05-13-09-14-55 - tests.py - tests - validate - 73 - INFO - OK
2022-05-13-09-14-55 - tests.py - tests - request - 79 - INFO - admin获取新人列表
2022-05-13-09-14-55 - tests.py - tests - request - 79 - INFO - admin login
2022-05-13-09-14-55 - tests.py - tests - get_response - 52 - DEBUG - posting url: /login
2022-05-13-09-14-55 - tests.py - tests - validate - 69 - DEBUG - status code:200  message:login successful
2022-05-13-09-14-55 - tests.py - tests - validate - 73 - INFO - OK
2022-05-13-09-14-55 - tests.py - tests - get_response - 56 - DEBUG - getting url: /admin_newcomer_list
2022-05-13-09-14-55 - tests.py - tests - validate - 69 - DEBUG - status code:200  message:tmp supported
2022-05-13-09-14-55 - tests.py - tests - validate - 73 - INFO - OK
2022-05-13-09-14-55 - tests.py - tests - request - 79 - INFO - 其他角色获取新人列表
2022-05-13-09-14-55 - tests.py - tests - request - 79 - INFO - teacher login
2022-05-13-09-14-55 - tests.py - tests - get_response - 52 - DEBUG - posting url: /login
2022-05-13-09-14-55 - tests.py - tests - validate - 69 - DEBUG - status code:200  message:login successful
2022-05-13-09-14-55 - tests.py - tests - validate - 73 - INFO - OK
2022-05-13-09-14-55 - tests.py - tests - get_response - 56 - DEBUG - getting url: /admin_newcomer_list
2022-05-13-09-14-55 - log.py - log - log_response - 225 - WARNING - Bad Request: /api/admin_newcomer_list
2022-05-13-09-14-55 - tests.py - tests - validate - 69 - DEBUG - status code:400  message:no permission
2022-05-13-09-14-55 - tests.py - tests - validate - 73 - INFO - OK
2022-05-13-09-14-55 - tests.py - tests - request - 79 - INFO - HRBP login
2022-05-13-09-14-55 - tests.py - tests - get_response - 52 - DEBUG - posting url: /login
2022-05-13-09-14-55 - tests.py - tests - validate - 69 - DEBUG - status code:200  message:login successful
2022-05-13-09-14-55 - tests.py - tests - validate - 73 - INFO - OK
2022-05-13-09-14-55 - tests.py - tests - get_response - 56 - DEBUG - getting url: /admin_newcomer_list
2022-05-13-09-14-55 - log.py - log - log_response - 225 - WARNING - Bad Request: /api/admin_newcomer_list
2022-05-13-09-14-55 - tests.py - tests - validate - 69 - DEBUG - status code:400  message:no permission
2022-05-13-09-14-55 - tests.py - tests - validate - 73 - INFO - OK
2022-05-13-09-14-55 - tests.py - tests - request - 79 - INFO - newcomer login
2022-05-13-09-14-55 - tests.py - tests - get_response - 52 - DEBUG - posting url: /login
2022-05-13-09-14-55 - tests.py - tests - validate - 69 - DEBUG - status code:200  message:login successful
2022-05-13-09-14-55 - tests.py - tests - validate - 73 - INFO - OK
2022-05-13-09-14-55 - tests.py - tests - get_response - 56 - DEBUG - getting url: /admin_newcomer_list
2022-05-13-09-14-55 - log.py - log - log_response - 225 - WARNING - Bad Request: /api/admin_newcomer_list
2022-05-13-09-14-55 - tests.py - tests - validate - 69 - DEBUG - status code:400  message:no permission
2022-05-13-09-14-55 - tests.py - tests - validate - 73 - INFO - OK
2022-05-13-09-14-55 - tests.py - tests - request - 79 - INFO - 错误方法
2022-05-13-09-14-55 - tests.py - tests - request - 79 - INFO - admin login
2022-05-13-09-14-55 - tests.py - tests - get_response - 52 - DEBUG - posting url: /login
2022-05-13-09-14-55 - tests.py - tests - validate - 69 - DEBUG - status code:200  message:login successful
2022-05-13-09-14-55 - tests.py - tests - validate - 73 - INFO - OK
2022-05-13-09-14-55 - tests.py - tests - get_response - 52 - DEBUG - posting url: /admin_newcomer_list
2022-05-13-09-14-55 - log.py - log - log_response - 225 - WARNING - Bad Request: /api/admin_newcomer_list
2022-05-13-09-14-55 - tests.py - tests - validate - 69 - DEBUG - status code:400  message:invalid method
2022-05-13-09-14-55 - tests.py - tests - validate - 73 - INFO - OK
2022-05-13-09-14-55 - tests.py - tests - request - 79 - INFO - 初始化数据
2022-05-13-09-14-55 - tests.py - tests - get_response - 52 - DEBUG - posting url: /write_db
2022-05-13-09-14-55 - tests.py - tests - validate - 69 - DEBUG - status code:200  message:succefully write in
2022-05-13-09-14-55 - tests.py - tests - validate - 73 - INFO - OK
2022-05-13-09-14-55 - tests.py - tests - request - 79 - INFO - admin分配content
2022-05-13-09-14-55 - tests.py - tests - request - 79 - INFO - admin login
2022-05-13-09-14-55 - tests.py - tests - get_response - 52 - DEBUG - posting url: /login
2022-05-13-09-14-55 - tests.py - tests - validate - 69 - DEBUG - status code:200  message:login successful
2022-05-13-09-14-55 - tests.py - tests - validate - 73 - INFO - OK
2022-05-13-09-14-55 - tests.py - tests - get_response - 52 - DEBUG - posting url: /assign_content
2022-05-13-09-14-55 - tests.py - tests - validate - 69 - DEBUG - status code:200  message:content p1t2 of type exam assigned to p0001 with real name p0001
2022-05-13-09-14-55 - tests.py - tests - validate - 73 - INFO - OK
2022-05-13-09-14-55 - tests.py - tests - request - 79 - INFO - teacher分配content
2022-05-13-09-14-55 - tests.py - tests - request - 79 - INFO - teacher login
2022-05-13-09-14-55 - tests.py - tests - get_response - 52 - DEBUG - posting url: /login
2022-05-13-09-14-55 - tests.py - tests - validate - 69 - DEBUG - status code:200  message:login successful
2022-05-13-09-14-55 - tests.py - tests - validate - 73 - INFO - OK
2022-05-13-09-14-55 - tests.py - tests - get_response - 52 - DEBUG - posting url: /assign_content
2022-05-13-09-14-55 - tests.py - tests - validate - 69 - DEBUG - status code:200  message:content p1t2 of type exam assigned to p0001 with real name p0001
2022-05-13-09-14-55 - tests.py - tests - validate - 73 - INFO - OK
2022-05-13-09-14-55 - tests.py - tests - request - 79 - INFO - HRBP分配content
2022-05-13-09-14-55 - tests.py - tests - request - 79 - INFO - HRBP login
2022-05-13-09-14-55 - tests.py - tests - get_response - 52 - DEBUG - posting url: /login
2022-05-13-09-14-55 - tests.py - tests - validate - 69 - DEBUG - status code:200  message:login successful
2022-05-13-09-14-55 - tests.py - tests - validate - 73 - INFO - OK
2022-05-13-09-14-55 - tests.py - tests - get_response - 52 - DEBUG - posting url: /assign_content
2022-05-13-09-14-55 - tests.py - tests - validate - 69 - DEBUG - status code:200  message:content p1t2 of type exam assigned to p0001 with real name p0001
2022-05-13-09-14-55 - tests.py - tests - validate - 73 - INFO - OK
2022-05-13-09-14-55 - tests.py - tests - request - 79 - INFO - newcomer试图分配content
2022-05-13-09-14-55 - tests.py - tests - request - 79 - INFO - newcomer login
2022-05-13-09-14-55 - tests.py - tests - get_response - 52 - DEBUG - posting url: /login
2022-05-13-09-14-56 - tests.py - tests - validate - 69 - DEBUG - status code:200  message:login successful
2022-05-13-09-14-56 - tests.py - tests - validate - 73 - INFO - OK
2022-05-13-09-14-56 - tests.py - tests - get_response - 52 - DEBUG - posting url: /assign_content
2022-05-13-09-14-56 - log.py - log - log_response - 225 - WARNING - Bad Request: /api/assign_content
2022-05-13-09-14-56 - tests.py - tests - validate - 69 - DEBUG - status code:400  message:unauthorized action
2022-05-13-09-14-56 - tests.py - tests - validate - 73 - INFO - OK
2022-05-13-09-14-56 - tests.py - tests - request - 79 - INFO - admin试图分配不存在的content
2022-05-13-09-14-56 - tests.py - tests - request - 79 - INFO - admin login
2022-05-13-09-14-56 - tests.py - tests - get_response - 52 - DEBUG - posting url: /login
2022-05-13-09-14-56 - tests.py - tests - validate - 69 - DEBUG - status code:200  message:login successful
2022-05-13-09-14-56 - tests.py - tests - validate - 73 - INFO - OK
2022-05-13-09-14-56 - tests.py - tests - get_response - 52 - DEBUG - posting url: /assign_content
2022-05-13-09-14-56 - log.py - log - log_response - 225 - WARNING - Bad Request: /api/assign_content
2022-05-13-09-14-56 - tests.py - tests - validate - 69 - DEBUG - status code:400  message:requested item not found in database
2022-05-13-09-14-56 - tests.py - tests - validate - 73 - INFO - OK
2022-05-13-09-14-56 - tests.py - tests - request - 79 - INFO - admin试图给不存在的user分配content
2022-05-13-09-14-56 - tests.py - tests - request - 79 - INFO - admin login
2022-05-13-09-14-56 - tests.py - tests - get_response - 52 - DEBUG - posting url: /login
2022-05-13-09-14-56 - tests.py - tests - validate - 69 - DEBUG - status code:200  message:login successful
2022-05-13-09-14-56 - tests.py - tests - validate - 73 - INFO - OK
2022-05-13-09-14-56 - tests.py - tests - get_response - 52 - DEBUG - posting url: /assign_content
2022-05-13-09-14-56 - log.py - log - log_response - 225 - WARNING - Bad Request: /api/assign_content
2022-05-13-09-14-56 - tests.py - tests - validate - 69 - DEBUG - status code:400  message:requested item not found in database
2022-05-13-09-14-56 - tests.py - tests - validate - 73 - INFO - OK
2022-05-13-09-14-56 - tests.py - tests - request - 79 - INFO - 初始化数据
2022-05-13-09-14-56 - tests.py - tests - get_response - 52 - DEBUG - posting url: /write_db
2022-05-13-09-14-56 - tests.py - tests - validate - 69 - DEBUG - status code:200  message:succefully write in
2022-05-13-09-14-56 - tests.py - tests - validate - 73 - INFO - OK
2022-05-13-09-14-56 - tests.py - tests - request - 79 - INFO - 分配program
2022-05-13-09-14-56 - tests.py - tests - request - 79 - INFO - admin login
2022-05-13-09-14-56 - tests.py - tests - get_response - 52 - DEBUG - posting url: /login
2022-05-13-09-14-56 - tests.py - tests - validate - 69 - DEBUG - status code:200  message:login successful
2022-05-13-09-14-56 - tests.py - tests - validate - 73 - INFO - OK
2022-05-13-09-14-56 - tests.py - tests - get_response - 52 - DEBUG - posting url: /assign_program
2022-05-13-09-14-56 - tests.py - tests - validate - 69 - DEBUG - status code:200  message:added program 15 to user s1's list of programs, including 1 contents
2022-05-13-09-14-56 - tests.py - tests - validate - 73 - INFO - OK
2022-05-13-09-14-56 - tests.py - tests - request - 79 - INFO - 分配program-身份错误
2022-05-13-09-14-56 - tests.py - tests - request - 79 - INFO - newcomer login
2022-05-13-09-14-56 - tests.py - tests - get_response - 52 - DEBUG - posting url: /login
2022-05-13-09-14-56 - tests.py - tests - validate - 69 - DEBUG - status code:200  message:login successful
2022-05-13-09-14-56 - tests.py - tests - validate - 73 - INFO - OK
2022-05-13-09-14-56 - tests.py - tests - get_response - 52 - DEBUG - posting url: /assign_program
2022-05-13-09-14-56 - log.py - log - log_response - 225 - WARNING - Bad Request: /api/assign_program
2022-05-13-09-14-56 - tests.py - tests - validate - 69 - DEBUG - status code:400  message:current role not matched
2022-05-13-09-14-56 - tests.py - tests - validate - 73 - INFO - OK
2022-05-13-09-14-56 - tests.py - tests - request - 79 - INFO - 初始化数据
2022-05-13-09-14-56 - tests.py - tests - get_response - 52 - DEBUG - posting url: /write_db
2022-05-13-09-14-57 - tests.py - tests - validate - 69 - DEBUG - status code:200  message:succefully write in
2022-05-13-09-14-57 - tests.py - tests - validate - 73 - INFO - OK
2022-05-13-09-14-57 - tests.py - tests - request - 79 - INFO - 分配导师-成功
2022-05-13-09-14-57 - tests.py - tests - request - 79 - INFO - admin login
2022-05-13-09-14-57 - tests.py - tests - get_response - 52 - DEBUG - posting url: /login
2022-05-13-09-14-57 - tests.py - tests - validate - 69 - DEBUG - status code:200  message:login successful
2022-05-13-09-14-57 - tests.py - tests - validate - 73 - INFO - OK
2022-05-13-09-14-57 - tests.py - tests - get_response - 52 - DEBUG - posting url: /assign_teacher
2022-05-13-09-14-57 - tests.py - tests - validate - 69 - DEBUG - status code:200  message:succeed
2022-05-13-09-14-57 - tests.py - tests - validate - 73 - INFO - OK
2022-05-13-09-14-57 - tests.py - tests - request - 79 - INFO - 分配导师-方法错误
2022-05-13-09-14-57 - tests.py - tests - request - 79 - INFO - admin login
2022-05-13-09-14-57 - tests.py - tests - get_response - 52 - DEBUG - posting url: /login
2022-05-13-09-14-57 - tests.py - tests - validate - 69 - DEBUG - status code:200  message:login successful
2022-05-13-09-14-57 - tests.py - tests - validate - 73 - INFO - OK
2022-05-13-09-14-57 - tests.py - tests - get_response - 56 - DEBUG - getting url: /assign_teacher
2022-05-13-09-14-57 - log.py - log - log_response - 225 - WARNING - Bad Request: /api/assign_teacher
2022-05-13-09-14-57 - tests.py - tests - validate - 69 - DEBUG - status code:400  message:invalid method
2022-05-13-09-14-57 - tests.py - tests - validate - 73 - INFO - OK
2022-05-13-09-14-57 - tests.py - tests - request - 79 - INFO - 分配导师-字段缺失
2022-05-13-09-14-57 - tests.py - tests - request - 79 - INFO - admin login
2022-05-13-09-14-57 - tests.py - tests - get_response - 52 - DEBUG - posting url: /login
2022-05-13-09-14-57 - tests.py - tests - validate - 69 - DEBUG - status code:200  message:login successful
2022-05-13-09-14-57 - tests.py - tests - validate - 73 - INFO - OK
2022-05-13-09-14-57 - tests.py - tests - get_response - 52 - DEBUG - posting url: /assign_teacher
2022-05-13-09-14-57 - log.py - log - log_response - 225 - WARNING - Bad Request: /api/assign_teacher
2022-05-13-09-14-57 - tests.py - tests - validate - 69 - DEBUG - status code:400  message:lack of arguments
2022-05-13-09-14-57 - tests.py - tests - validate - 73 - INFO - OK
2022-05-13-09-14-57 - tests.py - tests - request - 79 - INFO - 分配导师-不是导师的导师
2022-05-13-09-14-57 - tests.py - tests - request - 79 - INFO - admin login
2022-05-13-09-14-57 - tests.py - tests - get_response - 52 - DEBUG - posting url: /login
2022-05-13-09-14-57 - tests.py - tests - validate - 69 - DEBUG - status code:200  message:login successful
2022-05-13-09-14-57 - tests.py - tests - validate - 73 - INFO - OK
2022-05-13-09-14-57 - tests.py - tests - get_response - 52 - DEBUG - posting url: /assign_teacher
2022-05-13-09-14-57 - log.py - log - log_response - 225 - WARNING - Bad Request: /api/assign_teacher
2022-05-13-09-14-57 - tests.py - tests - validate - 69 - DEBUG - status code:400  message:succeed
2022-05-13-09-14-57 - tests.py - tests - validate - 73 - INFO - OK
2022-05-13-09-14-57 - tests.py - tests - request - 79 - INFO - 分配导师-用户找不到
2022-05-13-09-14-57 - tests.py - tests - request - 79 - INFO - admin login
2022-05-13-09-14-57 - tests.py - tests - get_response - 52 - DEBUG - posting url: /login
2022-05-13-09-14-57 - tests.py - tests - validate - 69 - DEBUG - status code:200  message:login successful
2022-05-13-09-14-57 - tests.py - tests - validate - 73 - INFO - OK
2022-05-13-09-14-57 - tests.py - tests - get_response - 52 - DEBUG - posting url: /assign_teacher
2022-05-13-09-14-57 - log.py - log - log_response - 225 - WARNING - Bad Request: /api/assign_teacher
2022-05-13-09-14-57 - tests.py - tests - validate - 69 - DEBUG - status code:400  message:succeed
2022-05-13-09-14-57 - tests.py - tests - validate - 73 - INFO - OK
2022-05-13-09-14-57 - tests.py - tests - request - 79 - INFO - 分配导师-导师不在岗
2022-05-13-09-14-57 - tests.py - tests - request - 79 - INFO - admin login
2022-05-13-09-14-57 - tests.py - tests - get_response - 52 - DEBUG - posting url: /login
2022-05-13-09-14-57 - tests.py - tests - validate - 69 - DEBUG - status code:200  message:login successful
2022-05-13-09-14-57 - tests.py - tests - validate - 73 - INFO - OK
2022-05-13-09-14-57 - tests.py - tests - get_response - 52 - DEBUG - posting url: /assign_teacher
2022-05-13-09-14-57 - log.py - log - log_response - 225 - WARNING - Bad Request: /api/assign_teacher
2022-05-13-09-14-57 - tests.py - tests - validate - 69 - DEBUG - status code:400  message:teacher field has no teacher permission or teacher not duty
2022-05-13-09-14-57 - tests.py - tests - validate - 73 - INFO - OK
2022-05-13-09-14-57 - tests.py - tests - request - 79 - INFO - 分配导师-权限错误
2022-05-13-09-14-57 - tests.py - tests - request - 79 - INFO - HRBP login
2022-05-13-09-14-57 - tests.py - tests - get_response - 52 - DEBUG - posting url: /login
2022-05-13-09-14-57 - tests.py - tests - validate - 69 - DEBUG - status code:200  message:login successful
2022-05-13-09-14-57 - tests.py - tests - validate - 73 - INFO - OK
2022-05-13-09-14-57 - tests.py - tests - get_response - 52 - DEBUG - posting url: /assign_teacher
2022-05-13-09-14-57 - log.py - log - log_response - 225 - WARNING - Bad Request: /api/assign_teacher
2022-05-13-09-14-57 - tests.py - tests - validate - 69 - DEBUG - status code:400  message:no permission
2022-05-13-09-14-57 - tests.py - tests - validate - 73 - INFO - OK
2022-05-13-09-14-57 - tests.py - tests - request - 79 - INFO - teacher login
2022-05-13-09-14-57 - tests.py - tests - get_response - 52 - DEBUG - posting url: /login
2022-05-13-09-14-57 - tests.py - tests - validate - 69 - DEBUG - status code:200  message:login successful
2022-05-13-09-14-57 - tests.py - tests - validate - 73 - INFO - OK
2022-05-13-09-14-57 - tests.py - tests - get_response - 52 - DEBUG - posting url: /assign_teacher
2022-05-13-09-14-57 - log.py - log - log_response - 225 - WARNING - Bad Request: /api/assign_teacher
2022-05-13-09-14-57 - tests.py - tests - validate - 69 - DEBUG - status code:400  message:no permission
2022-05-13-09-14-57 - tests.py - tests - validate - 73 - INFO - OK
2022-05-13-09-14-57 - tests.py - tests - request - 79 - INFO - newcomer login
2022-05-13-09-14-57 - tests.py - tests - get_response - 52 - DEBUG - posting url: /login
2022-05-13-09-14-57 - tests.py - tests - validate - 69 - DEBUG - status code:200  message:login successful
2022-05-13-09-14-57 - tests.py - tests - validate - 73 - INFO - OK
2022-05-13-09-14-57 - tests.py - tests - get_response - 52 - DEBUG - posting url: /assign_teacher
2022-05-13-09-14-57 - log.py - log - log_response - 225 - WARNING - Bad Request: /api/assign_teacher
2022-05-13-09-14-57 - tests.py - tests - validate - 69 - DEBUG - status code:400  message:no permission
2022-05-13-09-14-57 - tests.py - tests - validate - 73 - INFO - OK
2022-05-13-09-14-57 - tests.py - tests - request - 79 - INFO - 初始化数据
2022-05-13-09-14-57 - tests.py - tests - get_response - 52 - DEBUG - posting url: /write_db
2022-05-13-09-14-57 - tests.py - tests - validate - 69 - DEBUG - status code:200  message:succefully write in
2022-05-13-09-14-57 - tests.py - tests - validate - 73 - INFO - OK
2022-05-13-09-14-57 - tests.py - tests - request - 79 - INFO - 获取program的可分配的项目列表
2022-05-13-09-14-57 - tests.py - tests - request - 79 - INFO - admin login
2022-05-13-09-14-57 - tests.py - tests - get_response - 52 - DEBUG - posting url: /login
2022-05-13-09-14-57 - tests.py - tests - validate - 69 - DEBUG - status code:200  message:login successful
2022-05-13-09-14-57 - tests.py - tests - validate - 73 - INFO - OK
2022-05-13-09-14-57 - tests.py - tests - get_response - 56 - DEBUG - getting url: /assignable_program_list
2022-05-13-09-14-57 - tests.py - tests - validate - 69 - DEBUG - status code:200  message:all assignable programs retrieved
2022-05-13-09-14-57 - tests.py - tests - validate - 73 - INFO - OK
2022-05-13-09-14-57 - tests.py - tests - request - 79 - INFO - 获取program的可分配的项目列表-方法错误
2022-05-13-09-14-57 - tests.py - tests - request - 79 - INFO - admin login
2022-05-13-09-14-57 - tests.py - tests - get_response - 52 - DEBUG - posting url: /login
2022-05-13-09-14-57 - tests.py - tests - validate - 69 - DEBUG - status code:200  message:login successful
2022-05-13-09-14-57 - tests.py - tests - validate - 73 - INFO - OK
2022-05-13-09-14-57 - tests.py - tests - get_response - 52 - DEBUG - posting url: /assignable_program_list
2022-05-13-09-14-57 - log.py - log - log_response - 225 - WARNING - Bad Request: /api/assignable_program_list
2022-05-13-09-14-57 - tests.py - tests - validate - 69 - DEBUG - status code:400  message:invalid method
2022-05-13-09-14-57 - tests.py - tests - validate - 73 - INFO - OK
2022-05-13-09-14-57 - tests.py - tests - request - 79 - INFO - 获取program的可分配的项目列表-身份错误
2022-05-13-09-14-57 - tests.py - tests - request - 79 - INFO - newcomer login
2022-05-13-09-14-57 - tests.py - tests - get_response - 52 - DEBUG - posting url: /login
2022-05-13-09-14-57 - tests.py - tests - validate - 69 - DEBUG - status code:200  message:login successful
2022-05-13-09-14-57 - tests.py - tests - validate - 73 - INFO - OK
2022-05-13-09-14-57 - tests.py - tests - get_response - 56 - DEBUG - getting url: /assignable_program_list
2022-05-13-09-14-57 - log.py - log - log_response - 225 - WARNING - Bad Request: /api/assignable_program_list
2022-05-13-09-14-57 - tests.py - tests - validate - 69 - DEBUG - status code:400  message:unauthorized action
2022-05-13-09-14-57 - tests.py - tests - validate - 73 - INFO - OK
2022-05-13-09-14-57 - tests.py - tests - request - 79 - INFO - 初始化数据
2022-05-13-09-14-57 - tests.py - tests - get_response - 52 - DEBUG - posting url: /write_db
2022-05-13-09-14-58 - tests.py - tests - validate - 69 - DEBUG - status code:200  message:succefully write in
2022-05-13-09-14-58 - tests.py - tests - validate - 73 - INFO - OK
2022-05-13-09-14-58 - tests.py - tests - request - 79 - INFO - 获取自己的头像
2022-05-13-09-14-58 - tests.py - tests - request - 79 - INFO - admin login
2022-05-13-09-14-58 - tests.py - tests - get_response - 52 - DEBUG - posting url: /login
2022-05-13-09-14-58 - tests.py - tests - validate - 69 - DEBUG - status code:200  message:login successful
2022-05-13-09-14-58 - tests.py - tests - validate - 73 - INFO - OK
2022-05-13-09-14-58 - tests.py - tests - get_response - 56 - DEBUG - getting url: /avatar
2022-05-13-09-14-58 - tests.py - tests - validate - 73 - INFO - OK
2022-05-13-09-14-58 - tests.py - tests - request - 79 - INFO - 获取别人的头像
2022-05-13-09-14-58 - tests.py - tests - request - 79 - INFO - admin login
2022-05-13-09-14-58 - tests.py - tests - get_response - 52 - DEBUG - posting url: /login
2022-05-13-09-14-58 - tests.py - tests - validate - 69 - DEBUG - status code:200  message:login successful
2022-05-13-09-14-58 - tests.py - tests - validate - 73 - INFO - OK
2022-05-13-09-14-58 - tests.py - tests - get_response - 56 - DEBUG - getting url: /avatar_by_name
2022-05-13-09-14-58 - tests.py - tests - validate - 73 - INFO - OK
2022-05-13-09-14-58 - tests.py - tests - request - 79 - INFO - 初始化数据
2022-05-13-09-14-58 - tests.py - tests - get_response - 52 - DEBUG - posting url: /write_db
2022-05-13-09-14-59 - tests.py - tests - validate - 69 - DEBUG - status code:200  message:succefully write in
2022-05-13-09-14-59 - tests.py - tests - validate - 73 - INFO - OK
2022-05-13-09-14-59 - tests.py - tests - request - 79 - INFO - 初始化数据
2022-05-13-09-14-59 - tests.py - tests - get_response - 52 - DEBUG - posting url: /write_db
2022-05-13-09-14-59 - tests.py - tests - validate - 69 - DEBUG - status code:200  message:succefully write in
2022-05-13-09-14-59 - tests.py - tests - validate - 73 - INFO - OK
2022-05-13-09-14-59 - tests.py - tests - request - 79 - INFO - bootcamp参与率-成功
2022-05-13-09-14-59 - tests.py - tests - request - 79 - INFO - admin login
2022-05-13-09-14-59 - tests.py - tests - get_response - 52 - DEBUG - posting url: /login
2022-05-13-09-14-59 - tests.py - tests - validate - 69 - DEBUG - status code:200  message:login successful
2022-05-13-09-14-59 - tests.py - tests - validate - 73 - INFO - OK
2022-05-13-09-14-59 - tests.py - tests - get_response - 52 - DEBUG - posting url: /bootcamp_attend
2022-05-13-09-14-59 - tests.py - tests - validate - 69 - DEBUG - status code:200  message:succeed
2022-05-13-09-14-59 - tests.py - tests - validate - 73 - INFO - OK
2022-05-13-09-14-59 - tests.py - tests - request - 79 - INFO - HRBP login
2022-05-13-09-14-59 - tests.py - tests - get_response - 52 - DEBUG - posting url: /login
2022-05-13-09-14-59 - tests.py - tests - validate - 69 - DEBUG - status code:200  message:login successful
2022-05-13-09-14-59 - tests.py - tests - validate - 73 - INFO - OK
2022-05-13-09-14-59 - tests.py - tests - get_response - 52 - DEBUG - posting url: /bootcamp_attend
2022-05-13-09-14-59 - tests.py - tests - validate - 69 - DEBUG - status code:200  message:succeed
2022-05-13-09-14-59 - tests.py - tests - validate - 73 - INFO - OK
2022-05-13-09-14-59 - tests.py - tests - request - 79 - INFO - bootcamp参与率-方法错误
2022-05-13-09-14-59 - tests.py - tests - request - 79 - INFO - admin login
2022-05-13-09-14-59 - tests.py - tests - get_response - 52 - DEBUG - posting url: /login
2022-05-13-09-14-59 - tests.py - tests - validate - 69 - DEBUG - status code:200  message:login successful
2022-05-13-09-14-59 - tests.py - tests - validate - 73 - INFO - OK
2022-05-13-09-14-59 - tests.py - tests - get_response - 56 - DEBUG - getting url: /bootcamp_attend
2022-05-13-09-14-59 - log.py - log - log_response - 225 - WARNING - Bad Request: /api/bootcamp_attend
2022-05-13-09-14-59 - tests.py - tests - validate - 69 - DEBUG - status code:400  message:illegal request type
2022-05-13-09-14-59 - tests.py - tests - validate - 73 - INFO - OK
2022-05-13-09-14-59 - tests.py - tests - request - 79 - INFO - bootcamp参与率-权限错误
2022-05-13-09-14-59 - tests.py - tests - request - 79 - INFO - newcomer login
2022-05-13-09-14-59 - tests.py - tests - get_response - 52 - DEBUG - posting url: /login
2022-05-13-09-14-59 - tests.py - tests - validate - 69 - DEBUG - status code:200  message:login successful
2022-05-13-09-14-59 - tests.py - tests - validate - 73 - INFO - OK
2022-05-13-09-14-59 - tests.py - tests - get_response - 52 - DEBUG - posting url: /bootcamp_attend
2022-05-13-09-14-59 - log.py - log - log_response - 225 - WARNING - Bad Request: /api/bootcamp_attend
2022-05-13-09-14-59 - tests.py - tests - validate - 69 - DEBUG - status code:400  message:unauthorized action
2022-05-13-09-14-59 - tests.py - tests - validate - 73 - INFO - OK
2022-05-13-09-14-59 - tests.py - tests - request - 79 - INFO - teacher login
2022-05-13-09-14-59 - tests.py - tests - get_response - 52 - DEBUG - posting url: /login
2022-05-13-09-14-59 - tests.py - tests - validate - 69 - DEBUG - status code:200  message:login successful
2022-05-13-09-14-59 - tests.py - tests - validate - 73 - INFO - OK
2022-05-13-09-14-59 - tests.py - tests - get_response - 52 - DEBUG - posting url: /bootcamp_attend
2022-05-13-09-14-59 - log.py - log - log_response - 225 - WARNING - Bad Request: /api/bootcamp_attend
2022-05-13-09-14-59 - tests.py - tests - validate - 69 - DEBUG - status code:400  message:unauthorized action
2022-05-13-09-14-59 - tests.py - tests - validate - 73 - INFO - OK
2022-05-13-09-14-59 - tests.py - tests - request - 79 - INFO - bootcamp参与率-字段缺失
2022-05-13-09-14-59 - tests.py - tests - request - 79 - INFO - admin login
2022-05-13-09-14-59 - tests.py - tests - get_response - 52 - DEBUG - posting url: /login
2022-05-13-09-14-59 - tests.py - tests - validate - 69 - DEBUG - status code:200  message:login successful
2022-05-13-09-14-59 - tests.py - tests - validate - 73 - INFO - OK
2022-05-13-09-14-59 - tests.py - tests - get_response - 52 - DEBUG - posting url: /bootcamp_attend
2022-05-13-09-14-59 - log.py - log - log_response - 225 - WARNING - Bad Request: /api/bootcamp_attend
2022-05-13-09-14-59 - tests.py - tests - validate - 69 - DEBUG - status code:400  message:succeed
2022-05-13-09-14-59 - tests.py - tests - validate - 73 - INFO - OK
2022-05-13-09-14-59 - tests.py - tests - request - 79 - INFO - bootcamp参与率-时间错误
2022-05-13-09-14-59 - tests.py - tests - request - 79 - INFO - admin login
2022-05-13-09-14-59 - tests.py - tests - get_response - 52 - DEBUG - posting url: /login
2022-05-13-09-14-59 - tests.py - tests - validate - 69 - DEBUG - status code:200  message:login successful
2022-05-13-09-14-59 - tests.py - tests - validate - 73 - INFO - OK
2022-05-13-09-14-59 - tests.py - tests - get_response - 52 - DEBUG - posting url: /bootcamp_attend
2022-05-13-09-14-59 - log.py - log - log_response - 225 - WARNING - Bad Request: /api/bootcamp_attend
2022-05-13-09-14-59 - tests.py - tests - validate - 69 - DEBUG - status code:400  message:succeed
2022-05-13-09-14-59 - tests.py - tests - validate - 73 - INFO - OK
2022-05-13-09-14-59 - tests.py - tests - request - 79 - INFO - 初始化数据
2022-05-13-09-14-59 - tests.py - tests - get_response - 52 - DEBUG - posting url: /write_db
2022-05-13-09-15-00 - tests.py - tests - validate - 69 - DEBUG - status code:200  message:succefully write in
2022-05-13-09-15-00 - tests.py - tests - validate - 73 - INFO - OK
2022-05-13-09-15-00 - tests.py - tests - request - 79 - INFO - 培训完成情况-成功
2022-05-13-09-15-00 - tests.py - tests - request - 79 - INFO - admin login
2022-05-13-09-15-00 - tests.py - tests - get_response - 52 - DEBUG - posting url: /login
2022-05-13-09-15-00 - tests.py - tests - validate - 69 - DEBUG - status code:200  message:login successful
2022-05-13-09-15-00 - tests.py - tests - validate - 73 - INFO - OK
2022-05-13-09-15-00 - tests.py - tests - get_response - 52 - DEBUG - posting url: /camp_completion
2022-05-13-09-15-00 - tests.py - tests - validate - 69 - DEBUG - status code:200  message:succeed
2022-05-13-09-15-00 - tests.py - tests - validate - 73 - INFO - OK
2022-05-13-09-15-00 - tests.py - tests - request - 79 - INFO - HRBP login
2022-05-13-09-15-00 - tests.py - tests - get_response - 52 - DEBUG - posting url: /login
2022-05-13-09-15-00 - tests.py - tests - validate - 69 - DEBUG - status code:200  message:login successful
2022-05-13-09-15-00 - tests.py - tests - validate - 73 - INFO - OK
2022-05-13-09-15-00 - tests.py - tests - get_response - 52 - DEBUG - posting url: /camp_completion
2022-05-13-09-15-00 - tests.py - tests - validate - 69 - DEBUG - status code:200  message:succeed
2022-05-13-09-15-00 - tests.py - tests - validate - 73 - INFO - OK
2022-05-13-09-15-00 - tests.py - tests - request - 79 - INFO - 培训完成情况-方法错误
2022-05-13-09-15-00 - tests.py - tests - request - 79 - INFO - admin login
2022-05-13-09-15-00 - tests.py - tests - get_response - 52 - DEBUG - posting url: /login
2022-05-13-09-15-00 - tests.py - tests - validate - 69 - DEBUG - status code:200  message:login successful
2022-05-13-09-15-00 - tests.py - tests - validate - 73 - INFO - OK
2022-05-13-09-15-00 - tests.py - tests - get_response - 56 - DEBUG - getting url: /camp_completion
2022-05-13-09-15-00 - log.py - log - log_response - 225 - WARNING - Bad Request: /api/camp_completion
2022-05-13-09-15-00 - tests.py - tests - validate - 69 - DEBUG - status code:400  message:illegal request type
2022-05-13-09-15-00 - tests.py - tests - validate - 73 - INFO - OK
2022-05-13-09-15-00 - tests.py - tests - request - 79 - INFO - 培训完成情况-权限错误
2022-05-13-09-15-00 - tests.py - tests - request - 79 - INFO - newcomer login
2022-05-13-09-15-00 - tests.py - tests - get_response - 52 - DEBUG - posting url: /login
2022-05-13-09-15-00 - tests.py - tests - validate - 69 - DEBUG - status code:200  message:login successful
2022-05-13-09-15-00 - tests.py - tests - validate - 73 - INFO - OK
2022-05-13-09-15-00 - tests.py - tests - get_response - 52 - DEBUG - posting url: /camp_completion
2022-05-13-09-15-00 - log.py - log - log_response - 225 - WARNING - Bad Request: /api/camp_completion
2022-05-13-09-15-00 - tests.py - tests - validate - 69 - DEBUG - status code:400  message:unauthorized action
2022-05-13-09-15-00 - tests.py - tests - validate - 73 - INFO - OK
2022-05-13-09-15-00 - tests.py - tests - request - 79 - INFO - teacher login
2022-05-13-09-15-00 - tests.py - tests - get_response - 52 - DEBUG - posting url: /login
2022-05-13-09-15-00 - tests.py - tests - validate - 69 - DEBUG - status code:200  message:login successful
2022-05-13-09-15-00 - tests.py - tests - validate - 73 - INFO - OK
2022-05-13-09-15-00 - tests.py - tests - get_response - 52 - DEBUG - posting url: /camp_completion
2022-05-13-09-15-00 - log.py - log - log_response - 225 - WARNING - Bad Request: /api/camp_completion
2022-05-13-09-15-00 - tests.py - tests - validate - 69 - DEBUG - status code:400  message:unauthorized action
2022-05-13-09-15-00 - tests.py - tests - validate - 73 - INFO - OK
2022-05-13-09-15-00 - tests.py - tests - request - 79 - INFO - 培训完成情况-字段缺失
2022-05-13-09-15-00 - tests.py - tests - request - 79 - INFO - admin login
2022-05-13-09-15-00 - tests.py - tests - get_response - 52 - DEBUG - posting url: /login
2022-05-13-09-15-00 - tests.py - tests - validate - 69 - DEBUG - status code:200  message:login successful
2022-05-13-09-15-00 - tests.py - tests - validate - 73 - INFO - OK
2022-05-13-09-15-00 - tests.py - tests - get_response - 52 - DEBUG - posting url: /camp_completion
2022-05-13-09-15-00 - log.py - log - log_response - 225 - WARNING - Bad Request: /api/camp_completion
2022-05-13-09-15-00 - tests.py - tests - validate - 69 - DEBUG - status code:400  message:succeed
2022-05-13-09-15-00 - tests.py - tests - validate - 73 - INFO - OK
2022-05-13-09-15-00 - tests.py - tests - request - 79 - INFO - 培训完成情况-时间错误
2022-05-13-09-15-00 - tests.py - tests - request - 79 - INFO - admin login
2022-05-13-09-15-00 - tests.py - tests - get_response - 52 - DEBUG - posting url: /login
2022-05-13-09-15-00 - tests.py - tests - validate - 69 - DEBUG - status code:200  message:login successful
2022-05-13-09-15-00 - tests.py - tests - validate - 73 - INFO - OK
2022-05-13-09-15-00 - tests.py - tests - get_response - 52 - DEBUG - posting url: /camp_completion
2022-05-13-09-15-00 - log.py - log - log_response - 225 - WARNING - Bad Request: /api/camp_completion
2022-05-13-09-15-00 - tests.py - tests - validate - 69 - DEBUG - status code:400  message:succeed
2022-05-13-09-15-00 - tests.py - tests - validate - 73 - INFO - OK
2022-05-13-09-15-00 - tests.py - tests - request - 79 - INFO - 初始化数据
2022-05-13-09-15-00 - tests.py - tests - get_response - 52 - DEBUG - posting url: /write_db
2022-05-13-09-15-00 - tests.py - tests - validate - 69 - DEBUG - status code:200  message:succefully write in
2022-05-13-09-15-00 - tests.py - tests - validate - 73 - INFO - OK
2022-05-13-09-15-00 - tests.py - tests - request - 79 - INFO - 新人评论导师
2022-05-13-09-15-00 - tests.py - tests - request - 79 - INFO - newcomer login
2022-05-13-09-15-00 - tests.py - tests - get_response - 52 - DEBUG - posting url: /login
2022-05-13-09-15-00 - tests.py - tests - validate - 69 - DEBUG - status code:200  message:login successful
2022-05-13-09-15-00 - tests.py - tests - validate - 73 - INFO - OK
2022-05-13-09-15-00 - tests.py - tests - get_response - 52 - DEBUG - posting url: /newcomer_commit_teacher
2022-05-13-09-15-00 - tests.py - tests - validate - 69 - DEBUG - status code:200  message:succeed
2022-05-13-09-15-00 - tests.py - tests - validate - 73 - INFO - OK
2022-05-13-09-15-00 - tests.py - tests - request - 79 - INFO - 新人评论导师-角色错误
2022-05-13-09-15-00 - tests.py - tests - request - 79 - INFO - teacher login
2022-05-13-09-15-00 - tests.py - tests - get_response - 52 - DEBUG - posting url: /login
2022-05-13-09-15-00 - tests.py - tests - validate - 69 - DEBUG - status code:200  message:login successful
2022-05-13-09-15-00 - tests.py - tests - validate - 73 - INFO - OK
2022-05-13-09-15-00 - tests.py - tests - get_response - 52 - DEBUG - posting url: /newcomer_commit_teacher
2022-05-13-09-15-00 - log.py - log - log_response - 225 - WARNING - Bad Request: /api/newcomer_commit_teacher
2022-05-13-09-15-00 - tests.py - tests - validate - 69 - DEBUG - status code:400  message:newcomer has no teacher
2022-05-13-09-15-00 - tests.py - tests - validate - 73 - INFO - OK
2022-05-13-09-15-00 - tests.py - tests - request - 79 - INFO - 导师评论新人
2022-05-13-09-15-00 - tests.py - tests - request - 79 - INFO - teacher login
2022-05-13-09-15-00 - tests.py - tests - get_response - 52 - DEBUG - posting url: /login
2022-05-13-09-15-00 - tests.py - tests - validate - 69 - DEBUG - status code:200  message:login successful
2022-05-13-09-15-00 - tests.py - tests - validate - 73 - INFO - OK
2022-05-13-09-15-00 - tests.py - tests - get_response - 52 - DEBUG - posting url: /teacher_commit_newcomer
2022-05-13-09-15-00 - tests.py - tests - validate - 69 - DEBUG - status code:200  message:succeed
2022-05-13-09-15-00 - tests.py - tests - validate - 73 - INFO - OK
2022-05-13-09-15-00 - tests.py - tests - request - 79 - INFO - 导师评论新人-方法错误
2022-05-13-09-15-00 - tests.py - tests - request - 79 - INFO - teacher login
2022-05-13-09-15-00 - tests.py - tests - get_response - 52 - DEBUG - posting url: /login
2022-05-13-09-15-00 - tests.py - tests - validate - 69 - DEBUG - status code:200  message:login successful
2022-05-13-09-15-00 - tests.py - tests - validate - 73 - INFO - OK
2022-05-13-09-15-00 - tests.py - tests - get_response - 56 - DEBUG - getting url: /teacher_commit_newcomer
2022-05-13-09-15-00 - log.py - log - log_response - 225 - WARNING - Bad Request: /api/teacher_commit_newcomer
2022-05-13-09-15-00 - tests.py - tests - validate - 69 - DEBUG - status code:400  message:invalid method
2022-05-13-09-15-00 - tests.py - tests - validate - 73 - INFO - OK
2022-05-13-09-15-00 - tests.py - tests - request - 79 - INFO - 导师评论新人-不是自己的学生
2022-05-13-09-15-00 - tests.py - tests - request - 79 - INFO - teacher login
2022-05-13-09-15-00 - tests.py - tests - get_response - 52 - DEBUG - posting url: /login
2022-05-13-09-15-00 - tests.py - tests - validate - 69 - DEBUG - status code:200  message:login successful
2022-05-13-09-15-00 - tests.py - tests - validate - 73 - INFO - OK
2022-05-13-09-15-00 - tests.py - tests - get_response - 56 - DEBUG - getting url: /teacher_commit_newcomer
2022-05-13-09-15-00 - log.py - log - log_response - 225 - WARNING - Bad Request: /api/teacher_commit_newcomer
2022-05-13-09-15-00 - tests.py - tests - validate - 69 - DEBUG - status code:400  message:invalid method
2022-05-13-09-15-00 - tests.py - tests - validate - 73 - INFO - OK
2022-05-13-09-15-00 - tests.py - tests - request - 79 - INFO - 新人给导师打分
2022-05-13-09-15-00 - tests.py - tests - request - 79 - INFO - newcomer login
2022-05-13-09-15-00 - tests.py - tests - get_response - 52 - DEBUG - posting url: /login
2022-05-13-09-15-00 - tests.py - tests - validate - 69 - DEBUG - status code:200  message:login successful
2022-05-13-09-15-00 - tests.py - tests - validate - 73 - INFO - OK
2022-05-13-09-15-00 - tests.py - tests - get_response - 52 - DEBUG - posting url: /newcomer_score_teacher
2022-05-13-09-15-00 - tests.py - tests - validate - 69 - DEBUG - status code:200  message:succeed
2022-05-13-09-15-00 - tests.py - tests - validate - 73 - INFO - OK
2022-05-13-09-15-00 - tests.py - tests - request - 79 - INFO - 新人给导师打分-方法错误
2022-05-13-09-15-00 - tests.py - tests - request - 79 - INFO - newcomer login
2022-05-13-09-15-00 - tests.py - tests - get_response - 52 - DEBUG - posting url: /login
2022-05-13-09-15-00 - tests.py - tests - validate - 69 - DEBUG - status code:200  message:login successful
2022-05-13-09-15-00 - tests.py - tests - validate - 73 - INFO - OK
2022-05-13-09-15-00 - tests.py - tests - get_response - 56 - DEBUG - getting url: /newcomer_score_teacher
2022-05-13-09-15-00 - log.py - log - log_response - 225 - WARNING - Bad Request: /api/newcomer_score_teacher
2022-05-13-09-15-00 - tests.py - tests - validate - 69 - DEBUG - status code:400  message:invalid method
2022-05-13-09-15-00 - tests.py - tests - validate - 73 - INFO - OK
2022-05-13-09-15-00 - tests.py - tests - request - 79 - INFO - 新人给导师打分-不是数字
2022-05-13-09-15-00 - tests.py - tests - request - 79 - INFO - newcomer login
2022-05-13-09-15-00 - tests.py - tests - get_response - 52 - DEBUG - posting url: /login
2022-05-13-09-15-00 - tests.py - tests - validate - 69 - DEBUG - status code:200  message:login successful
2022-05-13-09-15-00 - tests.py - tests - validate - 73 - INFO - OK
2022-05-13-09-15-00 - tests.py - tests - get_response - 52 - DEBUG - posting url: /newcomer_score_teacher
2022-05-13-09-15-00 - log.py - log - log_response - 225 - WARNING - Bad Request: /api/newcomer_score_teacher
2022-05-13-09-15-00 - tests.py - tests - validate - 69 - DEBUG - status code:400  message:score not a number
2022-05-13-09-15-00 - tests.py - tests - validate - 73 - INFO - OK
2022-05-13-09-15-00 - tests.py - tests - request - 79 - INFO - 导师给新人打分
2022-05-13-09-15-00 - tests.py - tests - request - 79 - INFO - teacher login
2022-05-13-09-15-00 - tests.py - tests - get_response - 52 - DEBUG - posting url: /login
2022-05-13-09-15-00 - tests.py - tests - validate - 69 - DEBUG - status code:200  message:login successful
2022-05-13-09-15-00 - tests.py - tests - validate - 73 - INFO - OK
2022-05-13-09-15-00 - tests.py - tests - get_response - 52 - DEBUG - posting url: /teacher_score_newcomer
2022-05-13-09-15-00 - tests.py - tests - validate - 69 - DEBUG - status code:200  message:succeed
2022-05-13-09-15-00 - tests.py - tests - validate - 73 - INFO - OK
2022-05-13-09-15-00 - tests.py - tests - request - 79 - INFO - 导师给新人打分-字段不存在
2022-05-13-09-15-00 - tests.py - tests - request - 79 - INFO - teacher login
2022-05-13-09-15-00 - tests.py - tests - get_response - 52 - DEBUG - posting url: /login
2022-05-13-09-15-01 - tests.py - tests - validate - 69 - DEBUG - status code:200  message:login successful
2022-05-13-09-15-01 - tests.py - tests - validate - 73 - INFO - OK
2022-05-13-09-15-01 - tests.py - tests - get_response - 52 - DEBUG - posting url: /teacher_score_newcomer
2022-05-13-09-15-01 - log.py - log - log_response - 225 - WARNING - Bad Request: /api/teacher_score_newcomer
2022-05-13-09-15-01 - tests.py - tests - validate - 69 - DEBUG - status code:400  message:lack of arguments
2022-05-13-09-15-01 - tests.py - tests - validate - 73 - INFO - OK
2022-05-13-09-15-01 - tests.py - tests - request - 79 - INFO - 导师给新人打分-新人找不到
2022-05-13-09-15-01 - tests.py - tests - request - 79 - INFO - teacher login
2022-05-13-09-15-01 - tests.py - tests - get_response - 52 - DEBUG - posting url: /login
2022-05-13-09-15-01 - tests.py - tests - validate - 69 - DEBUG - status code:200  message:login successful
2022-05-13-09-15-01 - tests.py - tests - validate - 73 - INFO - OK
2022-05-13-09-15-01 - tests.py - tests - get_response - 52 - DEBUG - posting url: /teacher_score_newcomer
2022-05-13-09-15-01 - log.py - log - log_response - 225 - WARNING - Bad Request: /api/teacher_score_newcomer
2022-05-13-09-15-01 - tests.py - tests - validate - 69 - DEBUG - status code:400  message:teacher or newcomer not found
2022-05-13-09-15-01 - tests.py - tests - validate - 73 - INFO - OK
2022-05-13-09-15-01 - tests.py - tests - request - 79 - INFO - 导师给新人打分-不是浮点数
2022-05-13-09-15-01 - tests.py - tests - request - 79 - INFO - teacher login
2022-05-13-09-15-01 - tests.py - tests - get_response - 52 - DEBUG - posting url: /login
2022-05-13-09-15-01 - tests.py - tests - validate - 69 - DEBUG - status code:200  message:login successful
2022-05-13-09-15-01 - tests.py - tests - validate - 73 - INFO - OK
2022-05-13-09-15-01 - tests.py - tests - get_response - 52 - DEBUG - posting url: /teacher_score_newcomer
2022-05-13-09-15-01 - log.py - log - log_response - 225 - WARNING - Bad Request: /api/teacher_score_newcomer
2022-05-13-09-15-01 - tests.py - tests - validate - 69 - DEBUG - status code:400  message:score not a number
2022-05-13-09-15-01 - tests.py - tests - validate - 73 - INFO - OK
2022-05-13-09-15-01 - tests.py - tests - request - 79 - INFO - admin获取评论和打分
2022-05-13-09-15-01 - tests.py - tests - request - 79 - INFO - admin login
2022-05-13-09-15-01 - tests.py - tests - get_response - 52 - DEBUG - posting url: /login
2022-05-13-09-15-01 - tests.py - tests - validate - 69 - DEBUG - status code:200  message:login successful
2022-05-13-09-15-01 - tests.py - tests - validate - 73 - INFO - OK
2022-05-13-09-15-01 - tests.py - tests - get_response - 52 - DEBUG - posting url: /get_commits_and_score
2022-05-13-09-15-01 - tests.py - tests - validate - 69 - DEBUG - status code:200  message:succeed
2022-05-13-09-15-01 - tests.py - tests - validate - 73 - INFO - OK
2022-05-13-09-15-01 - tests.py - tests - request - 79 - INFO - 其他人获取评论和打分
2022-05-13-09-15-01 - tests.py - tests - request - 79 - INFO - newcomer login
2022-05-13-09-15-01 - tests.py - tests - get_response - 52 - DEBUG - posting url: /login
2022-05-13-09-15-01 - tests.py - tests - validate - 69 - DEBUG - status code:200  message:login successful
2022-05-13-09-15-01 - tests.py - tests - validate - 73 - INFO - OK
2022-05-13-09-15-01 - tests.py - tests - get_response - 52 - DEBUG - posting url: /get_commits_and_score
2022-05-13-09-15-01 - log.py - log - log_response - 225 - WARNING - Bad Request: /api/get_commits_and_score
2022-05-13-09-15-01 - tests.py - tests - validate - 69 - DEBUG - status code:400  message:no permission
2022-05-13-09-15-01 - tests.py - tests - validate - 73 - INFO - OK
2022-05-13-09-15-01 - tests.py - tests - request - 79 - INFO - admin获取评论和打分-学生无导师
2022-05-13-09-15-01 - tests.py - tests - request - 79 - INFO - admin login
2022-05-13-09-15-01 - tests.py - tests - get_response - 52 - DEBUG - posting url: /login
2022-05-13-09-15-01 - tests.py - tests - validate - 69 - DEBUG - status code:200  message:login successful
2022-05-13-09-15-01 - tests.py - tests - validate - 73 - INFO - OK
2022-05-13-09-15-01 - tests.py - tests - get_response - 52 - DEBUG - posting url: /get_commits_and_score
2022-05-13-09-15-01 - log.py - log - log_response - 225 - WARNING - Bad Request: /api/get_commits_and_score
2022-05-13-09-15-01 - tests.py - tests - validate - 69 - DEBUG - status code:400  message:newcomer has no teacher
2022-05-13-09-15-01 - tests.py - tests - validate - 73 - INFO - OK
2022-05-13-09-15-01 - tests.py - tests - request - 79 - INFO - 初始化数据
2022-05-13-09-15-01 - tests.py - tests - get_response - 52 - DEBUG - posting url: /write_db
2022-05-13-09-15-01 - tests.py - tests - validate - 69 - DEBUG - status code:200  message:succefully write in
2022-05-13-09-15-01 - tests.py - tests - validate - 73 - INFO - OK
2022-05-13-09-15-01 - tests.py - tests - request - 79 - INFO - 获取某个content的lesson list
2022-05-13-09-15-01 - tests.py - tests - request - 79 - INFO - admin login
2022-05-13-09-15-01 - tests.py - tests - get_response - 52 - DEBUG - posting url: /login
2022-05-13-09-15-01 - tests.py - tests - validate - 69 - DEBUG - status code:200  message:login successful
2022-05-13-09-15-01 - tests.py - tests - validate - 73 - INFO - OK
2022-05-13-09-15-01 - tests.py - tests - get_response - 52 - DEBUG - posting url: /content_lesson_list
2022-05-13-09-15-01 - lists.py - lists - content_lesson_list - 969 - INFO - [{'lessonID': 3, 'name': '用于', 'author': 'admin', 'intro': 'finish lesson 测试', 'recommendTime': 2, 'releaseTime': datetime.datetime(2022, 5, 13, 9, 15, 1, 317621)}]
2022-05-13-09-15-01 - tests.py - tests - validate - 69 - DEBUG - status code:200  message:1 lessons retrieved for course 用于finish
2022-05-13-09-15-01 - tests.py - tests - validate - 73 - INFO - OK
2022-05-13-09-15-01 - tests.py - tests - request - 79 - INFO - 获取某个content的lesson list-方法错误
2022-05-13-09-15-01 - tests.py - tests - request - 79 - INFO - admin login
2022-05-13-09-15-01 - tests.py - tests - get_response - 52 - DEBUG - posting url: /login
2022-05-13-09-15-01 - tests.py - tests - validate - 69 - DEBUG - status code:200  message:login successful
2022-05-13-09-15-01 - tests.py - tests - validate - 73 - INFO - OK
2022-05-13-09-15-01 - tests.py - tests - get_response - 56 - DEBUG - getting url: /content_lesson_list
2022-05-13-09-15-01 - log.py - log - log_response - 225 - WARNING - Bad Request: /api/content_lesson_list
2022-05-13-09-15-01 - tests.py - tests - validate - 69 - DEBUG - status code:400  message:invalid method
2022-05-13-09-15-01 - tests.py - tests - validate - 73 - INFO - OK
2022-05-13-09-15-01 - tests.py - tests - request - 79 - INFO - 获取某个content的lesson list-课程找不到
2022-05-13-09-15-01 - tests.py - tests - request - 79 - INFO - admin login
2022-05-13-09-15-01 - tests.py - tests - get_response - 52 - DEBUG - posting url: /login
2022-05-13-09-15-01 - tests.py - tests - validate - 69 - DEBUG - status code:200  message:login successful
2022-05-13-09-15-01 - tests.py - tests - validate - 73 - INFO - OK
2022-05-13-09-15-01 - tests.py - tests - get_response - 52 - DEBUG - posting url: /content_lesson_list
2022-05-13-09-15-01 - log.py - log - log_response - 225 - WARNING - Bad Request: /api/content_lesson_list
2022-05-13-09-15-01 - tests.py - tests - validate - 69 - DEBUG - status code:400  message:requested item not found in database
2022-05-13-09-15-01 - tests.py - tests - validate - 73 - INFO - OK
2022-05-13-09-15-01 - tests.py - tests - request - 79 - INFO - 获取某个content的lesson list-action错误
2022-05-13-09-15-01 - tests.py - tests - request - 79 - INFO - admin login
2022-05-13-09-15-01 - tests.py - tests - get_response - 52 - DEBUG - posting url: /login
2022-05-13-09-15-01 - tests.py - tests - validate - 69 - DEBUG - status code:200  message:login successful
2022-05-13-09-15-01 - tests.py - tests - validate - 73 - INFO - OK
2022-05-13-09-15-01 - tests.py - tests - get_response - 52 - DEBUG - posting url: /content_lesson_list
2022-05-13-09-15-01 - log.py - log - log_response - 225 - WARNING - Bad Request: /api/content_lesson_list
2022-05-13-09-15-01 - tests.py - tests - validate - 69 - DEBUG - status code:400  message:Bad Arguments
2022-05-13-09-15-01 - tests.py - tests - validate - 73 - INFO - OK
2022-05-13-09-15-01 - tests.py - tests - request - 79 - INFO - 初始化数据
2022-05-13-09-15-01 - tests.py - tests - get_response - 52 - DEBUG - posting url: /write_db
2022-05-13-09-15-02 - tests.py - tests - validate - 69 - DEBUG - status code:200  message:succefully write in
2022-05-13-09-15-02 - tests.py - tests - validate - 73 - INFO - OK
2022-05-13-09-15-02 - tests.py - tests - request - 79 - INFO - admin获取本人可分配考试列表
2022-05-13-09-15-02 - tests.py - tests - request - 79 - INFO - admin login
2022-05-13-09-15-02 - tests.py - tests - get_response - 52 - DEBUG - posting url: /login
2022-05-13-09-15-02 - tests.py - tests - validate - 69 - DEBUG - status code:200  message:login successful
2022-05-13-09-15-02 - tests.py - tests - validate - 73 - INFO - OK
2022-05-13-09-15-02 - tests.py - tests - get_response - 56 - DEBUG - getting url: /assignable_test_list
2022-05-13-09-15-02 - tests.py - tests - validate - 69 - DEBUG - status code:200  message:assignable tests retrieved for admin user admin
2022-05-13-09-15-02 - tests.py - tests - validate - 73 - INFO - OK
2022-05-13-09-15-02 - tests.py - tests - request - 79 - INFO - hrbp获取本人可分配考试列表
2022-05-13-09-15-02 - tests.py - tests - request - 79 - INFO - HRBP login
2022-05-13-09-15-02 - tests.py - tests - get_response - 52 - DEBUG - posting url: /login
2022-05-13-09-15-02 - tests.py - tests - validate - 69 - DEBUG - status code:200  message:login successful
2022-05-13-09-15-02 - tests.py - tests - validate - 73 - INFO - OK
2022-05-13-09-15-02 - tests.py - tests - get_response - 56 - DEBUG - getting url: /assignable_test_list
2022-05-13-09-15-02 - tests.py - tests - validate - 69 - DEBUG - status code:200  message:assignable tests retrieved for hrbp user HRBP
2022-05-13-09-15-02 - tests.py - tests - validate - 73 - INFO - OK
2022-05-13-09-15-02 - tests.py - tests - request - 79 - INFO - teacher获取本人可分配考试列表
2022-05-13-09-15-02 - tests.py - tests - request - 79 - INFO - teacher login
2022-05-13-09-15-02 - tests.py - tests - get_response - 52 - DEBUG - posting url: /login
2022-05-13-09-15-02 - tests.py - tests - validate - 69 - DEBUG - status code:200  message:login successful
2022-05-13-09-15-02 - tests.py - tests - validate - 73 - INFO - OK
2022-05-13-09-15-02 - tests.py - tests - get_response - 56 - DEBUG - getting url: /assignable_test_list
2022-05-13-09-15-02 - tests.py - tests - validate - 69 - DEBUG - status code:200  message:assignable tests retrieved for teacher user teacher
2022-05-13-09-15-02 - tests.py - tests - validate - 73 - INFO - OK
2022-05-13-09-15-02 - tests.py - tests - request - 79 - INFO - newcomer试图获取本人可分配考试列表
2022-05-13-09-15-02 - tests.py - tests - request - 79 - INFO - newcomer login
2022-05-13-09-15-02 - tests.py - tests - get_response - 52 - DEBUG - posting url: /login
2022-05-13-09-15-02 - tests.py - tests - validate - 69 - DEBUG - status code:200  message:login successful
2022-05-13-09-15-02 - tests.py - tests - validate - 73 - INFO - OK
2022-05-13-09-15-02 - tests.py - tests - get_response - 56 - DEBUG - getting url: /assignable_test_list
2022-05-13-09-15-02 - log.py - log - log_response - 225 - WARNING - Bad Request: /api/assignable_test_list
2022-05-13-09-15-02 - tests.py - tests - validate - 69 - DEBUG - status code:400  message:unauthorized action
2022-05-13-09-15-02 - tests.py - tests - validate - 73 - INFO - OK
2022-05-13-09-15-02 - tests.py - tests - request - 79 - INFO - admin试图获取本人可做考试列表
2022-05-13-09-15-02 - tests.py - tests - request - 79 - INFO - admin login
2022-05-13-09-15-02 - tests.py - tests - get_response - 52 - DEBUG - posting url: /login
2022-05-13-09-15-02 - tests.py - tests - validate - 69 - DEBUG - status code:200  message:login successful
2022-05-13-09-15-02 - tests.py - tests - validate - 73 - INFO - OK
2022-05-13-09-15-02 - tests.py - tests - get_response - 56 - DEBUG - getting url: /my_test_list
2022-05-13-09-15-02 - log.py - log - log_response - 225 - WARNING - Bad Request: /api/my_test_list
2022-05-13-09-15-02 - tests.py - tests - validate - 69 - DEBUG - status code:400  message:unauthorized action
2022-05-13-09-15-02 - tests.py - tests - validate - 73 - INFO - OK
2022-05-13-09-15-02 - tests.py - tests - request - 79 - INFO - hrbp试图获取本人可做考试列表
2022-05-13-09-15-02 - tests.py - tests - request - 79 - INFO - HRBP login
2022-05-13-09-15-02 - tests.py - tests - get_response - 52 - DEBUG - posting url: /login
2022-05-13-09-15-02 - tests.py - tests - validate - 69 - DEBUG - status code:200  message:login successful
2022-05-13-09-15-02 - tests.py - tests - validate - 73 - INFO - OK
2022-05-13-09-15-02 - tests.py - tests - get_response - 56 - DEBUG - getting url: /my_test_list
2022-05-13-09-15-02 - log.py - log - log_response - 225 - WARNING - Bad Request: /api/my_test_list
2022-05-13-09-15-02 - tests.py - tests - validate - 69 - DEBUG - status code:400  message:unauthorized action
2022-05-13-09-15-02 - tests.py - tests - validate - 73 - INFO - OK
2022-05-13-09-15-02 - tests.py - tests - request - 79 - INFO - teacher获取本人可做考试列表
2022-05-13-09-15-02 - tests.py - tests - request - 79 - INFO - teacher login
2022-05-13-09-15-02 - tests.py - tests - get_response - 52 - DEBUG - posting url: /login
2022-05-13-09-15-02 - tests.py - tests - validate - 69 - DEBUG - status code:200  message:login successful
2022-05-13-09-15-02 - tests.py - tests - validate - 73 - INFO - OK
2022-05-13-09-15-02 - tests.py - tests - get_response - 56 - DEBUG - getting url: /my_test_list
2022-05-13-09-15-02 - tests.py - tests - validate - 69 - DEBUG - status code:200  message:my tests retrieved for teacher user teacher
2022-05-13-09-15-02 - tests.py - tests - validate - 73 - INFO - OK
2022-05-13-09-15-02 - tests.py - tests - request - 79 - INFO - newcomer获取本人可做考试列表
2022-05-13-09-15-02 - tests.py - tests - request - 79 - INFO - newcomer login
2022-05-13-09-15-02 - tests.py - tests - get_response - 52 - DEBUG - posting url: /login
2022-05-13-09-15-02 - tests.py - tests - validate - 69 - DEBUG - status code:200  message:login successful
2022-05-13-09-15-02 - tests.py - tests - validate - 73 - INFO - OK
2022-05-13-09-15-02 - tests.py - tests - get_response - 56 - DEBUG - getting url: /my_test_list
2022-05-13-09-15-02 - tests.py - tests - validate - 69 - DEBUG - status code:200  message:my tests retrieved for newcomer user newcomer
2022-05-13-09-15-02 - tests.py - tests - validate - 73 - INFO - OK
2022-05-13-09-15-02 - tests.py - tests - request - 79 - INFO - 开始考试（有效用户）
2022-05-13-09-15-02 - tests.py - tests - request - 79 - INFO - teacher login
2022-05-13-09-15-02 - tests.py - tests - get_response - 52 - DEBUG - posting url: /login
2022-05-13-09-15-02 - tests.py - tests - validate - 69 - DEBUG - status code:200  message:login successful
2022-05-13-09-15-02 - tests.py - tests - validate - 73 - INFO - OK
2022-05-13-09-15-02 - tests.py - tests - get_response - 52 - DEBUG - posting url: /begin_test
2022-05-13-09-15-02 - tests.py - tests - validate - 69 - DEBUG - status code:200  message:test for test p1t2 with id 2 started by teacher
2022-05-13-09-15-02 - tests.py - tests - validate - 73 - INFO - OK
2022-05-13-09-15-02 - tests.py - tests - request - 79 - INFO - 开始考试（无效用户）
2022-05-13-09-15-02 - tests.py - tests - request - 79 - INFO - newcomer login
2022-05-13-09-15-02 - tests.py - tests - get_response - 52 - DEBUG - posting url: /login
2022-05-13-09-15-02 - tests.py - tests - validate - 69 - DEBUG - status code:200  message:login successful
2022-05-13-09-15-02 - tests.py - tests - validate - 73 - INFO - OK
2022-05-13-09-15-02 - tests.py - tests - get_response - 52 - DEBUG - posting url: /begin_test
2022-05-13-09-15-02 - log.py - log - log_response - 225 - WARNING - Bad Request: /api/begin_test
2022-05-13-09-15-02 - tests.py - tests - validate - 69 - DEBUG - status code:400  message:requested item not found in database
2022-05-13-09-15-02 - tests.py - tests - validate - 73 - INFO - OK
2022-05-13-09-15-02 - tests.py - tests - request - 79 - INFO - 做题（有效答卷）
2022-05-13-09-15-02 - tests.py - tests - request - 79 - INFO - teacher login
2022-05-13-09-15-02 - tests.py - tests - get_response - 52 - DEBUG - posting url: /login
2022-05-13-09-15-02 - tests.py - tests - validate - 69 - DEBUG - status code:200  message:login successful
2022-05-13-09-15-02 - tests.py - tests - validate - 73 - INFO - OK
2022-05-13-09-15-02 - tests.py - tests - get_response - 52 - DEBUG - posting url: /upload_answers
2022-05-13-09-15-02 - tests.py - tests - validate - 69 - DEBUG - status code:200  message:Test paper successfully graded
2022-05-13-09-15-02 - tests.py - tests - validate - 73 - INFO - OK
2022-05-13-09-15-02 - tests.py - tests - request - 79 - INFO - 做题（无效答卷，答卷list长度不匹配）
2022-05-13-09-15-02 - tests.py - tests - request - 79 - INFO - teacher login
2022-05-13-09-15-02 - tests.py - tests - get_response - 52 - DEBUG - posting url: /login
2022-05-13-09-15-02 - tests.py - tests - validate - 69 - DEBUG - status code:200  message:login successful
2022-05-13-09-15-02 - tests.py - tests - validate - 73 - INFO - OK
2022-05-13-09-15-02 - tests.py - tests - get_response - 52 - DEBUG - posting url: /upload_answers
2022-05-13-09-15-02 - log.py - log - log_response - 225 - WARNING - Bad Request: /api/upload_answers
2022-05-13-09-15-02 - tests.py - tests - validate - 69 - DEBUG - status code:400  message:Answer sheet does not match exam
2022-05-13-09-15-02 - tests.py - tests - validate - 73 - INFO - OK
2022-05-13-09-15-02 - tests.py - tests - request - 79 - INFO - 做题（无效答卷，testID并非一个test的contentID）
2022-05-13-09-15-02 - tests.py - tests - request - 79 - INFO - teacher login
2022-05-13-09-15-02 - tests.py - tests - get_response - 52 - DEBUG - posting url: /login
2022-05-13-09-15-02 - tests.py - tests - validate - 69 - DEBUG - status code:200  message:login successful
2022-05-13-09-15-02 - tests.py - tests - validate - 73 - INFO - OK
2022-05-13-09-15-02 - tests.py - tests - get_response - 52 - DEBUG - posting url: /upload_answers
2022-05-13-09-15-02 - log.py - log - log_response - 225 - WARNING - Bad Request: /api/upload_answers
2022-05-13-09-15-02 - tests.py - tests - validate - 69 - DEBUG - status code:400  message:requested item not found in database
2022-05-13-09-15-02 - tests.py - tests - validate - 73 - INFO - OK
2022-05-13-09-15-02 - tests.py - tests - request - 79 - INFO - 做题（无效答卷，该用户没有此项考试）
2022-05-13-09-15-02 - tests.py - tests - request - 79 - INFO - newcomer login
2022-05-13-09-15-02 - tests.py - tests - get_response - 52 - DEBUG - posting url: /login
2022-05-13-09-15-02 - tests.py - tests - validate - 69 - DEBUG - status code:200  message:login successful
2022-05-13-09-15-02 - tests.py - tests - validate - 73 - INFO - OK
2022-05-13-09-15-02 - tests.py - tests - get_response - 52 - DEBUG - posting url: /upload_answers
2022-05-13-09-15-02 - log.py - log - log_response - 225 - WARNING - Bad Request: /api/upload_answers
2022-05-13-09-15-02 - tests.py - tests - validate - 69 - DEBUG - status code:400  message:requested item not found in database
2022-05-13-09-15-02 - tests.py - tests - validate - 73 - INFO - OK
2022-05-13-09-15-02 - tests.py - tests - request - 79 - INFO - admin获取本人可分配课程列表
2022-05-13-09-15-02 - tests.py - tests - request - 79 - INFO - admin login
2022-05-13-09-15-02 - tests.py - tests - get_response - 52 - DEBUG - posting url: /login
2022-05-13-09-15-02 - tests.py - tests - validate - 69 - DEBUG - status code:200  message:login successful
2022-05-13-09-15-02 - tests.py - tests - validate - 73 - INFO - OK
2022-05-13-09-15-02 - tests.py - tests - get_response - 56 - DEBUG - getting url: /assignable_course_list
2022-05-13-09-15-02 - tests.py - tests - validate - 69 - DEBUG - status code:200  message:assignable courses retrieved for admin user admin
2022-05-13-09-15-02 - tests.py - tests - validate - 73 - INFO - OK
2022-05-13-09-15-02 - tests.py - tests - request - 79 - INFO - hrbp获取本人可分配课程列表
2022-05-13-09-15-02 - tests.py - tests - request - 79 - INFO - HRBP login
2022-05-13-09-15-02 - tests.py - tests - get_response - 52 - DEBUG - posting url: /login
2022-05-13-09-15-02 - tests.py - tests - validate - 69 - DEBUG - status code:200  message:login successful
2022-05-13-09-15-02 - tests.py - tests - validate - 73 - INFO - OK
2022-05-13-09-15-02 - tests.py - tests - get_response - 56 - DEBUG - getting url: /assignable_course_list
2022-05-13-09-15-02 - tests.py - tests - validate - 69 - DEBUG - status code:200  message:assignable courses retrieved for HRBP user HRBP
2022-05-13-09-15-02 - tests.py - tests - validate - 73 - INFO - OK
2022-05-13-09-15-02 - tests.py - tests - request - 79 - INFO - teacher获取本人可分配课程列表
2022-05-13-09-15-02 - tests.py - tests - request - 79 - INFO - teacher login
2022-05-13-09-15-02 - tests.py - tests - get_response - 52 - DEBUG - posting url: /login
2022-05-13-09-15-02 - tests.py - tests - validate - 69 - DEBUG - status code:200  message:login successful
2022-05-13-09-15-02 - tests.py - tests - validate - 73 - INFO - OK
2022-05-13-09-15-02 - tests.py - tests - get_response - 56 - DEBUG - getting url: /assignable_course_list
2022-05-13-09-15-02 - tests.py - tests - validate - 69 - DEBUG - status code:200  message:assignable courses retrieved for teacher user teacher
2022-05-13-09-15-02 - tests.py - tests - validate - 73 - INFO - OK
2022-05-13-09-15-02 - tests.py - tests - request - 79 - INFO - newcomer试图获取本人可分配课程列表
2022-05-13-09-15-02 - tests.py - tests - request - 79 - INFO - newcomer login
2022-05-13-09-15-02 - tests.py - tests - get_response - 52 - DEBUG - posting url: /login
2022-05-13-09-15-02 - tests.py - tests - validate - 69 - DEBUG - status code:200  message:login successful
2022-05-13-09-15-02 - tests.py - tests - validate - 73 - INFO - OK
2022-05-13-09-15-02 - tests.py - tests - get_response - 56 - DEBUG - getting url: /assignable_course_list
2022-05-13-09-15-02 - log.py - log - log_response - 225 - WARNING - Bad Request: /api/assignable_course_list
2022-05-13-09-15-02 - tests.py - tests - validate - 69 - DEBUG - status code:400  message:unauthorized action
2022-05-13-09-15-02 - tests.py - tests - validate - 73 - INFO - OK
2022-05-13-09-15-02 - tests.py - tests - request - 79 - INFO - admin试图获取本人可做课程列表
2022-05-13-09-15-02 - tests.py - tests - request - 79 - INFO - admin login
2022-05-13-09-15-02 - tests.py - tests - get_response - 52 - DEBUG - posting url: /login
2022-05-13-09-15-02 - tests.py - tests - validate - 69 - DEBUG - status code:200  message:login successful
2022-05-13-09-15-02 - tests.py - tests - validate - 73 - INFO - OK
2022-05-13-09-15-02 - tests.py - tests - get_response - 56 - DEBUG - getting url: /my_course_list
2022-05-13-09-15-02 - log.py - log - log_response - 225 - WARNING - Bad Request: /api/my_course_list
2022-05-13-09-15-02 - tests.py - tests - validate - 69 - DEBUG - status code:400  message:unauthorized action
2022-05-13-09-15-02 - tests.py - tests - validate - 73 - INFO - OK
2022-05-13-09-15-02 - tests.py - tests - request - 79 - INFO - hrbp试图获取本人可做课程列表
2022-05-13-09-15-02 - tests.py - tests - request - 79 - INFO - HRBP login
2022-05-13-09-15-02 - tests.py - tests - get_response - 52 - DEBUG - posting url: /login
2022-05-13-09-15-02 - tests.py - tests - validate - 69 - DEBUG - status code:200  message:login successful
2022-05-13-09-15-02 - tests.py - tests - validate - 73 - INFO - OK
2022-05-13-09-15-02 - tests.py - tests - get_response - 56 - DEBUG - getting url: /my_course_list
2022-05-13-09-15-02 - log.py - log - log_response - 225 - WARNING - Bad Request: /api/my_course_list
2022-05-13-09-15-02 - tests.py - tests - validate - 69 - DEBUG - status code:400  message:unauthorized action
2022-05-13-09-15-02 - tests.py - tests - validate - 73 - INFO - OK
2022-05-13-09-15-02 - tests.py - tests - request - 79 - INFO - teacher获取本人可做课程列表
2022-05-13-09-15-02 - tests.py - tests - request - 79 - INFO - teacher login
2022-05-13-09-15-02 - tests.py - tests - get_response - 52 - DEBUG - posting url: /login
2022-05-13-09-15-02 - tests.py - tests - validate - 69 - DEBUG - status code:200  message:login successful
2022-05-13-09-15-02 - tests.py - tests - validate - 73 - INFO - OK
2022-05-13-09-15-02 - tests.py - tests - get_response - 56 - DEBUG - getting url: /my_course_list
2022-05-13-09-15-02 - tests.py - tests - validate - 69 - DEBUG - status code:200  message:my courses retrieved for teacher user teacher
2022-05-13-09-15-02 - tests.py - tests - validate - 73 - INFO - OK
2022-05-13-09-15-02 - tests.py - tests - request - 79 - INFO - newcomer获取本人可做课程列表
2022-05-13-09-15-02 - tests.py - tests - request - 79 - INFO - newcomer login
2022-05-13-09-15-02 - tests.py - tests - get_response - 52 - DEBUG - posting url: /login
2022-05-13-09-15-02 - tests.py - tests - validate - 69 - DEBUG - status code:200  message:login successful
2022-05-13-09-15-02 - tests.py - tests - validate - 73 - INFO - OK
2022-05-13-09-15-02 - tests.py - tests - get_response - 56 - DEBUG - getting url: /my_course_list
2022-05-13-09-15-02 - tests.py - tests - validate - 69 - DEBUG - status code:200  message:my courses retrieved for newcomer user newcomer
2022-05-13-09-15-02 - tests.py - tests - validate - 73 - INFO - OK
2022-05-13-09-15-02 - tests.py - tests - request - 79 - INFO - admin获取本人可分配课程列表
2022-05-13-09-15-02 - tests.py - tests - request - 79 - INFO - admin login
2022-05-13-09-15-02 - tests.py - tests - get_response - 52 - DEBUG - posting url: /login
2022-05-13-09-15-02 - tests.py - tests - validate - 69 - DEBUG - status code:200  message:login successful
2022-05-13-09-15-02 - tests.py - tests - validate - 73 - INFO - OK
2022-05-13-09-15-02 - tests.py - tests - get_response - 56 - DEBUG - getting url: /assignable_task_list
2022-05-13-09-15-02 - tests.py - tests - validate - 69 - DEBUG - status code:200  message:assignable tasks retrieved for admin user admin
2022-05-13-09-15-02 - tests.py - tests - validate - 73 - INFO - OK
2022-05-13-09-15-02 - tests.py - tests - request - 79 - INFO - hrbp获取本人可分配任务列表
2022-05-13-09-15-02 - tests.py - tests - request - 79 - INFO - HRBP login
2022-05-13-09-15-02 - tests.py - tests - get_response - 52 - DEBUG - posting url: /login
2022-05-13-09-15-02 - tests.py - tests - validate - 69 - DEBUG - status code:200  message:login successful
2022-05-13-09-15-02 - tests.py - tests - validate - 73 - INFO - OK
2022-05-13-09-15-02 - tests.py - tests - get_response - 56 - DEBUG - getting url: /assignable_task_list
2022-05-13-09-15-02 - tests.py - tests - validate - 69 - DEBUG - status code:200  message:assignable tasks retrieved for HRBP user HRBP
2022-05-13-09-15-02 - tests.py - tests - validate - 73 - INFO - OK
2022-05-13-09-15-02 - tests.py - tests - request - 79 - INFO - teacher获取本人可分配任务列表
2022-05-13-09-15-02 - tests.py - tests - request - 79 - INFO - teacher login
2022-05-13-09-15-02 - tests.py - tests - get_response - 52 - DEBUG - posting url: /login
2022-05-13-09-15-02 - tests.py - tests - validate - 69 - DEBUG - status code:200  message:login successful
2022-05-13-09-15-02 - tests.py - tests - validate - 73 - INFO - OK
2022-05-13-09-15-02 - tests.py - tests - get_response - 56 - DEBUG - getting url: /assignable_task_list
2022-05-13-09-15-02 - tests.py - tests - validate - 69 - DEBUG - status code:200  message:assignable tasks retrieved for teacher user teacher
2022-05-13-09-15-02 - tests.py - tests - validate - 73 - INFO - OK
2022-05-13-09-15-02 - tests.py - tests - request - 79 - INFO - newcomer试图获取本人可分配任务列表
2022-05-13-09-15-02 - tests.py - tests - request - 79 - INFO - newcomer login
2022-05-13-09-15-02 - tests.py - tests - get_response - 52 - DEBUG - posting url: /login
2022-05-13-09-15-02 - tests.py - tests - validate - 69 - DEBUG - status code:200  message:login successful
2022-05-13-09-15-02 - tests.py - tests - validate - 73 - INFO - OK
2022-05-13-09-15-02 - tests.py - tests - get_response - 56 - DEBUG - getting url: /assignable_task_list
2022-05-13-09-15-02 - log.py - log - log_response - 225 - WARNING - Bad Request: /api/assignable_task_list
2022-05-13-09-15-02 - tests.py - tests - validate - 69 - DEBUG - status code:400  message:unauthorized action
2022-05-13-09-15-02 - tests.py - tests - validate - 73 - INFO - OK
2022-05-13-09-15-02 - tests.py - tests - request - 79 - INFO - admin试图获取本人可做任务列表
2022-05-13-09-15-02 - tests.py - tests - request - 79 - INFO - admin login
2022-05-13-09-15-02 - tests.py - tests - get_response - 52 - DEBUG - posting url: /login
2022-05-13-09-15-02 - tests.py - tests - validate - 69 - DEBUG - status code:200  message:login successful
2022-05-13-09-15-02 - tests.py - tests - validate - 73 - INFO - OK
2022-05-13-09-15-02 - tests.py - tests - get_response - 56 - DEBUG - getting url: /my_task_list
2022-05-13-09-15-02 - log.py - log - log_response - 225 - WARNING - Bad Request: /api/my_task_list
2022-05-13-09-15-02 - tests.py - tests - validate - 69 - DEBUG - status code:400  message:unauthorized action
2022-05-13-09-15-02 - tests.py - tests - validate - 73 - INFO - OK
2022-05-13-09-15-02 - tests.py - tests - request - 79 - INFO - hrbp试图获取本人可做任务列表
2022-05-13-09-15-02 - tests.py - tests - request - 79 - INFO - HRBP login
2022-05-13-09-15-02 - tests.py - tests - get_response - 52 - DEBUG - posting url: /login
2022-05-13-09-15-02 - tests.py - tests - validate - 69 - DEBUG - status code:200  message:login successful
2022-05-13-09-15-02 - tests.py - tests - validate - 73 - INFO - OK
2022-05-13-09-15-02 - tests.py - tests - get_response - 56 - DEBUG - getting url: /my_task_list
2022-05-13-09-15-02 - log.py - log - log_response - 225 - WARNING - Bad Request: /api/my_task_list
2022-05-13-09-15-02 - tests.py - tests - validate - 69 - DEBUG - status code:400  message:unauthorized action
2022-05-13-09-15-02 - tests.py - tests - validate - 73 - INFO - OK
2022-05-13-09-15-02 - tests.py - tests - request - 79 - INFO - teacher获取本人可做任务列表
2022-05-13-09-15-02 - tests.py - tests - request - 79 - INFO - teacher login
2022-05-13-09-15-02 - tests.py - tests - get_response - 52 - DEBUG - posting url: /login
2022-05-13-09-15-02 - tests.py - tests - validate - 69 - DEBUG - status code:200  message:login successful
2022-05-13-09-15-02 - tests.py - tests - validate - 73 - INFO - OK
2022-05-13-09-15-02 - tests.py - tests - get_response - 56 - DEBUG - getting url: /my_task_list
2022-05-13-09-15-02 - tests.py - tests - validate - 69 - DEBUG - status code:200  message:my tasks retrieved for teacher user teacher
2022-05-13-09-15-02 - tests.py - tests - validate - 73 - INFO - OK
2022-05-13-09-15-02 - tests.py - tests - request - 79 - INFO - newcomer获取本人可做任务列表
2022-05-13-09-15-02 - tests.py - tests - request - 79 - INFO - newcomer login
2022-05-13-09-15-02 - tests.py - tests - get_response - 52 - DEBUG - posting url: /login
2022-05-13-09-15-02 - tests.py - tests - validate - 69 - DEBUG - status code:200  message:login successful
2022-05-13-09-15-02 - tests.py - tests - validate - 73 - INFO - OK
2022-05-13-09-15-02 - tests.py - tests - get_response - 56 - DEBUG - getting url: /my_task_list
2022-05-13-09-15-02 - tests.py - tests - validate - 69 - DEBUG - status code:200  message:my tasks retrieved for newcomer user newcomer
2022-05-13-09-15-02 - tests.py - tests - validate - 73 - INFO - OK
2022-05-13-09-15-02 - tests.py - tests - request - 79 - INFO - newcomer完成本人任务
2022-05-13-09-15-02 - tests.py - tests - request - 79 - INFO - newcomer login
2022-05-13-09-15-02 - tests.py - tests - get_response - 52 - DEBUG - posting url: /login
2022-05-13-09-15-02 - tests.py - tests - validate - 69 - DEBUG - status code:200  message:login successful
2022-05-13-09-15-02 - tests.py - tests - validate - 73 - INFO - OK
2022-05-13-09-15-02 - tests.py - tests - get_response - 52 - DEBUG - posting url: /finish_task
2022-05-13-09-15-02 - tests.py - tests - validate - 69 - DEBUG - status code:200  message:user newcomer marked task p2t1 with id 3 as finished
2022-05-13-09-15-02 - tests.py - tests - validate - 73 - INFO - OK
2022-05-13-09-15-02 - tests.py - tests - request - 79 - INFO - newcomer试图完成别人的任务
2022-05-13-09-15-02 - tests.py - tests - request - 79 - INFO - newcomer login
2022-05-13-09-15-02 - tests.py - tests - get_response - 52 - DEBUG - posting url: /login
2022-05-13-09-15-02 - tests.py - tests - validate - 69 - DEBUG - status code:200  message:login successful
2022-05-13-09-15-02 - tests.py - tests - validate - 73 - INFO - OK
2022-05-13-09-15-02 - tests.py - tests - get_response - 52 - DEBUG - posting url: /finish_task
2022-05-13-09-15-02 - log.py - log - log_response - 225 - WARNING - Bad Request: /api/finish_task
2022-05-13-09-15-02 - tests.py - tests - validate - 69 - DEBUG - status code:400  message:requested item not found in database
2022-05-13-09-15-02 - tests.py - tests - validate - 73 - INFO - OK
2022-05-13-09-15-02 - tests.py - tests - request - 79 - INFO - admin试图完成任务
2022-05-13-09-15-02 - tests.py - tests - request - 79 - INFO - admin login
2022-05-13-09-15-02 - tests.py - tests - get_response - 52 - DEBUG - posting url: /login
2022-05-13-09-15-02 - tests.py - tests - validate - 69 - DEBUG - status code:200  message:login successful
2022-05-13-09-15-02 - tests.py - tests - validate - 73 - INFO - OK
2022-05-13-09-15-02 - tests.py - tests - get_response - 52 - DEBUG - posting url: /finish_task
2022-05-13-09-15-02 - log.py - log - log_response - 225 - WARNING - Bad Request: /api/finish_task
2022-05-13-09-15-02 - tests.py - tests - validate - 69 - DEBUG - status code:400  message:unauthorized action
2022-05-13-09-15-02 - tests.py - tests - validate - 73 - INFO - OK
2022-05-13-09-15-02 - tests.py - tests - request - 79 - INFO - 初始化数据
2022-05-13-09-15-02 - tests.py - tests - get_response - 52 - DEBUG - posting url: /write_db
2022-05-13-09-15-03 - tests.py - tests - validate - 69 - DEBUG - status code:200  message:succefully write in
2022-05-13-09-15-03 - tests.py - tests - validate - 73 - INFO - OK
2022-05-13-09-15-03 - tests.py - tests - request - 79 - INFO - 查看content完成情况
2022-05-13-09-15-03 - tests.py - tests - request - 79 - INFO - admin login
2022-05-13-09-15-03 - tests.py - tests - get_response - 52 - DEBUG - posting url: /login
2022-05-13-09-15-03 - tests.py - tests - validate - 69 - DEBUG - status code:200  message:login successful
2022-05-13-09-15-03 - tests.py - tests - validate - 73 - INFO - OK
2022-05-13-09-15-03 - tests.py - tests - get_response - 52 - DEBUG - posting url: /content_progress
2022-05-13-09-15-03 - tests.py - tests - validate - 69 - DEBUG - status code:200  message:user-content info retrieved
2022-05-13-09-15-03 - tests.py - tests - validate - 73 - INFO - OK
2022-05-13-09-15-03 - tests.py - tests - request - 79 - INFO - 查看content完成情况-方法错误
2022-05-13-09-15-03 - tests.py - tests - request - 79 - INFO - admin login
2022-05-13-09-15-03 - tests.py - tests - get_response - 52 - DEBUG - posting url: /login
2022-05-13-09-15-03 - tests.py - tests - validate - 69 - DEBUG - status code:200  message:login successful
2022-05-13-09-15-03 - tests.py - tests - validate - 73 - INFO - OK
2022-05-13-09-15-03 - tests.py - tests - get_response - 56 - DEBUG - getting url: /content_progress
2022-05-13-09-15-03 - log.py - log - log_response - 225 - WARNING - Bad Request: /api/content_progress
2022-05-13-09-15-03 - tests.py - tests - validate - 69 - DEBUG - status code:400  message:invalid method
2022-05-13-09-15-03 - tests.py - tests - validate - 73 - INFO - OK
2022-05-13-09-15-03 - tests.py - tests - request - 79 - INFO - 查看content完成情况-action错误
2022-05-13-09-15-03 - tests.py - tests - request - 79 - INFO - admin login
2022-05-13-09-15-03 - tests.py - tests - get_response - 52 - DEBUG - posting url: /login
2022-05-13-09-15-03 - tests.py - tests - validate - 69 - DEBUG - status code:200  message:login successful
2022-05-13-09-15-03 - tests.py - tests - validate - 73 - INFO - OK
2022-05-13-09-15-03 - tests.py - tests - get_response - 56 - DEBUG - getting url: /content_progress
2022-05-13-09-15-03 - log.py - log - log_response - 225 - WARNING - Bad Request: /api/content_progress
2022-05-13-09-15-03 - tests.py - tests - validate - 69 - DEBUG - status code:400  message:invalid method
2022-05-13-09-15-03 - tests.py - tests - validate - 73 - INFO - OK
2022-05-13-09-15-03 - tests.py - tests - request - 79 - INFO - 初始化数据
2022-05-13-09-15-03 - tests.py - tests - get_response - 52 - DEBUG - posting url: /write_db
2022-05-13-09-15-03 - tests.py - tests - validate - 69 - DEBUG - status code:200  message:succefully write in
2022-05-13-09-15-03 - tests.py - tests - validate - 73 - INFO - OK
2022-05-13-09-15-03 - tests.py - tests - request - 79 - INFO - admin,HRBP在岗导师列表
2022-05-13-09-15-03 - tests.py - tests - request - 79 - INFO - admin login
2022-05-13-09-15-03 - tests.py - tests - get_response - 52 - DEBUG - posting url: /login
2022-05-13-09-15-03 - tests.py - tests - validate - 69 - DEBUG - status code:200  message:login successful
2022-05-13-09-15-03 - tests.py - tests - validate - 73 - INFO - OK
2022-05-13-09-15-03 - tests.py - tests - get_response - 56 - DEBUG - getting url: /duty_teacher_list
2022-05-13-09-15-03 - tests.py - tests - validate - 69 - DEBUG - status code:200  message:send 22 data
2022-05-13-09-15-03 - tests.py - tests - validate - 73 - INFO - OK
2022-05-13-09-15-03 - tests.py - tests - request - 79 - INFO - HRBP login
2022-05-13-09-15-03 - tests.py - tests - get_response - 52 - DEBUG - posting url: /login
2022-05-13-09-15-03 - tests.py - tests - validate - 69 - DEBUG - status code:200  message:login successful
2022-05-13-09-15-03 - tests.py - tests - validate - 73 - INFO - OK
2022-05-13-09-15-03 - tests.py - tests - get_response - 56 - DEBUG - getting url: /duty_teacher_list
2022-05-13-09-15-03 - tests.py - tests - validate - 69 - DEBUG - status code:200  message:send 22 data
2022-05-13-09-15-03 - tests.py - tests - validate - 73 - INFO - OK
2022-05-13-09-15-03 - tests.py - tests - request - 79 - INFO - 其他获取候选导师列表
2022-05-13-09-15-03 - tests.py - tests - request - 79 - INFO - teacher login
2022-05-13-09-15-03 - tests.py - tests - get_response - 52 - DEBUG - posting url: /login
2022-05-13-09-15-03 - tests.py - tests - validate - 69 - DEBUG - status code:200  message:login successful
2022-05-13-09-15-03 - tests.py - tests - validate - 73 - INFO - OK
2022-05-13-09-15-03 - tests.py - tests - get_response - 56 - DEBUG - getting url: /duty_teacher_list
2022-05-13-09-15-03 - log.py - log - log_response - 225 - WARNING - Bad Request: /api/duty_teacher_list
2022-05-13-09-15-03 - tests.py - tests - validate - 69 - DEBUG - status code:400  message:no permission
2022-05-13-09-15-03 - tests.py - tests - validate - 73 - INFO - OK
2022-05-13-09-15-03 - tests.py - tests - request - 79 - INFO - newcomer login
2022-05-13-09-15-03 - tests.py - tests - get_response - 52 - DEBUG - posting url: /login
2022-05-13-09-15-03 - tests.py - tests - validate - 69 - DEBUG - status code:200  message:login successful
2022-05-13-09-15-03 - tests.py - tests - validate - 73 - INFO - OK
2022-05-13-09-15-03 - tests.py - tests - get_response - 56 - DEBUG - getting url: /duty_teacher_list
2022-05-13-09-15-03 - log.py - log - log_response - 225 - WARNING - Bad Request: /api/duty_teacher_list
2022-05-13-09-15-03 - tests.py - tests - validate - 69 - DEBUG - status code:400  message:no permission
2022-05-13-09-15-03 - tests.py - tests - validate - 73 - INFO - OK
2022-05-13-09-15-03 - tests.py - tests - request - 79 - INFO - 方法错误
2022-05-13-09-15-03 - tests.py - tests - request - 79 - INFO - admin login
2022-05-13-09-15-03 - tests.py - tests - get_response - 52 - DEBUG - posting url: /login
2022-05-13-09-15-03 - tests.py - tests - validate - 69 - DEBUG - status code:200  message:login successful
2022-05-13-09-15-03 - tests.py - tests - validate - 73 - INFO - OK
2022-05-13-09-15-03 - tests.py - tests - get_response - 52 - DEBUG - posting url: /duty_teacher_list
2022-05-13-09-15-03 - log.py - log - log_response - 225 - WARNING - Bad Request: /api/duty_teacher_list
2022-05-13-09-15-03 - tests.py - tests - validate - 69 - DEBUG - status code:400  message:invalid method
2022-05-13-09-15-03 - tests.py - tests - validate - 73 - INFO - OK
2022-05-13-09-15-03 - tests.py - tests - request - 79 - INFO - 初始化数据
2022-05-13-09-15-03 - tests.py - tests - get_response - 52 - DEBUG - posting url: /write_db
2022-05-13-09-15-04 - tests.py - tests - validate - 69 - DEBUG - status code:200  message:succefully write in
2022-05-13-09-15-04 - tests.py - tests - validate - 73 - INFO - OK
2022-05-13-09-15-04 - tests.py - tests - request - 79 - INFO - 新人结束所有课程
2022-05-13-09-15-04 - tests.py - tests - request - 79 - INFO - finishnewcomer login
2022-05-13-09-15-04 - tests.py - tests - get_response - 52 - DEBUG - posting url: /login
2022-05-13-09-15-04 - tests.py - tests - validate - 69 - DEBUG - status code:200  message:login successful
2022-05-13-09-15-04 - tests.py - tests - validate - 73 - INFO - OK
2022-05-13-09-15-04 - tests.py - tests - get_response - 52 - DEBUG - posting url: /finish_all_lesson
2022-05-13-09-15-04 - api_util.py - api_util - check_graduated_newcomer - 156 - WARNING - newcomr total1, finished1
2022-05-13-09-15-04 - api_util.py - api_util - check_graduated_newcomer - 176 - WARNING - newcomer graduated
2022-05-13-09-15-04 - tests.py - tests - validate - 69 - DEBUG - status code:200  message:temp use
2022-05-13-09-15-04 - tests.py - tests - validate - 73 - INFO - OK
2022-05-13-09-15-04 - tests.py - tests - request - 79 - INFO - 导师结束所有课程
2022-05-13-09-15-04 - tests.py - tests - request - 79 - INFO - finishteacher login
2022-05-13-09-15-04 - tests.py - tests - get_response - 52 - DEBUG - posting url: /login
2022-05-13-09-15-04 - tests.py - tests - validate - 69 - DEBUG - status code:200  message:login successful
2022-05-13-09-15-04 - tests.py - tests - validate - 73 - INFO - OK
2022-05-13-09-15-04 - tests.py - tests - get_response - 52 - DEBUG - posting url: /finish_all_lesson
2022-05-13-09-15-04 - api_util.py - api_util - check_graduated_teacher - 117 - WARNING - checking teacher graduatefinishteacher
2022-05-13-09-15-04 - api_util.py - api_util - check_graduated_teacher - 124 - WARNING - teacher total1, finished1
2022-05-13-09-15-04 - api_util.py - api_util - check_graduated_teacher - 131 - WARNING - teacher graduated
2022-05-13-09-15-04 - tests.py - tests - validate - 69 - DEBUG - status code:200  message:temp use
2022-05-13-09-15-04 - tests.py - tests - validate - 73 - INFO - OK
2022-05-13-09-15-04 - tests.py - tests - request - 79 - INFO - 新人结束所有课程-方法错误
2022-05-13-09-15-04 - tests.py - tests - request - 79 - INFO - finishnewcomer login
2022-05-13-09-15-04 - tests.py - tests - get_response - 52 - DEBUG - posting url: /login
2022-05-13-09-15-04 - tests.py - tests - validate - 69 - DEBUG - status code:200  message:login successful
2022-05-13-09-15-04 - tests.py - tests - validate - 73 - INFO - OK
2022-05-13-09-15-04 - tests.py - tests - get_response - 56 - DEBUG - getting url: /finish_all_lesson
2022-05-13-09-15-04 - log.py - log - log_response - 225 - WARNING - Bad Request: /api/finish_all_lesson
2022-05-13-09-15-04 - tests.py - tests - validate - 69 - DEBUG - status code:400  message:invalid method
2022-05-13-09-15-04 - tests.py - tests - validate - 73 - INFO - OK
2022-05-13-09-15-04 - tests.py - tests - request - 79 - INFO - 初始化数据
2022-05-13-09-15-04 - tests.py - tests - get_response - 52 - DEBUG - posting url: /write_db
2022-05-13-09-15-04 - tests.py - tests - validate - 69 - DEBUG - status code:200  message:succefully write in
2022-05-13-09-15-04 - tests.py - tests - validate - 73 - INFO - OK
2022-05-13-09-15-04 - tests.py - tests - request - 79 - INFO - 新人结束课程
2022-05-13-09-15-04 - tests.py - tests - request - 79 - INFO - finishnewcomer login
2022-05-13-09-15-04 - tests.py - tests - get_response - 52 - DEBUG - posting url: /login
2022-05-13-09-15-04 - tests.py - tests - validate - 69 - DEBUG - status code:200  message:login successful
2022-05-13-09-15-04 - tests.py - tests - validate - 73 - INFO - OK
2022-05-13-09-15-04 - tests.py - tests - get_response - 52 - DEBUG - posting url: /finish_lesson
2022-05-13-09-15-04 - status.py - status - finish_lesson - 417 - INFO - lesson 结束，课程紧跟着结束
2022-05-13-09-15-04 - api_util.py - api_util - check_graduated_newcomer - 156 - WARNING - newcomr total1, finished1
2022-05-13-09-15-04 - api_util.py - api_util - check_graduated_newcomer - 176 - WARNING - newcomer graduated
2022-05-13-09-15-04 - tests.py - tests - validate - 69 - DEBUG - status code:200  message:success finish
2022-05-13-09-15-04 - tests.py - tests - validate - 73 - INFO - OK
2022-05-13-09-15-04 - tests.py - tests - request - 79 - INFO - 新人结束课程-方法错误
2022-05-13-09-15-04 - tests.py - tests - request - 79 - INFO - finishnewcomer login
2022-05-13-09-15-04 - tests.py - tests - get_response - 52 - DEBUG - posting url: /login
2022-05-13-09-15-04 - tests.py - tests - validate - 69 - DEBUG - status code:200  message:login successful
2022-05-13-09-15-04 - tests.py - tests - validate - 73 - INFO - OK
2022-05-13-09-15-04 - tests.py - tests - get_response - 56 - DEBUG - getting url: /finish_lesson
2022-05-13-09-15-04 - log.py - log - log_response - 225 - WARNING - Bad Request: /api/finish_lesson
2022-05-13-09-15-04 - tests.py - tests - validate - 69 - DEBUG - status code:400  message:invalid method
2022-05-13-09-15-04 - tests.py - tests - validate - 73 - INFO - OK
2022-05-13-09-15-04 - tests.py - tests - request - 79 - INFO - 新人结束课程-没有对应的lesson
2022-05-13-09-15-04 - tests.py - tests - request - 79 - INFO - newcomer login
2022-05-13-09-15-04 - tests.py - tests - get_response - 52 - DEBUG - posting url: /login
2022-05-13-09-15-04 - tests.py - tests - validate - 69 - DEBUG - status code:200  message:login successful
2022-05-13-09-15-04 - tests.py - tests - validate - 73 - INFO - OK
2022-05-13-09-15-04 - tests.py - tests - get_response - 52 - DEBUG - posting url: /finish_lesson
2022-05-13-09-15-04 - log.py - log - log_response - 225 - WARNING - Bad Request: /api/finish_lesson
2022-05-13-09-15-04 - tests.py - tests - validate - 69 - DEBUG - status code:400  message:lesson not found
2022-05-13-09-15-04 - tests.py - tests - validate - 73 - INFO - OK
2022-05-13-09-15-04 - tests.py - tests - request - 79 - INFO - 新人结束课程-查无此人
2022-05-13-09-15-04 - tests.py - tests - request - 79 - INFO - newcomer login
2022-05-13-09-15-04 - tests.py - tests - get_response - 52 - DEBUG - posting url: /login
2022-05-13-09-15-04 - tests.py - tests - validate - 69 - DEBUG - status code:200  message:login successful
2022-05-13-09-15-04 - tests.py - tests - validate - 73 - INFO - OK
2022-05-13-09-15-04 - tests.py - tests - get_response - 52 - DEBUG - posting url: /finish_lesson
2022-05-13-09-15-04 - log.py - log - log_response - 225 - WARNING - Bad Request: /api/finish_lesson
2022-05-13-09-15-04 - tests.py - tests - validate - 69 - DEBUG - status code:400  message:查无此人 user not found
2022-05-13-09-15-04 - tests.py - tests - validate - 73 - INFO - OK
2022-05-13-09-15-04 - tests.py - tests - request - 79 - INFO - 新人结束课程-不是自己的课
2022-05-13-09-15-04 - tests.py - tests - request - 79 - INFO - newcomer login
2022-05-13-09-15-04 - tests.py - tests - get_response - 52 - DEBUG - posting url: /login
2022-05-13-09-15-04 - tests.py - tests - validate - 69 - DEBUG - status code:200  message:login successful
2022-05-13-09-15-04 - tests.py - tests - validate - 73 - INFO - OK
2022-05-13-09-15-04 - tests.py - tests - get_response - 52 - DEBUG - posting url: /finish_lesson
2022-05-13-09-15-04 - log.py - log - log_response - 225 - WARNING - Bad Request: /api/finish_lesson
2022-05-13-09-15-04 - tests.py - tests - validate - 69 - DEBUG - status code:400  message:relation between user and lesson not found
2022-05-13-09-15-04 - tests.py - tests - validate - 73 - INFO - OK
2022-05-13-09-15-04 - tests.py - tests - request - 79 - INFO - 初始化数据
2022-05-13-09-15-04 - tests.py - tests - get_response - 52 - DEBUG - posting url: /write_db
2022-05-13-09-15-05 - tests.py - tests - validate - 69 - DEBUG - status code:200  message:succefully write in
2022-05-13-09-15-05 - tests.py - tests - validate - 73 - INFO - OK
2022-05-13-09-15-05 - tests.py - tests - request - 79 - INFO - 获取当前使用的身份
2022-05-13-09-15-05 - tests.py - tests - request - 79 - INFO - newcomer login
2022-05-13-09-15-05 - tests.py - tests - get_response - 52 - DEBUG - posting url: /login
2022-05-13-09-15-05 - tests.py - tests - validate - 69 - DEBUG - status code:200  message:login successful
2022-05-13-09-15-05 - tests.py - tests - validate - 73 - INFO - OK
2022-05-13-09-15-05 - tests.py - tests - get_response - 56 - DEBUG - getting url: /get_cur_role
2022-05-13-09-15-05 - tests.py - tests - validate - 69 - DEBUG - status code:200  message:success
2022-05-13-09-15-05 - tests.py - tests - validate - 73 - INFO - OK
2022-05-13-09-15-05 - tests.py - tests - request - 79 - INFO - 获取当前使用的身份-方法错误
2022-05-13-09-15-05 - tests.py - tests - request - 79 - INFO - newcomer login
2022-05-13-09-15-05 - tests.py - tests - get_response - 52 - DEBUG - posting url: /login
2022-05-13-09-15-05 - tests.py - tests - validate - 69 - DEBUG - status code:200  message:login successful
2022-05-13-09-15-05 - tests.py - tests - validate - 73 - INFO - OK
2022-05-13-09-15-05 - tests.py - tests - get_response - 52 - DEBUG - posting url: /get_cur_role
2022-05-13-09-15-05 - log.py - log - log_response - 225 - WARNING - Bad Request: /api/get_cur_role
2022-05-13-09-15-05 - tests.py - tests - validate - 69 - DEBUG - status code:400  message:illegal request type
2022-05-13-09-15-05 - tests.py - tests - validate - 73 - INFO - OK
2022-05-13-09-15-05 - tests.py - tests - request - 79 - INFO - 初始化数据
2022-05-13-09-15-05 - tests.py - tests - get_response - 52 - DEBUG - posting url: /write_db
2022-05-13-09-15-06 - tests.py - tests - validate - 69 - DEBUG - status code:200  message:succefully write in
2022-05-13-09-15-06 - tests.py - tests - validate - 73 - INFO - OK
2022-05-13-09-15-06 - tests.py - tests - request - 79 - INFO - 获取自己的荣誉
2022-05-13-09-15-06 - tests.py - tests - request - 79 - INFO - admin login
2022-05-13-09-15-06 - tests.py - tests - get_response - 52 - DEBUG - posting url: /login
2022-05-13-09-15-06 - tests.py - tests - validate - 69 - DEBUG - status code:200  message:login successful
2022-05-13-09-15-06 - tests.py - tests - validate - 73 - INFO - OK
2022-05-13-09-15-06 - tests.py - tests - get_response - 52 - DEBUG - posting url: /get_honor
2022-05-13-09-15-06 - tests.py - tests - validate - 69 - DEBUG - status code:200  message:succeed
2022-05-13-09-15-06 - tests.py - tests - validate - 73 - INFO - OK
2022-05-13-09-15-06 - tests.py - tests - request - 79 - INFO - 获取自己的荣誉-方法错误
2022-05-13-09-15-06 - tests.py - tests - request - 79 - INFO - teacher login
2022-05-13-09-15-06 - tests.py - tests - get_response - 52 - DEBUG - posting url: /login
2022-05-13-09-15-06 - tests.py - tests - validate - 69 - DEBUG - status code:200  message:login successful
2022-05-13-09-15-06 - tests.py - tests - validate - 73 - INFO - OK
2022-05-13-09-15-06 - tests.py - tests - get_response - 56 - DEBUG - getting url: /get_honor
2022-05-13-09-15-06 - log.py - log - log_response - 225 - WARNING - Bad Request: /api/get_honor
2022-05-13-09-15-06 - tests.py - tests - validate - 69 - DEBUG - status code:400  message:invalid method
2022-05-13-09-15-06 - tests.py - tests - validate - 73 - INFO - OK
2022-05-13-09-15-06 - tests.py - tests - request - 79 - INFO - 获取自己的荣誉-查无此人
2022-05-13-09-15-06 - tests.py - tests - request - 79 - INFO - teacher login
2022-05-13-09-15-06 - tests.py - tests - get_response - 52 - DEBUG - posting url: /login
2022-05-13-09-15-06 - tests.py - tests - validate - 69 - DEBUG - status code:200  message:login successful
2022-05-13-09-15-06 - tests.py - tests - validate - 73 - INFO - OK
2022-05-13-09-15-06 - tests.py - tests - get_response - 52 - DEBUG - posting url: /get_honor
2022-05-13-09-15-06 - log.py - log - log_response - 225 - WARNING - Bad Request: /api/get_honor
2022-05-13-09-15-06 - tests.py - tests - validate - 69 - DEBUG - status code:400  message:查无此人 user not found
2022-05-13-09-15-06 - tests.py - tests - validate - 73 - INFO - OK
2022-05-13-09-15-06 - tests.py - tests - request - 79 - INFO - 初始化数据
2022-05-13-09-15-06 - tests.py - tests - get_response - 52 - DEBUG - posting url: /write_db
2022-05-13-09-15-06 - tests.py - tests - validate - 69 - DEBUG - status code:200  message:succefully write in
2022-05-13-09-15-06 - tests.py - tests - validate - 73 - INFO - OK
2022-05-13-09-15-06 - tests.py - tests - request - 79 - INFO - 获取自己的评论
2022-05-13-09-15-06 - tests.py - tests - request - 79 - INFO - newcomer login
2022-05-13-09-15-06 - tests.py - tests - get_response - 52 - DEBUG - posting url: /login
2022-05-13-09-15-06 - tests.py - tests - validate - 69 - DEBUG - status code:200  message:login successful
2022-05-13-09-15-06 - tests.py - tests - validate - 73 - INFO - OK
2022-05-13-09-15-06 - tests.py - tests - get_response - 52 - DEBUG - posting url: /get_my_commit
2022-05-13-09-15-06 - tests.py - tests - validate - 69 - DEBUG - status code:200  message:succeed
2022-05-13-09-15-06 - tests.py - tests - validate - 73 - INFO - OK
2022-05-13-09-15-06 - tests.py - tests - request - 79 - INFO - 获取自己的评论-方法错误
2022-05-13-09-15-06 - tests.py - tests - request - 79 - INFO - newcomer login
2022-05-13-09-15-06 - tests.py - tests - get_response - 52 - DEBUG - posting url: /login
2022-05-13-09-15-06 - tests.py - tests - validate - 69 - DEBUG - status code:200  message:login successful
2022-05-13-09-15-06 - tests.py - tests - validate - 73 - INFO - OK
2022-05-13-09-15-06 - tests.py - tests - get_response - 56 - DEBUG - getting url: /get_my_commit
2022-05-13-09-15-06 - log.py - log - log_response - 225 - WARNING - Bad Request: /api/get_my_commit
2022-05-13-09-15-06 - tests.py - tests - validate - 69 - DEBUG - status code:400  message:invalid method
2022-05-13-09-15-06 - tests.py - tests - validate - 73 - INFO - OK
2022-05-13-09-15-06 - tests.py - tests - request - 79 - INFO - 老师获取自己的评论-方法错误
2022-05-13-09-15-06 - tests.py - tests - request - 79 - INFO - teacher login
2022-05-13-09-15-06 - tests.py - tests - get_response - 52 - DEBUG - posting url: /login
2022-05-13-09-15-06 - tests.py - tests - validate - 69 - DEBUG - status code:200  message:login successful
2022-05-13-09-15-06 - tests.py - tests - validate - 73 - INFO - OK
2022-05-13-09-15-06 - tests.py - tests - get_response - 52 - DEBUG - posting url: /get_my_commit
2022-05-13-09-15-06 - tests.py - tests - validate - 69 - DEBUG - status code:200  message:succeed
2022-05-13-09-15-06 - tests.py - tests - validate - 73 - INFO - OK
2022-05-13-09-15-06 - tests.py - tests - request - 79 - INFO - 初始化数据
2022-05-13-09-15-06 - tests.py - tests - get_response - 52 - DEBUG - posting url: /write_db
2022-05-13-09-15-07 - tests.py - tests - validate - 69 - DEBUG - status code:200  message:succefully write in
2022-05-13-09-15-07 - tests.py - tests - validate - 73 - INFO - OK
2022-05-13-09-15-07 - tests.py - tests - request - 79 - INFO - admin获取新人信息
2022-05-13-09-15-07 - tests.py - tests - request - 79 - INFO - admin login
2022-05-13-09-15-07 - tests.py - tests - get_response - 52 - DEBUG - posting url: /login
2022-05-13-09-15-07 - tests.py - tests - validate - 69 - DEBUG - status code:200  message:login successful
2022-05-13-09-15-07 - tests.py - tests - validate - 73 - INFO - OK
2022-05-13-09-15-07 - tests.py - tests - get_response - 52 - DEBUG - posting url: /newcomer_info
2022-05-13-09-15-07 - tests.py - tests - validate - 69 - DEBUG - status code:200  message:info for admin retrieved
2022-05-13-09-15-07 - tests.py - tests - validate - 73 - INFO - OK
2022-05-13-09-15-07 - tests.py - tests - request - 79 - INFO - teacher获取新人信息
2022-05-13-09-15-07 - tests.py - tests - request - 79 - INFO - teacher login
2022-05-13-09-15-07 - tests.py - tests - get_response - 52 - DEBUG - posting url: /login
2022-05-13-09-15-07 - tests.py - tests - validate - 69 - DEBUG - status code:200  message:login successful
2022-05-13-09-15-07 - tests.py - tests - validate - 73 - INFO - OK
2022-05-13-09-15-07 - tests.py - tests - get_response - 52 - DEBUG - posting url: /newcomer_info
2022-05-13-09-15-07 - tests.py - tests - validate - 69 - DEBUG - status code:200  message:info for admin retrieved
2022-05-13-09-15-07 - tests.py - tests - validate - 73 - INFO - OK
2022-05-13-09-15-07 - tests.py - tests - request - 79 - INFO - 用错误身份获取新人信息
2022-05-13-09-15-07 - tests.py - tests - request - 79 - INFO - newcomer login
2022-05-13-09-15-07 - tests.py - tests - get_response - 52 - DEBUG - posting url: /login
2022-05-13-09-15-07 - tests.py - tests - validate - 69 - DEBUG - status code:200  message:login successful
2022-05-13-09-15-07 - tests.py - tests - validate - 73 - INFO - OK
2022-05-13-09-15-07 - tests.py - tests - get_response - 52 - DEBUG - posting url: /newcomer_info
2022-05-13-09-15-07 - log.py - log - log_response - 225 - WARNING - Bad Request: /api/newcomer_info
2022-05-13-09-15-07 - tests.py - tests - validate - 69 - DEBUG - status code:400  message:unauthorized action
2022-05-13-09-15-07 - tests.py - tests - validate - 73 - INFO - OK
2022-05-13-09-15-07 - tests.py - tests - request - 79 - INFO - 获取不存在的新人信息
2022-05-13-09-15-07 - tests.py - tests - request - 79 - INFO - admin login
2022-05-13-09-15-07 - tests.py - tests - get_response - 52 - DEBUG - posting url: /login
2022-05-13-09-15-07 - tests.py - tests - validate - 69 - DEBUG - status code:200  message:login successful
2022-05-13-09-15-07 - tests.py - tests - validate - 73 - INFO - OK
2022-05-13-09-15-07 - tests.py - tests - get_response - 52 - DEBUG - posting url: /newcomer_info
2022-05-13-09-15-07 - log.py - log - log_response - 225 - WARNING - Bad Request: /api/newcomer_info
2022-05-13-09-15-07 - tests.py - tests - validate - 69 - DEBUG - status code:400  message:newcomer not found
2022-05-13-09-15-07 - tests.py - tests - validate - 73 - INFO - OK
2022-05-13-09-15-07 - tests.py - tests - request - 79 - INFO - 初始化数据
2022-05-13-09-15-07 - tests.py - tests - get_response - 52 - DEBUG - posting url: /write_db
2022-05-13-09-15-07 - tests.py - tests - validate - 69 - DEBUG - status code:200  message:succefully write in
2022-05-13-09-15-07 - tests.py - tests - validate - 73 - INFO - OK
2022-05-13-09-15-07 - tests.py - tests - request - 79 - INFO - 管理员查看某个导师的带新记录
2022-05-13-09-15-07 - tests.py - tests - request - 79 - INFO - admin login
2022-05-13-09-15-07 - tests.py - tests - get_response - 52 - DEBUG - posting url: /login
2022-05-13-09-15-07 - tests.py - tests - validate - 69 - DEBUG - status code:200  message:login successful
2022-05-13-09-15-07 - tests.py - tests - validate - 73 - INFO - OK
2022-05-13-09-15-07 - tests.py - tests - get_response - 52 - DEBUG - posting url: /get_newcomer_recode
2022-05-13-09-15-07 - tests.py - tests - validate - 69 - DEBUG - status code:200  message:succeed
2022-05-13-09-15-07 - tests.py - tests - validate - 73 - INFO - OK
2022-05-13-09-15-07 - tests.py - tests - request - 79 - INFO - 导师获取自己对某个新人的带新记录
2022-05-13-09-15-07 - tests.py - tests - request - 79 - INFO - teacher login
2022-05-13-09-15-07 - tests.py - tests - get_response - 52 - DEBUG - posting url: /login
2022-05-13-09-15-07 - tests.py - tests - validate - 69 - DEBUG - status code:200  message:login successful
2022-05-13-09-15-07 - tests.py - tests - validate - 73 - INFO - OK
2022-05-13-09-15-07 - tests.py - tests - get_response - 52 - DEBUG - posting url: /get_newcomer_recode
2022-05-13-09-15-07 - tests.py - tests - validate - 69 - DEBUG - status code:200  message:succeed
2022-05-13-09-15-07 - tests.py - tests - validate - 73 - INFO - OK
2022-05-13-09-15-07 - tests.py - tests - request - 79 - INFO - 导师获取自己对某个新人的带新记录-新人不存在
2022-05-13-09-15-07 - tests.py - tests - request - 79 - INFO - admin login
2022-05-13-09-15-07 - tests.py - tests - get_response - 52 - DEBUG - posting url: /login
2022-05-13-09-15-07 - tests.py - tests - validate - 69 - DEBUG - status code:200  message:login successful
2022-05-13-09-15-07 - tests.py - tests - validate - 73 - INFO - OK
2022-05-13-09-15-07 - tests.py - tests - get_response - 52 - DEBUG - posting url: /get_newcomer_recode
2022-05-13-09-15-07 - log.py - log - log_response - 225 - WARNING - Bad Request: /api/get_newcomer_recode
2022-05-13-09-15-07 - tests.py - tests - validate - 69 - DEBUG - status code:400  message:查无此人 user not found
2022-05-13-09-15-07 - tests.py - tests - validate - 73 - INFO - OK
2022-05-13-09-15-07 - tests.py - tests - request - 79 - INFO - 初始化数据
2022-05-13-09-15-07 - tests.py - tests - get_response - 52 - DEBUG - posting url: /write_db
2022-05-13-09-15-08 - tests.py - tests - validate - 69 - DEBUG - status code:200  message:succefully write in
2022-05-13-09-15-08 - tests.py - tests - validate - 73 - INFO - OK
2022-05-13-09-15-08 - tests.py - tests - request - 79 - INFO - 获取scrf token
2022-05-13-09-15-08 - tests.py - tests - request - 79 - INFO - admin login
2022-05-13-09-15-08 - tests.py - tests - get_response - 52 - DEBUG - posting url: /login
2022-05-13-09-15-08 - tests.py - tests - validate - 69 - DEBUG - status code:200  message:login successful
2022-05-13-09-15-08 - tests.py - tests - validate - 73 - INFO - OK
2022-05-13-09-15-08 - tests.py - tests - get_response - 56 - DEBUG - getting url: /get_token
2022-05-13-09-15-08 - tests.py - tests - validate - 69 - DEBUG - status code:200  message:success
2022-05-13-09-15-08 - tests.py - tests - validate - 73 - INFO - OK
2022-05-13-09-15-08 - tests.py - tests - request - 79 - INFO - 初始化数据
2022-05-13-09-15-08 - tests.py - tests - get_response - 52 - DEBUG - posting url: /write_db
2022-05-13-09-15-08 - tests.py - tests - validate - 69 - DEBUG - status code:200  message:succefully write in
2022-05-13-09-15-08 - tests.py - tests - validate - 73 - INFO - OK
2022-05-13-09-15-08 - tests.py - tests - request - 79 - INFO - 获取当前自己的信息
2022-05-13-09-15-08 - tests.py - tests - request - 79 - INFO - admin login
2022-05-13-09-15-08 - tests.py - tests - get_response - 52 - DEBUG - posting url: /login
2022-05-13-09-15-08 - tests.py - tests - validate - 69 - DEBUG - status code:200  message:login successful
2022-05-13-09-15-08 - tests.py - tests - validate - 73 - INFO - OK
2022-05-13-09-15-08 - tests.py - tests - get_response - 56 - DEBUG - getting url: /get_user_info
2022-05-13-09-15-08 - tests.py - tests - validate - 69 - DEBUG - status code:200  message:succeed
2022-05-13-09-15-08 - tests.py - tests - validate - 73 - INFO - OK
2022-05-13-09-15-08 - tests.py - tests - request - 79 - INFO - 初始化数据
2022-05-13-09-15-08 - tests.py - tests - get_response - 52 - DEBUG - posting url: /write_db
2022-05-13-09-15-09 - tests.py - tests - validate - 69 - DEBUG - status code:200  message:succefully write in
2022-05-13-09-15-09 - tests.py - tests - validate - 73 - INFO - OK
2022-05-13-09-15-09 - tests.py - tests - request - 79 - INFO - 新人毕业时间跨度-成功
2022-05-13-09-15-09 - tests.py - tests - request - 79 - INFO - admin login
2022-05-13-09-15-09 - tests.py - tests - get_response - 52 - DEBUG - posting url: /login
2022-05-13-09-15-09 - tests.py - tests - validate - 69 - DEBUG - status code:200  message:login successful
2022-05-13-09-15-09 - tests.py - tests - validate - 73 - INFO - OK
2022-05-13-09-15-09 - tests.py - tests - get_response - 52 - DEBUG - posting url: /graduate_time
2022-05-13-09-15-09 - tests.py - tests - validate - 69 - DEBUG - status code:200  message:succeed
2022-05-13-09-15-09 - tests.py - tests - validate - 73 - INFO - OK
2022-05-13-09-15-09 - tests.py - tests - request - 79 - INFO - HRBP login
2022-05-13-09-15-09 - tests.py - tests - get_response - 52 - DEBUG - posting url: /login
2022-05-13-09-15-09 - tests.py - tests - validate - 69 - DEBUG - status code:200  message:login successful
2022-05-13-09-15-09 - tests.py - tests - validate - 73 - INFO - OK
2022-05-13-09-15-09 - tests.py - tests - get_response - 52 - DEBUG - posting url: /graduate_time
2022-05-13-09-15-09 - tests.py - tests - validate - 69 - DEBUG - status code:200  message:succeed
2022-05-13-09-15-09 - tests.py - tests - validate - 73 - INFO - OK
2022-05-13-09-15-09 - tests.py - tests - request - 79 - INFO - 新人毕业时间跨度-方法错误
2022-05-13-09-15-09 - tests.py - tests - request - 79 - INFO - admin login
2022-05-13-09-15-09 - tests.py - tests - get_response - 52 - DEBUG - posting url: /login
2022-05-13-09-15-09 - tests.py - tests - validate - 69 - DEBUG - status code:200  message:login successful
2022-05-13-09-15-09 - tests.py - tests - validate - 73 - INFO - OK
2022-05-13-09-15-09 - tests.py - tests - get_response - 56 - DEBUG - getting url: /graduate_time
2022-05-13-09-15-09 - log.py - log - log_response - 225 - WARNING - Bad Request: /api/graduate_time
2022-05-13-09-15-09 - tests.py - tests - validate - 69 - DEBUG - status code:400  message:illegal request type
2022-05-13-09-15-09 - tests.py - tests - validate - 73 - INFO - OK
2022-05-13-09-15-09 - tests.py - tests - request - 79 - INFO - 新人毕业时间跨度-权限错误
2022-05-13-09-15-09 - tests.py - tests - request - 79 - INFO - newcomer login
2022-05-13-09-15-09 - tests.py - tests - get_response - 52 - DEBUG - posting url: /login
2022-05-13-09-15-09 - tests.py - tests - validate - 69 - DEBUG - status code:200  message:login successful
2022-05-13-09-15-09 - tests.py - tests - validate - 73 - INFO - OK
2022-05-13-09-15-09 - tests.py - tests - get_response - 52 - DEBUG - posting url: /graduate_time
2022-05-13-09-15-09 - log.py - log - log_response - 225 - WARNING - Bad Request: /api/graduate_time
2022-05-13-09-15-09 - tests.py - tests - validate - 69 - DEBUG - status code:400  message:unauthorized action
2022-05-13-09-15-09 - tests.py - tests - validate - 73 - INFO - OK
2022-05-13-09-15-09 - tests.py - tests - request - 79 - INFO - teacher login
2022-05-13-09-15-09 - tests.py - tests - get_response - 52 - DEBUG - posting url: /login
2022-05-13-09-15-09 - tests.py - tests - validate - 69 - DEBUG - status code:200  message:login successful
2022-05-13-09-15-09 - tests.py - tests - validate - 73 - INFO - OK
2022-05-13-09-15-09 - tests.py - tests - get_response - 52 - DEBUG - posting url: /graduate_time
2022-05-13-09-15-09 - log.py - log - log_response - 225 - WARNING - Bad Request: /api/graduate_time
2022-05-13-09-15-09 - tests.py - tests - validate - 69 - DEBUG - status code:400  message:unauthorized action
2022-05-13-09-15-09 - tests.py - tests - validate - 73 - INFO - OK
2022-05-13-09-15-09 - tests.py - tests - request - 79 - INFO - 新人毕业时间跨度-字段缺失
2022-05-13-09-15-09 - tests.py - tests - request - 79 - INFO - admin login
2022-05-13-09-15-09 - tests.py - tests - get_response - 52 - DEBUG - posting url: /login
2022-05-13-09-15-09 - tests.py - tests - validate - 69 - DEBUG - status code:200  message:login successful
2022-05-13-09-15-09 - tests.py - tests - validate - 73 - INFO - OK
2022-05-13-09-15-09 - tests.py - tests - get_response - 52 - DEBUG - posting url: /graduate_time
2022-05-13-09-15-09 - log.py - log - log_response - 225 - WARNING - Bad Request: /api/graduate_time
2022-05-13-09-15-09 - tests.py - tests - validate - 69 - DEBUG - status code:400  message:succeed
2022-05-13-09-15-09 - tests.py - tests - validate - 73 - INFO - OK
2022-05-13-09-15-09 - tests.py - tests - request - 79 - INFO - 新人毕业时间跨度-时间错误
2022-05-13-09-15-09 - tests.py - tests - request - 79 - INFO - admin login
2022-05-13-09-15-09 - tests.py - tests - get_response - 52 - DEBUG - posting url: /login
2022-05-13-09-15-09 - tests.py - tests - validate - 69 - DEBUG - status code:200  message:login successful
2022-05-13-09-15-09 - tests.py - tests - validate - 73 - INFO - OK
2022-05-13-09-15-09 - tests.py - tests - get_response - 52 - DEBUG - posting url: /graduate_time
2022-05-13-09-15-09 - log.py - log - log_response - 225 - WARNING - Bad Request: /api/graduate_time
2022-05-13-09-15-09 - tests.py - tests - validate - 69 - DEBUG - status code:400  message:succeed
2022-05-13-09-15-09 - tests.py - tests - validate - 73 - INFO - OK
2022-05-13-09-15-09 - tests.py - tests - request - 79 - INFO - 初始化数据
2022-05-13-09-15-09 - tests.py - tests - get_response - 52 - DEBUG - posting url: /write_db
2022-05-13-09-15-10 - tests.py - tests - validate - 69 - DEBUG - status code:200  message:succefully write in
2022-05-13-09-15-10 - tests.py - tests - validate - 73 - INFO - OK
2022-05-13-09-15-10 - tests.py - tests - request - 79 - INFO - 查询一个人是否有program
2022-05-13-09-15-10 - tests.py - tests - request - 79 - INFO - admin login
2022-05-13-09-15-10 - tests.py - tests - get_response - 52 - DEBUG - posting url: /login
2022-05-13-09-15-10 - tests.py - tests - validate - 69 - DEBUG - status code:200  message:login successful
2022-05-13-09-15-10 - tests.py - tests - validate - 73 - INFO - OK
2022-05-13-09-15-10 - tests.py - tests - get_response - 52 - DEBUG - posting url: /has_program
2022-05-13-09-15-10 - tests.py - tests - validate - 69 - DEBUG - status code:200  message:user newcomer has not been assigned a program
2022-05-13-09-15-10 - tests.py - tests - validate - 73 - INFO - OK
2022-05-13-09-15-10 - tests.py - tests - request - 79 - INFO - 查询一个人是否有program-方法错误
2022-05-13-09-15-10 - tests.py - tests - request - 79 - INFO - teacher login
2022-05-13-09-15-10 - tests.py - tests - get_response - 52 - DEBUG - posting url: /login
2022-05-13-09-15-10 - tests.py - tests - validate - 69 - DEBUG - status code:200  message:login successful
2022-05-13-09-15-10 - tests.py - tests - validate - 73 - INFO - OK
2022-05-13-09-15-10 - tests.py - tests - get_response - 56 - DEBUG - getting url: /has_program
2022-05-13-09-15-10 - log.py - log - log_response - 225 - WARNING - Bad Request: /api/has_program
2022-05-13-09-15-10 - tests.py - tests - validate - 69 - DEBUG - status code:400  message:invalid method
2022-05-13-09-15-10 - tests.py - tests - validate - 73 - INFO - OK
2022-05-13-09-15-10 - tests.py - tests - request - 79 - INFO - 查询一个人是否有program-action错误
2022-05-13-09-15-10 - tests.py - tests - request - 79 - INFO - teacher login
2022-05-13-09-15-10 - tests.py - tests - get_response - 52 - DEBUG - posting url: /login
2022-05-13-09-15-10 - tests.py - tests - validate - 69 - DEBUG - status code:200  message:login successful
2022-05-13-09-15-10 - tests.py - tests - validate - 73 - INFO - OK
2022-05-13-09-15-10 - tests.py - tests - get_response - 52 - DEBUG - posting url: /has_program
2022-05-13-09-15-10 - log.py - log - log_response - 225 - WARNING - Bad Request: /api/has_program
2022-05-13-09-15-10 - tests.py - tests - validate - 69 - DEBUG - status code:400  message:lack of arguments
2022-05-13-09-15-10 - tests.py - tests - validate - 73 - INFO - OK
2022-05-13-09-15-10 - tests.py - tests - request - 79 - INFO - 初始化数据
2022-05-13-09-15-10 - tests.py - tests - get_response - 52 - DEBUG - posting url: /write_db
2022-05-13-09-15-10 - tests.py - tests - validate - 69 - DEBUG - status code:200  message:succefully write in
2022-05-13-09-15-10 - tests.py - tests - validate - 73 - INFO - OK
2022-05-13-09-15-10 - tests.py - tests - request - 79 - INFO - 注册成功测试
2022-05-13-09-15-10 - tests.py - tests - get_response - 52 - DEBUG - posting url: /join
2022-05-13-09-15-10 - tests.py - tests - validate - 69 - DEBUG - status code:200  message:account created
2022-05-13-09-15-10 - tests.py - tests - validate - 73 - INFO - OK
2022-05-13-09-15-10 - tests.py - tests - request - 79 - INFO - 重复注册报错
2022-05-13-09-15-10 - tests.py - tests - get_response - 52 - DEBUG - posting url: /join
2022-05-13-09-15-10 - log.py - log - log_response - 225 - WARNING - Bad Request: /api/join
2022-05-13-09-15-10 - tests.py - tests - validate - 69 - DEBUG - status code:400  message:duplicate username
2022-05-13-09-15-10 - tests.py - tests - validate - 73 - INFO - OK
2022-05-13-09-15-10 - tests.py - tests - request - 79 - INFO - 注册时用户名校验报错
2022-05-13-09-15-10 - tests.py - tests - get_response - 52 - DEBUG - posting url: /join
2022-05-13-09-15-10 - log.py - log - log_response - 225 - WARNING - Bad Request: /api/join
2022-05-13-09-15-10 - tests.py - tests - validate - 69 - DEBUG - status code:400  message:wrong username format
2022-05-13-09-15-10 - tests.py - tests - validate - 73 - INFO - OK
2022-05-13-09-15-10 - tests.py - tests - request - 79 - INFO - 密码校验报错-没有大写字母
2022-05-13-09-15-10 - tests.py - tests - get_response - 52 - DEBUG - posting url: /join
2022-05-13-09-15-10 - log.py - log - log_response - 225 - WARNING - Bad Request: /api/join
2022-05-13-09-15-10 - tests.py - tests - validate - 69 - DEBUG - status code:400  message:wrong password format
2022-05-13-09-15-10 - tests.py - tests - validate - 73 - INFO - OK
2022-05-13-09-15-10 - tests.py - tests - request - 79 - INFO - 密码校验报错-没有小写字母
2022-05-13-09-15-10 - tests.py - tests - get_response - 52 - DEBUG - posting url: /join
2022-05-13-09-15-10 - log.py - log - log_response - 225 - WARNING - Bad Request: /api/join
2022-05-13-09-15-10 - tests.py - tests - validate - 69 - DEBUG - status code:400  message:wrong password format
2022-05-13-09-15-10 - tests.py - tests - validate - 73 - INFO - OK
2022-05-13-09-15-10 - tests.py - tests - request - 79 - INFO - 密码校验报错-没有数字
2022-05-13-09-15-10 - tests.py - tests - get_response - 52 - DEBUG - posting url: /join
2022-05-13-09-15-10 - log.py - log - log_response - 225 - WARNING - Bad Request: /api/join
2022-05-13-09-15-10 - tests.py - tests - validate - 69 - DEBUG - status code:400  message:wrong password format
2022-05-13-09-15-10 - tests.py - tests - validate - 73 - INFO - OK
2022-05-13-09-15-10 - tests.py - tests - request - 79 - INFO - 密码校验报错-没有数字
2022-05-13-09-15-10 - tests.py - tests - get_response - 52 - DEBUG - posting url: /join
2022-05-13-09-15-10 - log.py - log - log_response - 225 - WARNING - Bad Request: /api/join
2022-05-13-09-15-10 - tests.py - tests - validate - 69 - DEBUG - status code:400  message:wrong password format
2022-05-13-09-15-10 - tests.py - tests - validate - 73 - INFO - OK
2022-05-13-09-15-10 - tests.py - tests - request - 79 - INFO - 初始化数据
2022-05-13-09-15-10 - tests.py - tests - get_response - 52 - DEBUG - posting url: /write_db
2022-05-13-09-15-11 - tests.py - tests - validate - 69 - DEBUG - status code:200  message:succefully write in
2022-05-13-09-15-11 - tests.py - tests - validate - 73 - INFO - OK
2022-05-13-09-15-11 - tests.py - tests - request - 79 - INFO - 成功获取课件列表
2022-05-13-09-15-11 - tests.py - tests - request - 79 - INFO - admin login
2022-05-13-09-15-11 - tests.py - tests - get_response - 52 - DEBUG - posting url: /login
2022-05-13-09-15-11 - tests.py - tests - validate - 69 - DEBUG - status code:200  message:login successful
2022-05-13-09-15-11 - tests.py - tests - validate - 73 - INFO - OK
2022-05-13-09-15-11 - tests.py - tests - get_response - 52 - DEBUG - posting url: /lesson_courseware_list
2022-05-13-09-15-11 - tests.py - tests - validate - 69 - DEBUG - status code:200  message:0 coursewares retrieved for lesson l2
2022-05-13-09-15-11 - tests.py - tests - validate - 73 - INFO - OK
2022-05-13-09-15-11 - tests.py - tests - request - 79 - INFO - 成功获取课件列表-方法错误
2022-05-13-09-15-11 - tests.py - tests - request - 79 - INFO - admin login
2022-05-13-09-15-11 - tests.py - tests - get_response - 52 - DEBUG - posting url: /login
2022-05-13-09-15-11 - tests.py - tests - validate - 69 - DEBUG - status code:200  message:login successful
2022-05-13-09-15-11 - tests.py - tests - validate - 73 - INFO - OK
2022-05-13-09-15-11 - tests.py - tests - get_response - 56 - DEBUG - getting url: /lesson_courseware_list
2022-05-13-09-15-11 - log.py - log - log_response - 225 - WARNING - Bad Request: /api/lesson_courseware_list
2022-05-13-09-15-11 - tests.py - tests - validate - 69 - DEBUG - status code:400  message:invalid method
2022-05-13-09-15-11 - tests.py - tests - validate - 73 - INFO - OK
2022-05-13-09-15-11 - tests.py - tests - request - 79 - INFO - 成功获取课件列表-找不到课程
2022-05-13-09-15-11 - tests.py - tests - request - 79 - INFO - admin login
2022-05-13-09-15-11 - tests.py - tests - get_response - 52 - DEBUG - posting url: /login
2022-05-13-09-15-11 - tests.py - tests - validate - 69 - DEBUG - status code:200  message:login successful
2022-05-13-09-15-11 - tests.py - tests - validate - 73 - INFO - OK
2022-05-13-09-15-11 - tests.py - tests - get_response - 52 - DEBUG - posting url: /lesson_courseware_list
2022-05-13-09-15-11 - log.py - log - log_response - 225 - WARNING - Bad Request: /api/lesson_courseware_list
2022-05-13-09-15-11 - tests.py - tests - validate - 69 - DEBUG - status code:400  message:requested item not found in database
2022-05-13-09-15-11 - tests.py - tests - validate - 73 - INFO - OK
2022-05-13-09-15-11 - tests.py - tests - request - 79 - INFO - 成功获取课件列表-action错误
2022-05-13-09-15-11 - tests.py - tests - request - 79 - INFO - admin login
2022-05-13-09-15-11 - tests.py - tests - get_response - 52 - DEBUG - posting url: /login
2022-05-13-09-15-11 - tests.py - tests - validate - 69 - DEBUG - status code:200  message:login successful
2022-05-13-09-15-11 - tests.py - tests - validate - 73 - INFO - OK
2022-05-13-09-15-11 - tests.py - tests - get_response - 52 - DEBUG - posting url: /lesson_courseware_list
2022-05-13-09-15-11 - log.py - log - log_response - 225 - WARNING - Bad Request: /api/lesson_courseware_list
2022-05-13-09-15-11 - tests.py - tests - validate - 69 - DEBUG - status code:400  message:Bad Arguments
2022-05-13-09-15-11 - tests.py - tests - validate - 73 - INFO - OK
2022-05-13-09-15-11 - tests.py - tests - request - 79 - INFO - 初始化数据
2022-05-13-09-15-11 - tests.py - tests - get_response - 52 - DEBUG - posting url: /write_db
2022-05-13-09-15-11 - tests.py - tests - validate - 69 - DEBUG - status code:200  message:succefully write in
2022-05-13-09-15-11 - tests.py - tests - validate - 73 - INFO - OK
2022-05-13-09-15-11 - tests.py - tests - request - 79 - INFO - 登录成功测试
2022-05-13-09-15-11 - tests.py - tests - get_response - 52 - DEBUG - posting url: /login
2022-05-13-09-15-11 - tests.py - tests - validate - 69 - DEBUG - status code:200  message:login successful
2022-05-13-09-15-11 - tests.py - tests - validate - 73 - INFO - OK
2022-05-13-09-15-11 - tests.py - tests - request - 79 - INFO - 密码错误测试
2022-05-13-09-15-11 - tests.py - tests - get_response - 52 - DEBUG - posting url: /login
2022-05-13-09-15-11 - log.py - log - log_response - 225 - WARNING - Bad Request: /api/login
2022-05-13-09-15-11 - tests.py - tests - validate - 69 - DEBUG - status code:400  message:wrong password
2022-05-13-09-15-11 - tests.py - tests - validate - 73 - INFO - OK
2022-05-13-09-15-11 - tests.py - tests - request - 79 - INFO - 用户不存在测试
2022-05-13-09-15-11 - tests.py - tests - get_response - 52 - DEBUG - posting url: /login
2022-05-13-09-15-11 - log.py - log - log_response - 225 - WARNING - Bad Request: /api/login
2022-05-13-09-15-11 - tests.py - tests - validate - 69 - DEBUG - status code:400  message:user not found
2022-05-13-09-15-11 - tests.py - tests - validate - 73 - INFO - OK
2022-05-13-09-15-11 - tests.py - tests - request - 79 - INFO - 初始化数据
2022-05-13-09-15-11 - tests.py - tests - get_response - 52 - DEBUG - posting url: /write_db
2022-05-13-09-15-12 - tests.py - tests - validate - 69 - DEBUG - status code:200  message:succefully write in
2022-05-13-09-15-12 - tests.py - tests - validate - 73 - INFO - OK
2022-05-13-09-15-12 - tests.py - tests - request - 79 - INFO - 退出登录测试
2022-05-13-09-15-12 - tests.py - tests - request - 79 - INFO - admin login
2022-05-13-09-15-12 - tests.py - tests - get_response - 52 - DEBUG - posting url: /login
2022-05-13-09-15-12 - tests.py - tests - validate - 69 - DEBUG - status code:200  message:login successful
2022-05-13-09-15-12 - tests.py - tests - validate - 73 - INFO - OK
2022-05-13-09-15-12 - tests.py - tests - get_response - 56 - DEBUG - getting url: /logout
2022-05-13-09-15-12 - tests.py - tests - validate - 69 - DEBUG - status code:200  message:logged out
2022-05-13-09-15-12 - tests.py - tests - validate - 73 - INFO - OK
2022-05-13-09-15-12 - tests.py - tests - request - 79 - INFO - 初始化数据
2022-05-13-09-15-12 - tests.py - tests - get_response - 52 - DEBUG - posting url: /write_db
2022-05-13-09-15-12 - tests.py - tests - validate - 69 - DEBUG - status code:200  message:succefully write in
2022-05-13-09-15-12 - tests.py - tests - validate - 73 - INFO - OK
2022-05-13-09-15-12 - tests.py - tests - request - 79 - INFO - 新人平均分-成功
2022-05-13-09-15-12 - tests.py - tests - request - 79 - INFO - admin login
2022-05-13-09-15-12 - tests.py - tests - get_response - 52 - DEBUG - posting url: /login
2022-05-13-09-15-12 - tests.py - tests - validate - 69 - DEBUG - status code:200  message:login successful
2022-05-13-09-15-12 - tests.py - tests - validate - 73 - INFO - OK
2022-05-13-09-15-12 - tests.py - tests - get_response - 52 - DEBUG - posting url: /newcomer_average_score
2022-05-13-09-15-12 - tests.py - tests - validate - 69 - DEBUG - status code:200  message:succeed
2022-05-13-09-15-12 - tests.py - tests - validate - 73 - INFO - OK
2022-05-13-09-15-12 - tests.py - tests - request - 79 - INFO - HRBP login
2022-05-13-09-15-12 - tests.py - tests - get_response - 52 - DEBUG - posting url: /login
2022-05-13-09-15-12 - tests.py - tests - validate - 69 - DEBUG - status code:200  message:login successful
2022-05-13-09-15-12 - tests.py - tests - validate - 73 - INFO - OK
2022-05-13-09-15-12 - tests.py - tests - get_response - 52 - DEBUG - posting url: /newcomer_average_score
2022-05-13-09-15-12 - tests.py - tests - validate - 69 - DEBUG - status code:200  message:succeed
2022-05-13-09-15-12 - tests.py - tests - validate - 73 - INFO - OK
2022-05-13-09-15-12 - tests.py - tests - request - 79 - INFO - 新人平均分-方法错误
2022-05-13-09-15-12 - tests.py - tests - request - 79 - INFO - admin login
2022-05-13-09-15-12 - tests.py - tests - get_response - 52 - DEBUG - posting url: /login
2022-05-13-09-15-12 - tests.py - tests - validate - 69 - DEBUG - status code:200  message:login successful
2022-05-13-09-15-12 - tests.py - tests - validate - 73 - INFO - OK
2022-05-13-09-15-12 - tests.py - tests - get_response - 56 - DEBUG - getting url: /newcomer_average_score
2022-05-13-09-15-12 - log.py - log - log_response - 225 - WARNING - Bad Request: /api/newcomer_average_score
2022-05-13-09-15-12 - tests.py - tests - validate - 69 - DEBUG - status code:400  message:illegal request type
2022-05-13-09-15-12 - tests.py - tests - validate - 73 - INFO - OK
2022-05-13-09-15-12 - tests.py - tests - request - 79 - INFO - 新人平均分-权限错误
2022-05-13-09-15-12 - tests.py - tests - request - 79 - INFO - newcomer login
2022-05-13-09-15-12 - tests.py - tests - get_response - 52 - DEBUG - posting url: /login
2022-05-13-09-15-12 - tests.py - tests - validate - 69 - DEBUG - status code:200  message:login successful
2022-05-13-09-15-12 - tests.py - tests - validate - 73 - INFO - OK
2022-05-13-09-15-12 - tests.py - tests - get_response - 52 - DEBUG - posting url: /newcomer_average_score
2022-05-13-09-15-12 - log.py - log - log_response - 225 - WARNING - Bad Request: /api/newcomer_average_score
2022-05-13-09-15-12 - tests.py - tests - validate - 69 - DEBUG - status code:400  message:unauthorized action
2022-05-13-09-15-12 - tests.py - tests - validate - 73 - INFO - OK
2022-05-13-09-15-12 - tests.py - tests - request - 79 - INFO - teacher login
2022-05-13-09-15-12 - tests.py - tests - get_response - 52 - DEBUG - posting url: /login
2022-05-13-09-15-12 - tests.py - tests - validate - 69 - DEBUG - status code:200  message:login successful
2022-05-13-09-15-12 - tests.py - tests - validate - 73 - INFO - OK
2022-05-13-09-15-12 - tests.py - tests - get_response - 52 - DEBUG - posting url: /newcomer_average_score
2022-05-13-09-15-12 - log.py - log - log_response - 225 - WARNING - Bad Request: /api/newcomer_average_score
2022-05-13-09-15-12 - tests.py - tests - validate - 69 - DEBUG - status code:400  message:unauthorized action
2022-05-13-09-15-12 - tests.py - tests - validate - 73 - INFO - OK
2022-05-13-09-15-12 - tests.py - tests - request - 79 - INFO - 新人平均分-字段缺失
2022-05-13-09-15-12 - tests.py - tests - request - 79 - INFO - admin login
2022-05-13-09-15-12 - tests.py - tests - get_response - 52 - DEBUG - posting url: /login
2022-05-13-09-15-13 - tests.py - tests - validate - 69 - DEBUG - status code:200  message:login successful
2022-05-13-09-15-13 - tests.py - tests - validate - 73 - INFO - OK
2022-05-13-09-15-13 - tests.py - tests - get_response - 52 - DEBUG - posting url: /newcomer_average_score
2022-05-13-09-15-13 - log.py - log - log_response - 225 - WARNING - Bad Request: /api/newcomer_average_score
2022-05-13-09-15-13 - tests.py - tests - validate - 69 - DEBUG - status code:400  message:succeed
2022-05-13-09-15-13 - tests.py - tests - validate - 73 - INFO - OK
2022-05-13-09-15-13 - tests.py - tests - request - 79 - INFO - 新人平均分-时间错误
2022-05-13-09-15-13 - tests.py - tests - request - 79 - INFO - admin login
2022-05-13-09-15-13 - tests.py - tests - get_response - 52 - DEBUG - posting url: /login
2022-05-13-09-15-13 - tests.py - tests - validate - 69 - DEBUG - status code:200  message:login successful
2022-05-13-09-15-13 - tests.py - tests - validate - 73 - INFO - OK
2022-05-13-09-15-13 - tests.py - tests - get_response - 52 - DEBUG - posting url: /newcomer_average_score
2022-05-13-09-15-13 - log.py - log - log_response - 225 - WARNING - Bad Request: /api/newcomer_average_score
2022-05-13-09-15-13 - tests.py - tests - validate - 69 - DEBUG - status code:400  message:succeed
2022-05-13-09-15-13 - tests.py - tests - validate - 73 - INFO - OK
2022-05-13-09-15-13 - tests.py - tests - request - 79 - INFO - 初始化数据
2022-05-13-09-15-13 - tests.py - tests - get_response - 52 - DEBUG - posting url: /write_db
2022-05-13-09-15-13 - tests.py - tests - validate - 69 - DEBUG - status code:200  message:succefully write in
2022-05-13-09-15-13 - tests.py - tests - validate - 73 - INFO - OK
2022-05-13-09-15-13 - tests.py - tests - request - 79 - INFO - 导师写带新记录
2022-05-13-09-15-13 - tests.py - tests - request - 79 - INFO - teacher login
2022-05-13-09-15-13 - tests.py - tests - get_response - 52 - DEBUG - posting url: /login
2022-05-13-09-15-13 - tests.py - tests - validate - 69 - DEBUG - status code:200  message:login successful
2022-05-13-09-15-13 - tests.py - tests - validate - 73 - INFO - OK
2022-05-13-09-15-13 - tests.py - tests - get_response - 52 - DEBUG - posting url: /newcomer_recode
2022-05-13-09-15-13 - tests.py - tests - validate - 69 - DEBUG - status code:200  message:succeed
2022-05-13-09-15-13 - tests.py - tests - validate - 73 - INFO - OK
2022-05-13-09-15-13 - tests.py - tests - request - 79 - INFO - 导师写带新记录-角色错误
2022-05-13-09-15-13 - tests.py - tests - request - 79 - INFO - newcomer login
2022-05-13-09-15-13 - tests.py - tests - get_response - 52 - DEBUG - posting url: /login
2022-05-13-09-15-13 - tests.py - tests - validate - 69 - DEBUG - status code:200  message:login successful
2022-05-13-09-15-13 - tests.py - tests - validate - 73 - INFO - OK
2022-05-13-09-15-13 - tests.py - tests - get_response - 52 - DEBUG - posting url: /newcomer_recode
2022-05-13-09-15-13 - log.py - log - log_response - 225 - WARNING - Bad Request: /api/newcomer_recode
2022-05-13-09-15-13 - tests.py - tests - validate - 69 - DEBUG - status code:400  message:no permission
2022-05-13-09-15-13 - tests.py - tests - validate - 73 - INFO - OK
2022-05-13-09-15-13 - tests.py - tests - request - 79 - INFO - 导师写带新记录-新人不存在
2022-05-13-09-15-13 - tests.py - tests - request - 79 - INFO - teacher login
2022-05-13-09-15-13 - tests.py - tests - get_response - 52 - DEBUG - posting url: /login
2022-05-13-09-15-13 - tests.py - tests - validate - 69 - DEBUG - status code:200  message:login successful
2022-05-13-09-15-13 - tests.py - tests - validate - 73 - INFO - OK
2022-05-13-09-15-13 - tests.py - tests - get_response - 52 - DEBUG - posting url: /newcomer_recode
2022-05-13-09-15-13 - log.py - log - log_response - 225 - WARNING - Bad Request: /api/newcomer_recode
2022-05-13-09-15-13 - tests.py - tests - validate - 69 - DEBUG - status code:400  message:查无此人 user not found
2022-05-13-09-15-13 - tests.py - tests - validate - 73 - INFO - OK
2022-05-13-09-15-13 - tests.py - tests - request - 79 - INFO - 导师写带新记录-不是自己的学生
2022-05-13-09-15-13 - tests.py - tests - request - 79 - INFO - teacher login
2022-05-13-09-15-13 - tests.py - tests - get_response - 52 - DEBUG - posting url: /login
2022-05-13-09-15-13 - tests.py - tests - validate - 69 - DEBUG - status code:200  message:login successful
2022-05-13-09-15-13 - tests.py - tests - validate - 73 - INFO - OK
2022-05-13-09-15-13 - tests.py - tests - get_response - 52 - DEBUG - posting url: /newcomer_recode
2022-05-13-09-15-13 - log.py - log - log_response - 225 - WARNING - Bad Request: /api/newcomer_recode
2022-05-13-09-15-13 - tests.py - tests - validate - 69 - DEBUG - status code:400  message:newcomer not belong to teacher
2022-05-13-09-15-13 - tests.py - tests - validate - 73 - INFO - OK
2022-05-13-09-15-13 - tests.py - tests - request - 79 - INFO - 初始化数据
2022-05-13-09-15-13 - tests.py - tests - get_response - 52 - DEBUG - posting url: /write_db
2022-05-13-09-15-14 - tests.py - tests - validate - 69 - DEBUG - status code:200  message:succefully write in
2022-05-13-09-15-14 - tests.py - tests - validate - 73 - INFO - OK
2022-05-13-09-15-14 - tests.py - tests - request - 79 - INFO - 新人查看自己的培训摘要
2022-05-13-09-15-14 - tests.py - tests - request - 79 - INFO - newcomer login
2022-05-13-09-15-14 - tests.py - tests - get_response - 52 - DEBUG - posting url: /login
2022-05-13-09-15-14 - tests.py - tests - validate - 69 - DEBUG - status code:200  message:login successful
2022-05-13-09-15-14 - tests.py - tests - validate - 73 - INFO - OK
2022-05-13-09-15-14 - tests.py - tests - get_response - 56 - DEBUG - getting url: /newcomer_summary_info
2022-05-13-09-15-14 - tests.py - tests - validate - 69 - DEBUG - status code:200  message:succeed
2022-05-13-09-15-14 - tests.py - tests - validate - 73 - INFO - OK
2022-05-13-09-15-14 - tests.py - tests - request - 79 - INFO - 新人查看自己的培训摘要-方法错误
2022-05-13-09-15-14 - tests.py - tests - request - 79 - INFO - newcomer login
2022-05-13-09-15-14 - tests.py - tests - get_response - 52 - DEBUG - posting url: /login
2022-05-13-09-15-14 - tests.py - tests - validate - 69 - DEBUG - status code:200  message:login successful
2022-05-13-09-15-14 - tests.py - tests - validate - 73 - INFO - OK
2022-05-13-09-15-14 - tests.py - tests - get_response - 52 - DEBUG - posting url: /newcomer_summary_info
2022-05-13-09-15-14 - log.py - log - log_response - 225 - WARNING - Bad Request: /api/newcomer_summary_info
2022-05-13-09-15-14 - tests.py - tests - validate - 69 - DEBUG - status code:400  message:invalid method
2022-05-13-09-15-14 - tests.py - tests - validate - 73 - INFO - OK
2022-05-13-09-15-14 - tests.py - tests - request - 79 - INFO - 初始化数据
2022-05-13-09-15-14 - tests.py - tests - get_response - 52 - DEBUG - posting url: /write_db
2022-05-13-09-15-14 - tests.py - tests - validate - 69 - DEBUG - status code:200  message:succefully write in
2022-05-13-09-15-14 - tests.py - tests - validate - 73 - INFO - OK
2022-05-13-09-15-14 - tests.py - tests - request - 79 - INFO - 通过提名
2022-05-13-09-15-14 - tests.py - tests - request - 79 - INFO - admin login
2022-05-13-09-15-14 - tests.py - tests - get_response - 52 - DEBUG - posting url: /login
2022-05-13-09-15-14 - tests.py - tests - validate - 69 - DEBUG - status code:200  message:login successful
2022-05-13-09-15-14 - tests.py - tests - validate - 73 - INFO - OK
2022-05-13-09-15-14 - tests.py - tests - get_response - 52 - DEBUG - posting url: /accept_nominate
2022-05-13-09-15-14 - tests.py - tests - validate - 69 - DEBUG - status code:200  message:succeed
2022-05-13-09-15-14 - tests.py - tests - validate - 73 - INFO - OK
2022-05-13-09-15-14 - tests.py - tests - request - 79 - INFO - HRBP login
2022-05-13-09-15-14 - tests.py - tests - get_response - 52 - DEBUG - posting url: /login
2022-05-13-09-15-14 - tests.py - tests - validate - 69 - DEBUG - status code:200  message:login successful
2022-05-13-09-15-14 - tests.py - tests - validate - 73 - INFO - OK
2022-05-13-09-15-14 - tests.py - tests - get_response - 52 - DEBUG - posting url: /accept_nominate
2022-05-13-09-15-14 - tests.py - tests - validate - 69 - DEBUG - status code:200  message:succeed
2022-05-13-09-15-14 - tests.py - tests - validate - 73 - INFO - OK
2022-05-13-09-15-14 - tests.py - tests - request - 79 - INFO - 通过提名-方法错误
2022-05-13-09-15-14 - tests.py - tests - request - 79 - INFO - admin login
2022-05-13-09-15-14 - tests.py - tests - get_response - 52 - DEBUG - posting url: /login
2022-05-13-09-15-14 - tests.py - tests - validate - 69 - DEBUG - status code:200  message:login successful
2022-05-13-09-15-14 - tests.py - tests - validate - 73 - INFO - OK
2022-05-13-09-15-14 - tests.py - tests - get_response - 56 - DEBUG - getting url: /accept_nominate
2022-05-13-09-15-14 - log.py - log - log_response - 225 - WARNING - Bad Request: /api/accept_nominate
2022-05-13-09-15-14 - tests.py - tests - validate - 69 - DEBUG - status code:400  message:invalid method
2022-05-13-09-15-14 - tests.py - tests - validate - 73 - INFO - OK
2022-05-13-09-15-14 - tests.py - tests - request - 79 - INFO - 通过提名-角色错误
2022-05-13-09-15-14 - tests.py - tests - request - 79 - INFO - teacher login
2022-05-13-09-15-14 - tests.py - tests - get_response - 52 - DEBUG - posting url: /login
2022-05-13-09-15-14 - tests.py - tests - validate - 69 - DEBUG - status code:200  message:login successful
2022-05-13-09-15-14 - tests.py - tests - validate - 73 - INFO - OK
2022-05-13-09-15-14 - tests.py - tests - get_response - 52 - DEBUG - posting url: /accept_nominate
2022-05-13-09-15-14 - log.py - log - log_response - 225 - WARNING - Bad Request: /api/accept_nominate
2022-05-13-09-15-14 - tests.py - tests - validate - 69 - DEBUG - status code:400  message:no permission
2022-05-13-09-15-14 - tests.py - tests - validate - 73 - INFO - OK
2022-05-13-09-15-14 - tests.py - tests - request - 79 - INFO - newcomer login
2022-05-13-09-15-14 - tests.py - tests - get_response - 52 - DEBUG - posting url: /login
2022-05-13-09-15-14 - tests.py - tests - validate - 69 - DEBUG - status code:200  message:login successful
2022-05-13-09-15-14 - tests.py - tests - validate - 73 - INFO - OK
2022-05-13-09-15-14 - tests.py - tests - get_response - 52 - DEBUG - posting url: /accept_nominate
2022-05-13-09-15-14 - log.py - log - log_response - 225 - WARNING - Bad Request: /api/accept_nominate
2022-05-13-09-15-14 - tests.py - tests - validate - 69 - DEBUG - status code:400  message:no permission
2022-05-13-09-15-14 - tests.py - tests - validate - 73 - INFO - OK
2022-05-13-09-15-14 - tests.py - tests - request - 79 - INFO - 通过提名-找不到用户
2022-05-13-09-15-14 - tests.py - tests - request - 79 - INFO - admin login
2022-05-13-09-15-14 - tests.py - tests - get_response - 52 - DEBUG - posting url: /login
2022-05-13-09-15-14 - tests.py - tests - validate - 69 - DEBUG - status code:200  message:login successful
2022-05-13-09-15-14 - tests.py - tests - validate - 73 - INFO - OK
2022-05-13-09-15-14 - tests.py - tests - get_response - 52 - DEBUG - posting url: /accept_nominate
2022-05-13-09-15-14 - log.py - log - log_response - 225 - WARNING - Bad Request: /api/accept_nominate
2022-05-13-09-15-14 - tests.py - tests - validate - 69 - DEBUG - status code:400  message:succeed
2022-05-13-09-15-14 - tests.py - tests - validate - 73 - INFO - OK
2022-05-13-09-15-14 - tests.py - tests - request - 79 - INFO - HRBP login
2022-05-13-09-15-14 - tests.py - tests - get_response - 52 - DEBUG - posting url: /login
2022-05-13-09-15-14 - tests.py - tests - validate - 69 - DEBUG - status code:200  message:login successful
2022-05-13-09-15-14 - tests.py - tests - validate - 73 - INFO - OK
2022-05-13-09-15-14 - tests.py - tests - get_response - 52 - DEBUG - posting url: /accept_nominate
2022-05-13-09-15-14 - log.py - log - log_response - 225 - WARNING - Bad Request: /api/accept_nominate
2022-05-13-09-15-14 - tests.py - tests - validate - 69 - DEBUG - status code:400  message:succeed
2022-05-13-09-15-14 - tests.py - tests - validate - 73 - INFO - OK
2022-05-13-09-15-14 - tests.py - tests - request - 79 - INFO - 拒绝提名
2022-05-13-09-15-14 - tests.py - tests - request - 79 - INFO - admin login
2022-05-13-09-15-14 - tests.py - tests - get_response - 52 - DEBUG - posting url: /login
2022-05-13-09-15-14 - tests.py - tests - validate - 69 - DEBUG - status code:200  message:login successful
2022-05-13-09-15-14 - tests.py - tests - validate - 73 - INFO - OK
2022-05-13-09-15-14 - tests.py - tests - get_response - 52 - DEBUG - posting url: /reject_nominate
2022-05-13-09-15-14 - tests.py - tests - validate - 69 - DEBUG - status code:200  message:succeed
2022-05-13-09-15-14 - tests.py - tests - validate - 73 - INFO - OK
2022-05-13-09-15-14 - tests.py - tests - request - 79 - INFO - HRBP login
2022-05-13-09-15-14 - tests.py - tests - get_response - 52 - DEBUG - posting url: /login
2022-05-13-09-15-14 - tests.py - tests - validate - 69 - DEBUG - status code:200  message:login successful
2022-05-13-09-15-14 - tests.py - tests - validate - 73 - INFO - OK
2022-05-13-09-15-14 - tests.py - tests - get_response - 52 - DEBUG - posting url: /reject_nominate
2022-05-13-09-15-14 - tests.py - tests - validate - 69 - DEBUG - status code:200  message:succeed
2022-05-13-09-15-14 - tests.py - tests - validate - 73 - INFO - OK
2022-05-13-09-15-14 - tests.py - tests - request - 79 - INFO - 拒绝提名-方法错误
2022-05-13-09-15-14 - tests.py - tests - request - 79 - INFO - admin login
2022-05-13-09-15-14 - tests.py - tests - get_response - 52 - DEBUG - posting url: /login
2022-05-13-09-15-14 - tests.py - tests - validate - 69 - DEBUG - status code:200  message:login successful
2022-05-13-09-15-14 - tests.py - tests - validate - 73 - INFO - OK
2022-05-13-09-15-14 - tests.py - tests - get_response - 56 - DEBUG - getting url: /reject_nominate
2022-05-13-09-15-14 - log.py - log - log_response - 225 - WARNING - Bad Request: /api/reject_nominate
2022-05-13-09-15-14 - tests.py - tests - validate - 69 - DEBUG - status code:400  message:invalid method
2022-05-13-09-15-14 - tests.py - tests - validate - 73 - INFO - OK
2022-05-13-09-15-14 - tests.py - tests - request - 79 - INFO - 拒绝提名-角色错误
2022-05-13-09-15-14 - tests.py - tests - request - 79 - INFO - teacher login
2022-05-13-09-15-14 - tests.py - tests - get_response - 52 - DEBUG - posting url: /login
2022-05-13-09-15-14 - tests.py - tests - validate - 69 - DEBUG - status code:200  message:login successful
2022-05-13-09-15-14 - tests.py - tests - validate - 73 - INFO - OK
2022-05-13-09-15-14 - tests.py - tests - get_response - 52 - DEBUG - posting url: /reject_nominate
2022-05-13-09-15-14 - log.py - log - log_response - 225 - WARNING - Bad Request: /api/reject_nominate
2022-05-13-09-15-14 - tests.py - tests - validate - 69 - DEBUG - status code:400  message:no permission
2022-05-13-09-15-14 - tests.py - tests - validate - 73 - INFO - OK
2022-05-13-09-15-14 - tests.py - tests - request - 79 - INFO - newcomer login
2022-05-13-09-15-14 - tests.py - tests - get_response - 52 - DEBUG - posting url: /login
2022-05-13-09-15-14 - tests.py - tests - validate - 69 - DEBUG - status code:200  message:login successful
2022-05-13-09-15-14 - tests.py - tests - validate - 73 - INFO - OK
2022-05-13-09-15-14 - tests.py - tests - get_response - 52 - DEBUG - posting url: /reject_nominate
2022-05-13-09-15-14 - log.py - log - log_response - 225 - WARNING - Bad Request: /api/reject_nominate
2022-05-13-09-15-14 - tests.py - tests - validate - 69 - DEBUG - status code:400  message:no permission
2022-05-13-09-15-14 - tests.py - tests - validate - 73 - INFO - OK
2022-05-13-09-15-14 - tests.py - tests - request - 79 - INFO - 拒绝提名-找不到用户
2022-05-13-09-15-14 - tests.py - tests - request - 79 - INFO - admin login
2022-05-13-09-15-14 - tests.py - tests - get_response - 52 - DEBUG - posting url: /login
2022-05-13-09-15-14 - tests.py - tests - validate - 69 - DEBUG - status code:200  message:login successful
2022-05-13-09-15-14 - tests.py - tests - validate - 73 - INFO - OK
2022-05-13-09-15-14 - tests.py - tests - get_response - 52 - DEBUG - posting url: /reject_nominate
2022-05-13-09-15-14 - log.py - log - log_response - 225 - WARNING - Bad Request: /api/reject_nominate
2022-05-13-09-15-14 - tests.py - tests - validate - 69 - DEBUG - status code:400  message:succeed
2022-05-13-09-15-14 - tests.py - tests - validate - 73 - INFO - OK
2022-05-13-09-15-14 - tests.py - tests - request - 79 - INFO - HRBP login
2022-05-13-09-15-14 - tests.py - tests - get_response - 52 - DEBUG - posting url: /login
2022-05-13-09-15-14 - tests.py - tests - validate - 69 - DEBUG - status code:200  message:login successful
2022-05-13-09-15-14 - tests.py - tests - validate - 73 - INFO - OK
2022-05-13-09-15-14 - tests.py - tests - get_response - 52 - DEBUG - posting url: /reject_nominate
2022-05-13-09-15-14 - log.py - log - log_response - 225 - WARNING - Bad Request: /api/reject_nominate
2022-05-13-09-15-14 - tests.py - tests - validate - 69 - DEBUG - status code:400  message:succeed
2022-05-13-09-15-14 - tests.py - tests - validate - 73 - INFO - OK
2022-05-13-09-15-14 - tests.py - tests - request - 79 - INFO - 初始化数据
2022-05-13-09-15-14 - tests.py - tests - get_response - 52 - DEBUG - posting url: /write_db
2022-05-13-09-15-15 - tests.py - tests - validate - 69 - DEBUG - status code:200  message:succefully write in
2022-05-13-09-15-15 - tests.py - tests - validate - 73 - INFO - OK
2022-05-13-09-15-15 - tests.py - tests - request - 79 - INFO - admin获取候提名进度
2022-05-13-09-15-15 - tests.py - tests - request - 79 - INFO - admin login
2022-05-13-09-15-15 - tests.py - tests - get_response - 52 - DEBUG - posting url: /login
2022-05-13-09-15-15 - tests.py - tests - validate - 69 - DEBUG - status code:200  message:login successful
2022-05-13-09-15-15 - tests.py - tests - validate - 73 - INFO - OK
2022-05-13-09-15-15 - tests.py - tests - get_response - 56 - DEBUG - getting url: /nominate_process
2022-05-13-09-15-15 - tests.py - tests - validate - 69 - DEBUG - status code:200  message:send 7 data
2022-05-13-09-15-15 - tests.py - tests - validate - 73 - INFO - OK
2022-05-13-09-15-15 - tests.py - tests - request - 79 - INFO - 其他角色获取提名进度
2022-05-13-09-15-15 - tests.py - tests - request - 79 - INFO - teacher login
2022-05-13-09-15-15 - tests.py - tests - get_response - 52 - DEBUG - posting url: /login
2022-05-13-09-15-15 - tests.py - tests - validate - 69 - DEBUG - status code:200  message:login successful
2022-05-13-09-15-15 - tests.py - tests - validate - 73 - INFO - OK
2022-05-13-09-15-15 - tests.py - tests - get_response - 56 - DEBUG - getting url: /nominate_process
2022-05-13-09-15-15 - log.py - log - log_response - 225 - WARNING - Bad Request: /api/nominate_process
2022-05-13-09-15-15 - tests.py - tests - validate - 69 - DEBUG - status code:400  message:no permission
2022-05-13-09-15-15 - tests.py - tests - validate - 73 - INFO - OK
2022-05-13-09-15-15 - tests.py - tests - request - 79 - INFO - HRBP login
2022-05-13-09-15-15 - tests.py - tests - get_response - 52 - DEBUG - posting url: /login
2022-05-13-09-15-15 - tests.py - tests - validate - 69 - DEBUG - status code:200  message:login successful
2022-05-13-09-15-15 - tests.py - tests - validate - 73 - INFO - OK
2022-05-13-09-15-15 - tests.py - tests - get_response - 56 - DEBUG - getting url: /nominate_process
2022-05-13-09-15-15 - log.py - log - log_response - 225 - WARNING - Bad Request: /api/nominate_process
2022-05-13-09-15-15 - tests.py - tests - validate - 69 - DEBUG - status code:400  message:no permission
2022-05-13-09-15-15 - tests.py - tests - validate - 73 - INFO - OK
2022-05-13-09-15-15 - tests.py - tests - request - 79 - INFO - newcomer login
2022-05-13-09-15-15 - tests.py - tests - get_response - 52 - DEBUG - posting url: /login
2022-05-13-09-15-15 - tests.py - tests - validate - 69 - DEBUG - status code:200  message:login successful
2022-05-13-09-15-15 - tests.py - tests - validate - 73 - INFO - OK
2022-05-13-09-15-15 - tests.py - tests - get_response - 56 - DEBUG - getting url: /nominate_process
2022-05-13-09-15-15 - log.py - log - log_response - 225 - WARNING - Bad Request: /api/nominate_process
2022-05-13-09-15-15 - tests.py - tests - validate - 69 - DEBUG - status code:400  message:no permission
2022-05-13-09-15-15 - tests.py - tests - validate - 73 - INFO - OK
2022-05-13-09-15-15 - tests.py - tests - request - 79 - INFO - 错误方法
2022-05-13-09-15-15 - tests.py - tests - request - 79 - INFO - admin login
2022-05-13-09-15-15 - tests.py - tests - get_response - 52 - DEBUG - posting url: /login
2022-05-13-09-15-15 - tests.py - tests - validate - 69 - DEBUG - status code:200  message:login successful
2022-05-13-09-15-15 - tests.py - tests - validate - 73 - INFO - OK
2022-05-13-09-15-15 - tests.py - tests - get_response - 52 - DEBUG - posting url: /nominate_process
2022-05-13-09-15-15 - log.py - log - log_response - 225 - WARNING - Bad Request: /api/nominate_process
2022-05-13-09-15-15 - tests.py - tests - validate - 69 - DEBUG - status code:400  message:invalid method
2022-05-13-09-15-15 - tests.py - tests - validate - 73 - INFO - OK
2022-05-13-09-15-15 - tests.py - tests - request - 79 - INFO - 初始化数据
2022-05-13-09-15-15 - tests.py - tests - get_response - 52 - DEBUG - posting url: /write_db
2022-05-13-09-15-15 - tests.py - tests - validate - 69 - DEBUG - status code:200  message:succefully write in
2022-05-13-09-15-15 - tests.py - tests - validate - 73 - INFO - OK
2022-05-13-09-15-15 - tests.py - tests - request - 79 - INFO - admin提名人选
2022-05-13-09-15-15 - tests.py - tests - request - 79 - INFO - admin login
2022-05-13-09-15-15 - tests.py - tests - get_response - 52 - DEBUG - posting url: /login
2022-05-13-09-15-15 - tests.py - tests - validate - 69 - DEBUG - status code:200  message:login successful
2022-05-13-09-15-15 - tests.py - tests - validate - 73 - INFO - OK
2022-05-13-09-15-15 - tests.py - tests - get_response - 52 - DEBUG - posting url: /nominate_teachers
2022-05-13-09-15-15 - tests.py - tests - validate - 69 - DEBUG - status code:200  message:success
2022-05-13-09-15-15 - tests.py - tests - validate - 73 - INFO - OK
2022-05-13-09-15-15 - tests.py - tests - request - 79 - INFO - admin提名人选-权限错误
2022-05-13-09-15-15 - tests.py - tests - request - 79 - INFO - newcomer login
2022-05-13-09-15-15 - tests.py - tests - get_response - 52 - DEBUG - posting url: /login
2022-05-13-09-15-15 - tests.py - tests - validate - 69 - DEBUG - status code:200  message:login successful
2022-05-13-09-15-15 - tests.py - tests - validate - 73 - INFO - OK
2022-05-13-09-15-15 - tests.py - tests - get_response - 52 - DEBUG - posting url: /nominate_teachers
2022-05-13-09-15-15 - log.py - log - log_response - 225 - WARNING - Bad Request: /api/nominate_teachers
2022-05-13-09-15-15 - tests.py - tests - validate - 69 - DEBUG - status code:400  message:no permission
2022-05-13-09-15-15 - tests.py - tests - validate - 73 - INFO - OK
2022-05-13-09-15-15 - tests.py - tests - request - 79 - INFO - 初始化数据
2022-05-13-09-15-15 - tests.py - tests - get_response - 52 - DEBUG - posting url: /write_db
2022-05-13-09-15-16 - tests.py - tests - validate - 69 - DEBUG - status code:200  message:succefully write in
2022-05-13-09-15-16 - tests.py - tests - validate - 73 - INFO - OK
2022-05-13-09-15-16 - tests.py - tests - request - 79 - INFO - HRBP获取待审核导师列表(暂时更改）
2022-05-13-09-15-16 - tests.py - tests - request - 79 - INFO - admin login
2022-05-13-09-15-16 - tests.py - tests - get_response - 52 - DEBUG - posting url: /login
2022-05-13-09-15-16 - tests.py - tests - validate - 69 - DEBUG - status code:200  message:login successful
2022-05-13-09-15-16 - tests.py - tests - validate - 73 - INFO - OK
2022-05-13-09-15-16 - tests.py - tests - get_response - 56 - DEBUG - getting url: /nominated_list
2022-05-13-09-15-16 - tests.py - tests - validate - 69 - DEBUG - status code:200  message:succeed
2022-05-13-09-15-16 - tests.py - tests - validate - 73 - INFO - OK
2022-05-13-09-15-16 - tests.py - tests - request - 79 - INFO - HRBP login
2022-05-13-09-15-16 - tests.py - tests - get_response - 52 - DEBUG - posting url: /login
2022-05-13-09-15-16 - tests.py - tests - validate - 69 - DEBUG - status code:200  message:login successful
2022-05-13-09-15-16 - tests.py - tests - validate - 73 - INFO - OK
2022-05-13-09-15-16 - tests.py - tests - get_response - 56 - DEBUG - getting url: /nominated_list
2022-05-13-09-15-16 - tests.py - tests - validate - 69 - DEBUG - status code:200  message:succeed
2022-05-13-09-15-16 - tests.py - tests - validate - 73 - INFO - OK
2022-05-13-09-15-16 - tests.py - tests - request - 79 - INFO - 其他身份获取待审核导师列表
2022-05-13-09-15-16 - tests.py - tests - request - 79 - INFO - newcomer login
2022-05-13-09-15-16 - tests.py - tests - get_response - 52 - DEBUG - posting url: /login
2022-05-13-09-15-16 - tests.py - tests - validate - 69 - DEBUG - status code:200  message:login successful
2022-05-13-09-15-16 - tests.py - tests - validate - 73 - INFO - OK
2022-05-13-09-15-16 - tests.py - tests - get_response - 56 - DEBUG - getting url: /nominated_list
2022-05-13-09-15-16 - log.py - log - log_response - 225 - WARNING - Bad Request: /api/nominated_list
2022-05-13-09-15-16 - tests.py - tests - validate - 69 - DEBUG - status code:400  message:permission denied
2022-05-13-09-15-16 - tests.py - tests - validate - 73 - INFO - OK
2022-05-13-09-15-16 - tests.py - tests - request - 79 - INFO - teacher login
2022-05-13-09-15-16 - tests.py - tests - get_response - 52 - DEBUG - posting url: /login
2022-05-13-09-15-16 - tests.py - tests - validate - 69 - DEBUG - status code:200  message:login successful
2022-05-13-09-15-16 - tests.py - tests - validate - 73 - INFO - OK
2022-05-13-09-15-16 - tests.py - tests - get_response - 56 - DEBUG - getting url: /nominated_list
2022-05-13-09-15-16 - log.py - log - log_response - 225 - WARNING - Bad Request: /api/nominated_list
2022-05-13-09-15-16 - tests.py - tests - validate - 69 - DEBUG - status code:400  message:permission denied
2022-05-13-09-15-16 - tests.py - tests - validate - 73 - INFO - OK
2022-05-13-09-15-16 - tests.py - tests - request - 79 - INFO - 初始化数据
2022-05-13-09-15-16 - tests.py - tests - get_response - 52 - DEBUG - posting url: /write_db
2022-05-13-09-15-17 - tests.py - tests - validate - 69 - DEBUG - status code:200  message:succefully write in
2022-05-13-09-15-17 - tests.py - tests - validate - 73 - INFO - OK
2022-05-13-09-15-17 - tests.py - tests - request - 79 - INFO - Notification单播
2022-05-13-09-15-17 - tests.py - tests - request - 79 - INFO - admin login
2022-05-13-09-15-17 - tests.py - tests - get_response - 52 - DEBUG - posting url: /login
2022-05-13-09-15-17 - tests.py - tests - validate - 69 - DEBUG - status code:200  message:login successful
2022-05-13-09-15-17 - tests.py - tests - validate - 73 - INFO - OK
2022-05-13-09-15-17 - tests.py - tests - get_response - 52 - DEBUG - posting url: /create_notification
2022-05-13-09-15-17 - tests.py - tests - validate - 69 - DEBUG - status code:200  message:notification 测试公告 assigned to 1 users
2022-05-13-09-15-17 - tests.py - tests - validate - 73 - INFO - OK
2022-05-13-09-15-17 - tests.py - tests - request - 79 - INFO - Notification单播失败 身份错误
2022-05-13-09-15-17 - tests.py - tests - request - 79 - INFO - newcomer login
2022-05-13-09-15-17 - tests.py - tests - get_response - 52 - DEBUG - posting url: /login
2022-05-13-09-15-17 - tests.py - tests - validate - 69 - DEBUG - status code:200  message:login successful
2022-05-13-09-15-17 - tests.py - tests - validate - 73 - INFO - OK
2022-05-13-09-15-17 - tests.py - tests - get_response - 52 - DEBUG - posting url: /create_notification
2022-05-13-09-15-17 - log.py - log - log_response - 225 - WARNING - Bad Request: /api/create_notification
2022-05-13-09-15-17 - tests.py - tests - validate - 69 - DEBUG - status code:400  message:unauthorized action
2022-05-13-09-15-17 - tests.py - tests - validate - 73 - INFO - OK
2022-05-13-09-15-17 - tests.py - tests - request - 79 - INFO - Notification单播失败 找不到公告对象
2022-05-13-09-15-17 - tests.py - tests - request - 79 - INFO - newcomer login
2022-05-13-09-15-17 - tests.py - tests - get_response - 52 - DEBUG - posting url: /login
2022-05-13-09-15-17 - tests.py - tests - validate - 69 - DEBUG - status code:200  message:login successful
2022-05-13-09-15-17 - tests.py - tests - validate - 73 - INFO - OK
2022-05-13-09-15-17 - tests.py - tests - get_response - 52 - DEBUG - posting url: /create_notification
2022-05-13-09-15-17 - log.py - log - log_response - 225 - WARNING - Bad Request: /api/create_notification
2022-05-13-09-15-17 - tests.py - tests - validate - 69 - DEBUG - status code:400  message:unauthorized action
2022-05-13-09-15-17 - tests.py - tests - validate - 73 - INFO - OK
2022-05-13-09-15-17 - tests.py - tests - request - 79 - INFO - 获取my_notification_list
2022-05-13-09-15-17 - tests.py - tests - request - 79 - INFO - newcomer login
2022-05-13-09-15-17 - tests.py - tests - get_response - 52 - DEBUG - posting url: /login
2022-05-13-09-15-17 - tests.py - tests - validate - 69 - DEBUG - status code:200  message:login successful
2022-05-13-09-15-17 - tests.py - tests - validate - 73 - INFO - OK
2022-05-13-09-15-17 - tests.py - tests - get_response - 56 - DEBUG - getting url: /my_notification_list
2022-05-13-09-15-17 - tests.py - tests - validate - 69 - DEBUG - status code:200  message:notification list retrieved
2022-05-13-09-15-17 - tests.py - tests - validate - 73 - INFO - OK
2022-05-13-09-15-17 - tests.py - tests - request - 79 - INFO - 完成阅读公告
2022-05-13-09-15-17 - tests.py - tests - request - 79 - INFO - newcomer login
2022-05-13-09-15-17 - tests.py - tests - get_response - 52 - DEBUG - posting url: /login
2022-05-13-09-15-17 - tests.py - tests - validate - 69 - DEBUG - status code:200  message:login successful
2022-05-13-09-15-17 - tests.py - tests - validate - 73 - INFO - OK
2022-05-13-09-15-17 - tests.py - tests - get_response - 52 - DEBUG - posting url: /finish_notification
2022-05-13-09-15-17 - tests.py - tests - validate - 69 - DEBUG - status code:200  message:finished reading notification 1
2022-05-13-09-15-17 - tests.py - tests - validate - 73 - INFO - OK
2022-05-13-09-15-17 - tests.py - tests - request - 79 - INFO - 创建群组
2022-05-13-09-15-17 - tests.py - tests - request - 79 - INFO - admin login
2022-05-13-09-15-17 - tests.py - tests - get_response - 52 - DEBUG - posting url: /login
2022-05-13-09-15-17 - tests.py - tests - validate - 69 - DEBUG - status code:200  message:login successful
2022-05-13-09-15-17 - tests.py - tests - validate - 73 - INFO - OK
2022-05-13-09-15-17 - tests.py - tests - get_response - 52 - DEBUG - posting url: /create_group
2022-05-13-09-15-17 - tests.py - tests - validate - 69 - DEBUG - status code:200  message:created new group with id 2, which now has 1 users
2022-05-13-09-15-17 - tests.py - tests - validate - 73 - INFO - OK
2022-05-13-09-15-17 - tests.py - tests - request - 79 - INFO - 添加组员
2022-05-13-09-15-17 - tests.py - tests - request - 79 - INFO - admin login
2022-05-13-09-15-17 - tests.py - tests - get_response - 52 - DEBUG - posting url: /login
2022-05-13-09-15-17 - tests.py - tests - validate - 69 - DEBUG - status code:200  message:login successful
2022-05-13-09-15-17 - tests.py - tests - validate - 73 - INFO - OK
2022-05-13-09-15-17 - tests.py - tests - get_response - 52 - DEBUG - posting url: /add_group_member
2022-05-13-09-15-17 - tests.py - tests - validate - 69 - DEBUG - status code:200  message:users ['s1', 's2'] added to group 测试群组
2022-05-13-09-15-17 - tests.py - tests - validate - 73 - INFO - OK
2022-05-13-09-15-17 - tests.py - tests - request - 79 - INFO - 获取my_group_list
2022-05-13-09-15-17 - tests.py - tests - request - 79 - INFO - admin login
2022-05-13-09-15-17 - tests.py - tests - get_response - 52 - DEBUG - posting url: /login
2022-05-13-09-15-17 - tests.py - tests - validate - 69 - DEBUG - status code:200  message:login successful
2022-05-13-09-15-17 - tests.py - tests - validate - 73 - INFO - OK
2022-05-13-09-15-17 - tests.py - tests - get_response - 56 - DEBUG - getting url: /my_group_list
2022-05-13-09-15-17 - tests.py - tests - validate - 69 - DEBUG - status code:200  message:a total of 2 groups retrieved
2022-05-13-09-15-17 - tests.py - tests - validate - 73 - INFO - OK
2022-05-13-09-15-17 - tests.py - tests - request - 79 - INFO - 群发通知
2022-05-13-09-15-17 - tests.py - tests - request - 79 - INFO - admin login
2022-05-13-09-15-17 - tests.py - tests - get_response - 52 - DEBUG - posting url: /login
2022-05-13-09-15-17 - tests.py - tests - validate - 69 - DEBUG - status code:200  message:login successful
2022-05-13-09-15-17 - tests.py - tests - validate - 73 - INFO - OK
2022-05-13-09-15-17 - tests.py - tests - get_response - 52 - DEBUG - posting url: /create_group_notification
2022-05-13-09-15-17 - tests.py - tests - validate - 69 - DEBUG - status code:200  message:notification test_title assigned to 1 groups
2022-05-13-09-15-17 - tests.py - tests - validate - 73 - INFO - OK
2022-05-13-09-15-17 - tests.py - tests - request - 79 - INFO - 删除群组
2022-05-13-09-15-17 - tests.py - tests - request - 79 - INFO - admin login
2022-05-13-09-15-17 - tests.py - tests - get_response - 52 - DEBUG - posting url: /login
2022-05-13-09-15-17 - tests.py - tests - validate - 69 - DEBUG - status code:200  message:login successful
2022-05-13-09-15-17 - tests.py - tests - validate - 73 - INFO - OK
2022-05-13-09-15-17 - tests.py - tests - get_response - 52 - DEBUG - posting url: /delete_group
2022-05-13-09-15-17 - tests.py - tests - validate - 69 - DEBUG - status code:200  message:group 测试群组 with 3 users deleted
2022-05-13-09-15-17 - tests.py - tests - validate - 73 - INFO - OK
2022-05-13-09-15-17 - tests.py - tests - request - 79 - INFO - 从群组移除成员
2022-05-13-09-15-17 - tests.py - tests - request - 79 - INFO - admin login
2022-05-13-09-15-17 - tests.py - tests - get_response - 52 - DEBUG - posting url: /login
2022-05-13-09-15-17 - tests.py - tests - validate - 69 - DEBUG - status code:200  message:login successful
2022-05-13-09-15-17 - tests.py - tests - validate - 73 - INFO - OK
2022-05-13-09-15-17 - tests.py - tests - get_response - 52 - DEBUG - posting url: /delete_member
2022-05-13-09-15-17 - log.py - log - log_response - 225 - WARNING - Bad Request: /api/delete_member
2022-05-13-09-15-17 - tests.py - tests - validate - 69 - DEBUG - status code:400  message:requested item not found in database
2022-05-13-09-15-17 - tests.py - tests - validate - 73 - INFO - OK
2022-05-13-09-15-17 - tests.py - tests - request - 79 - INFO - 删除公告
2022-05-13-09-15-17 - tests.py - tests - request - 79 - INFO - admin login
2022-05-13-09-15-17 - tests.py - tests - get_response - 52 - DEBUG - posting url: /login
2022-05-13-09-15-17 - tests.py - tests - validate - 69 - DEBUG - status code:200  message:login successful
2022-05-13-09-15-17 - tests.py - tests - validate - 73 - INFO - OK
2022-05-13-09-15-17 - tests.py - tests - get_response - 52 - DEBUG - posting url: /delete_notification
2022-05-13-09-15-17 - tests.py - tests - validate - 69 - DEBUG - status code:200  message:notification deleted
2022-05-13-09-15-17 - tests.py - tests - validate - 73 - INFO - OK
2022-05-13-09-15-17 - tests.py - tests - request - 79 - INFO - 获取authored_group_list
2022-05-13-09-15-17 - tests.py - tests - request - 79 - INFO - admin login
2022-05-13-09-15-17 - tests.py - tests - get_response - 52 - DEBUG - posting url: /login
2022-05-13-09-15-17 - tests.py - tests - validate - 69 - DEBUG - status code:200  message:login successful
2022-05-13-09-15-17 - tests.py - tests - validate - 73 - INFO - OK
2022-05-13-09-15-17 - tests.py - tests - get_response - 56 - DEBUG - getting url: /authored_notification_list
2022-05-13-09-15-17 - tests.py - tests - validate - 69 - DEBUG - status code:200  message:authored notification list retrieved
2022-05-13-09-15-17 - tests.py - tests - validate - 73 - INFO - OK
2022-05-13-09-15-17 - tests.py - tests - request - 79 - INFO - 初始化数据
2022-05-13-09-15-17 - tests.py - tests - get_response - 52 - DEBUG - posting url: /write_db
2022-05-13-09-15-17 - tests.py - tests - validate - 69 - DEBUG - status code:200  message:succefully write in
2022-05-13-09-15-17 - tests.py - tests - validate - 73 - INFO - OK
2022-05-13-09-15-17 - tests.py - tests - request - 79 - INFO - 获取program的content list
2022-05-13-09-15-17 - tests.py - tests - request - 79 - INFO - admin login
2022-05-13-09-15-17 - tests.py - tests - get_response - 52 - DEBUG - posting url: /login
2022-05-13-09-15-17 - tests.py - tests - validate - 69 - DEBUG - status code:200  message:login successful
2022-05-13-09-15-17 - tests.py - tests - validate - 73 - INFO - OK
2022-05-13-09-15-17 - tests.py - tests - get_response - 52 - DEBUG - posting url: /program_content_list
2022-05-13-09-15-17 - tests.py - tests - validate - 69 - DEBUG - status code:200  message:1 contents retrieved for program 15
2022-05-13-09-15-17 - tests.py - tests - validate - 73 - INFO - OK
2022-05-13-09-15-17 - tests.py - tests - request - 79 - INFO - 获取program的content list-方法错误
2022-05-13-09-15-17 - tests.py - tests - request - 79 - INFO - admin login
2022-05-13-09-15-17 - tests.py - tests - get_response - 52 - DEBUG - posting url: /login
2022-05-13-09-15-17 - tests.py - tests - validate - 69 - DEBUG - status code:200  message:login successful
2022-05-13-09-15-17 - tests.py - tests - validate - 73 - INFO - OK
2022-05-13-09-15-17 - tests.py - tests - get_response - 56 - DEBUG - getting url: /program_content_list
2022-05-13-09-15-17 - log.py - log - log_response - 225 - WARNING - Bad Request: /api/program_content_list
2022-05-13-09-15-17 - tests.py - tests - validate - 69 - DEBUG - status code:400  message:invalid method
2022-05-13-09-15-17 - tests.py - tests - validate - 73 - INFO - OK
2022-05-13-09-15-17 - tests.py - tests - request - 79 - INFO - 获取program的content list-找不到program
2022-05-13-09-15-17 - tests.py - tests - request - 79 - INFO - admin login
2022-05-13-09-15-17 - tests.py - tests - get_response - 52 - DEBUG - posting url: /login
2022-05-13-09-15-17 - tests.py - tests - validate - 69 - DEBUG - status code:200  message:login successful
2022-05-13-09-15-17 - tests.py - tests - validate - 73 - INFO - OK
2022-05-13-09-15-17 - tests.py - tests - get_response - 52 - DEBUG - posting url: /program_content_list
2022-05-13-09-15-17 - log.py - log - log_response - 225 - WARNING - Bad Request: /api/program_content_list
2022-05-13-09-15-17 - tests.py - tests - validate - 69 - DEBUG - status code:400  message:requested item not found in database
2022-05-13-09-15-17 - tests.py - tests - validate - 73 - INFO - OK
2022-05-13-09-15-17 - tests.py - tests - request - 79 - INFO - 初始化数据
2022-05-13-09-15-17 - tests.py - tests - get_response - 52 - DEBUG - posting url: /write_db
2022-05-13-09-15-18 - tests.py - tests - validate - 69 - DEBUG - status code:200  message:succefully write in
2022-05-13-09-15-18 - tests.py - tests - validate - 73 - INFO - OK
2022-05-13-09-15-18 - tests.py - tests - request - 79 - INFO - 获取program的content list
2022-05-13-09-15-18 - tests.py - tests - request - 79 - INFO - admin login
2022-05-13-09-15-18 - tests.py - tests - get_response - 52 - DEBUG - posting url: /login
2022-05-13-09-15-18 - tests.py - tests - validate - 69 - DEBUG - status code:200  message:login successful
2022-05-13-09-15-18 - tests.py - tests - validate - 73 - INFO - OK
2022-05-13-09-15-18 - tests.py - tests - get_response - 56 - DEBUG - getting url: /program_templates
2022-05-13-09-15-18 - tests.py - tests - validate - 69 - DEBUG - status code:200  message:all program templates retrieved
2022-05-13-09-15-18 - tests.py - tests - validate - 73 - INFO - OK
2022-05-13-09-15-18 - tests.py - tests - request - 79 - INFO - 获取program的content list-方法错误
2022-05-13-09-15-18 - tests.py - tests - request - 79 - INFO - admin login
2022-05-13-09-15-18 - tests.py - tests - get_response - 52 - DEBUG - posting url: /login
2022-05-13-09-15-18 - tests.py - tests - validate - 69 - DEBUG - status code:200  message:login successful
2022-05-13-09-15-18 - tests.py - tests - validate - 73 - INFO - OK
2022-05-13-09-15-18 - tests.py - tests - get_response - 52 - DEBUG - posting url: /program_templates
2022-05-13-09-15-18 - log.py - log - log_response - 225 - WARNING - Bad Request: /api/program_templates
2022-05-13-09-15-18 - tests.py - tests - validate - 69 - DEBUG - status code:400  message:invalid method
2022-05-13-09-15-18 - tests.py - tests - validate - 73 - INFO - OK
2022-05-13-09-15-18 - tests.py - tests - request - 79 - INFO - 获取program的content list-身份错误
2022-05-13-09-15-18 - tests.py - tests - request - 79 - INFO - newcomer login
2022-05-13-09-15-18 - tests.py - tests - get_response - 52 - DEBUG - posting url: /login
2022-05-13-09-15-18 - tests.py - tests - validate - 69 - DEBUG - status code:200  message:login successful
2022-05-13-09-15-18 - tests.py - tests - validate - 73 - INFO - OK
2022-05-13-09-15-18 - tests.py - tests - get_response - 56 - DEBUG - getting url: /program_templates
2022-05-13-09-15-18 - log.py - log - log_response - 225 - WARNING - Bad Request: /api/program_templates
2022-05-13-09-15-18 - tests.py - tests - validate - 69 - DEBUG - status code:400  message:unauthorized action
2022-05-13-09-15-18 - tests.py - tests - validate - 73 - INFO - OK
2022-05-13-09-15-18 - tests.py - tests - request - 79 - INFO - 初始化数据
2022-05-13-09-15-18 - tests.py - tests - get_response - 52 - DEBUG - posting url: /write_db
2022-05-13-09-15-18 - tests.py - tests - validate - 69 - DEBUG - status code:200  message:succefully write in
2022-05-13-09-15-18 - tests.py - tests - validate - 73 - INFO - OK
2022-05-13-09-15-18 - tests.py - tests - request - 79 - INFO - 切换身份
2022-05-13-09-15-18 - tests.py - tests - request - 79 - INFO - admin login
2022-05-13-09-15-18 - tests.py - tests - get_response - 52 - DEBUG - posting url: /login
2022-05-13-09-15-18 - tests.py - tests - validate - 69 - DEBUG - status code:200  message:login successful
2022-05-13-09-15-18 - tests.py - tests - validate - 73 - INFO - OK
2022-05-13-09-15-18 - tests.py - tests - get_response - 52 - DEBUG - posting url: /switch_role
2022-05-13-09-15-18 - views.py - views - switch_role - 280 - INFO - admin
2022-05-13-09-15-18 - tests.py - tests - validate - 69 - DEBUG - status code:200  message:role switched to admin
2022-05-13-09-15-18 - tests.py - tests - validate - 73 - INFO - OK
2022-05-13-09-15-18 - tests.py - tests - request - 79 - INFO - 切换新人身份
2022-05-13-09-15-18 - tests.py - tests - request - 79 - INFO - admin login
2022-05-13-09-15-18 - tests.py - tests - get_response - 52 - DEBUG - posting url: /login
2022-05-13-09-15-18 - tests.py - tests - validate - 69 - DEBUG - status code:200  message:login successful
2022-05-13-09-15-18 - tests.py - tests - validate - 73 - INFO - OK
2022-05-13-09-15-18 - tests.py - tests - get_response - 52 - DEBUG - posting url: /switch_role
2022-05-13-09-15-18 - views.py - views - switch_role - 280 - INFO - newcomer
2022-05-13-09-15-18 - tests.py - tests - validate - 69 - DEBUG - status code:200  message:role switched to newcomer
2022-05-13-09-15-18 - tests.py - tests - validate - 73 - INFO - OK
2022-05-13-09-15-18 - tests.py - tests - request - 79 - INFO - HRBP login
2022-05-13-09-15-18 - tests.py - tests - get_response - 52 - DEBUG - posting url: /login
2022-05-13-09-15-18 - tests.py - tests - validate - 69 - DEBUG - status code:200  message:login successful
2022-05-13-09-15-18 - tests.py - tests - validate - 73 - INFO - OK
2022-05-13-09-15-18 - tests.py - tests - get_response - 52 - DEBUG - posting url: /switch_role
2022-05-13-09-15-18 - views.py - views - switch_role - 280 - INFO - newcomer
2022-05-13-09-15-18 - tests.py - tests - validate - 69 - DEBUG - status code:200  message:role switched to newcomer
2022-05-13-09-15-18 - tests.py - tests - validate - 73 - INFO - OK
2022-05-13-09-15-18 - tests.py - tests - request - 79 - INFO - teacher login
2022-05-13-09-15-18 - tests.py - tests - get_response - 52 - DEBUG - posting url: /login
2022-05-13-09-15-18 - tests.py - tests - validate - 69 - DEBUG - status code:200  message:login successful
2022-05-13-09-15-18 - tests.py - tests - validate - 73 - INFO - OK
2022-05-13-09-15-18 - tests.py - tests - get_response - 52 - DEBUG - posting url: /switch_role
2022-05-13-09-15-18 - views.py - views - switch_role - 280 - INFO - newcomer
2022-05-13-09-15-18 - tests.py - tests - validate - 69 - DEBUG - status code:200  message:role switched to newcomer
2022-05-13-09-15-18 - tests.py - tests - validate - 73 - INFO - OK
2022-05-13-09-15-18 - tests.py - tests - request - 79 - INFO - newcomer login
2022-05-13-09-15-18 - tests.py - tests - get_response - 52 - DEBUG - posting url: /login
2022-05-13-09-15-18 - tests.py - tests - validate - 69 - DEBUG - status code:200  message:login successful
2022-05-13-09-15-18 - tests.py - tests - validate - 73 - INFO - OK
2022-05-13-09-15-18 - tests.py - tests - get_response - 52 - DEBUG - posting url: /switch_role
2022-05-13-09-15-18 - views.py - views - switch_role - 280 - INFO - newcomer
2022-05-13-09-15-18 - tests.py - tests - validate - 69 - DEBUG - status code:200  message:role switched to newcomer
2022-05-13-09-15-18 - tests.py - tests - validate - 73 - INFO - OK
2022-05-13-09-15-18 - tests.py - tests - request - 79 - INFO - 切换HRBP身份
2022-05-13-09-15-18 - tests.py - tests - request - 79 - INFO - HRBP login
2022-05-13-09-15-18 - tests.py - tests - get_response - 52 - DEBUG - posting url: /login
2022-05-13-09-15-18 - tests.py - tests - validate - 69 - DEBUG - status code:200  message:login successful
2022-05-13-09-15-18 - tests.py - tests - validate - 73 - INFO - OK
2022-05-13-09-15-18 - tests.py - tests - get_response - 52 - DEBUG - posting url: /switch_role
2022-05-13-09-15-18 - views.py - views - switch_role - 280 - INFO - HRBP
2022-05-13-09-15-18 - tests.py - tests - validate - 69 - DEBUG - status code:200  message:role switched to HRBP
2022-05-13-09-15-18 - tests.py - tests - validate - 73 - INFO - OK
2022-05-13-09-15-18 - tests.py - tests - request - 79 - INFO - 切换teacher身份
2022-05-13-09-15-18 - tests.py - tests - request - 79 - INFO - HRBP login
2022-05-13-09-15-18 - tests.py - tests - get_response - 52 - DEBUG - posting url: /login
2022-05-13-09-15-18 - tests.py - tests - validate - 69 - DEBUG - status code:200  message:login successful
2022-05-13-09-15-18 - tests.py - tests - validate - 73 - INFO - OK
2022-05-13-09-15-18 - tests.py - tests - get_response - 52 - DEBUG - posting url: /switch_role
2022-05-13-09-15-18 - views.py - views - switch_role - 280 - INFO - teacher
2022-05-13-09-15-18 - tests.py - tests - validate - 69 - DEBUG - status code:200  message:role switched to teacher
2022-05-13-09-15-18 - tests.py - tests - validate - 73 - INFO - OK
2022-05-13-09-15-18 - tests.py - tests - request - 79 - INFO - teacher login
2022-05-13-09-15-18 - tests.py - tests - get_response - 52 - DEBUG - posting url: /login
2022-05-13-09-15-19 - tests.py - tests - validate - 69 - DEBUG - status code:200  message:login successful
2022-05-13-09-15-19 - tests.py - tests - validate - 73 - INFO - OK
2022-05-13-09-15-19 - tests.py - tests - get_response - 52 - DEBUG - posting url: /switch_role
2022-05-13-09-15-19 - views.py - views - switch_role - 280 - INFO - teacher
2022-05-13-09-15-19 - tests.py - tests - validate - 69 - DEBUG - status code:200  message:role switched to teacher
2022-05-13-09-15-19 - tests.py - tests - validate - 73 - INFO - OK
2022-05-13-09-15-19 - tests.py - tests - request - 79 - INFO - admin login
2022-05-13-09-15-19 - tests.py - tests - get_response - 52 - DEBUG - posting url: /login
2022-05-13-09-15-19 - tests.py - tests - validate - 69 - DEBUG - status code:200  message:login successful
2022-05-13-09-15-19 - tests.py - tests - validate - 73 - INFO - OK
2022-05-13-09-15-19 - tests.py - tests - get_response - 52 - DEBUG - posting url: /switch_role
2022-05-13-09-15-19 - views.py - views - switch_role - 280 - INFO - teacher
2022-05-13-09-15-19 - tests.py - tests - validate - 69 - DEBUG - status code:200  message:role switched to teacher
2022-05-13-09-15-19 - tests.py - tests - validate - 73 - INFO - OK
2022-05-13-09-15-19 - tests.py - tests - request - 79 - INFO - 初始化数据
2022-05-13-09-15-19 - tests.py - tests - get_response - 52 - DEBUG - posting url: /write_db
2022-05-13-09-15-19 - tests.py - tests - validate - 69 - DEBUG - status code:200  message:succefully write in
2022-05-13-09-15-19 - tests.py - tests - validate - 73 - INFO - OK
2022-05-13-09-15-19 - tests.py - tests - request - 79 - INFO - 导师平均分-成功
2022-05-13-09-15-19 - tests.py - tests - request - 79 - INFO - admin login
2022-05-13-09-15-19 - tests.py - tests - get_response - 52 - DEBUG - posting url: /login
2022-05-13-09-15-19 - tests.py - tests - validate - 69 - DEBUG - status code:200  message:login successful
2022-05-13-09-15-19 - tests.py - tests - validate - 73 - INFO - OK
2022-05-13-09-15-19 - tests.py - tests - get_response - 52 - DEBUG - posting url: /teacher_average_score
2022-05-13-09-15-19 - tests.py - tests - validate - 69 - DEBUG - status code:200  message:succeed
2022-05-13-09-15-19 - tests.py - tests - validate - 73 - INFO - OK
2022-05-13-09-15-19 - tests.py - tests - request - 79 - INFO - HRBP login
2022-05-13-09-15-19 - tests.py - tests - get_response - 52 - DEBUG - posting url: /login
2022-05-13-09-15-19 - tests.py - tests - validate - 69 - DEBUG - status code:200  message:login successful
2022-05-13-09-15-19 - tests.py - tests - validate - 73 - INFO - OK
2022-05-13-09-15-19 - tests.py - tests - get_response - 52 - DEBUG - posting url: /teacher_average_score
2022-05-13-09-15-19 - tests.py - tests - validate - 69 - DEBUG - status code:200  message:succeed
2022-05-13-09-15-19 - tests.py - tests - validate - 73 - INFO - OK
2022-05-13-09-15-19 - tests.py - tests - request - 79 - INFO - 导师平均分-方法错误
2022-05-13-09-15-19 - tests.py - tests - request - 79 - INFO - admin login
2022-05-13-09-15-19 - tests.py - tests - get_response - 52 - DEBUG - posting url: /login
2022-05-13-09-15-19 - tests.py - tests - validate - 69 - DEBUG - status code:200  message:login successful
2022-05-13-09-15-19 - tests.py - tests - validate - 73 - INFO - OK
2022-05-13-09-15-19 - tests.py - tests - get_response - 56 - DEBUG - getting url: /teacher_average_score
2022-05-13-09-15-19 - log.py - log - log_response - 225 - WARNING - Bad Request: /api/teacher_average_score
2022-05-13-09-15-19 - tests.py - tests - validate - 69 - DEBUG - status code:400  message:illegal request type
2022-05-13-09-15-19 - tests.py - tests - validate - 73 - INFO - OK
2022-05-13-09-15-19 - tests.py - tests - request - 79 - INFO - 导师平均分-权限错误
2022-05-13-09-15-19 - tests.py - tests - request - 79 - INFO - newcomer login
2022-05-13-09-15-19 - tests.py - tests - get_response - 52 - DEBUG - posting url: /login
2022-05-13-09-15-19 - tests.py - tests - validate - 69 - DEBUG - status code:200  message:login successful
2022-05-13-09-15-19 - tests.py - tests - validate - 73 - INFO - OK
2022-05-13-09-15-19 - tests.py - tests - get_response - 52 - DEBUG - posting url: /teacher_average_score
2022-05-13-09-15-19 - log.py - log - log_response - 225 - WARNING - Bad Request: /api/teacher_average_score
2022-05-13-09-15-19 - tests.py - tests - validate - 69 - DEBUG - status code:400  message:unauthorized action
2022-05-13-09-15-19 - tests.py - tests - validate - 73 - INFO - OK
2022-05-13-09-15-19 - tests.py - tests - request - 79 - INFO - teacher login
2022-05-13-09-15-19 - tests.py - tests - get_response - 52 - DEBUG - posting url: /login
2022-05-13-09-15-19 - tests.py - tests - validate - 69 - DEBUG - status code:200  message:login successful
2022-05-13-09-15-19 - tests.py - tests - validate - 73 - INFO - OK
2022-05-13-09-15-19 - tests.py - tests - get_response - 52 - DEBUG - posting url: /teacher_average_score
2022-05-13-09-15-19 - log.py - log - log_response - 225 - WARNING - Bad Request: /api/teacher_average_score
2022-05-13-09-15-19 - tests.py - tests - validate - 69 - DEBUG - status code:400  message:unauthorized action
2022-05-13-09-15-19 - tests.py - tests - validate - 73 - INFO - OK
2022-05-13-09-15-19 - tests.py - tests - request - 79 - INFO - 导师平均分-字段缺失
2022-05-13-09-15-19 - tests.py - tests - request - 79 - INFO - admin login
2022-05-13-09-15-19 - tests.py - tests - get_response - 52 - DEBUG - posting url: /login
2022-05-13-09-15-19 - tests.py - tests - validate - 69 - DEBUG - status code:200  message:login successful
2022-05-13-09-15-19 - tests.py - tests - validate - 73 - INFO - OK
2022-05-13-09-15-19 - tests.py - tests - get_response - 52 - DEBUG - posting url: /teacher_average_score
2022-05-13-09-15-19 - log.py - log - log_response - 225 - WARNING - Bad Request: /api/teacher_average_score
2022-05-13-09-15-19 - tests.py - tests - validate - 69 - DEBUG - status code:400  message:succeed
2022-05-13-09-15-19 - tests.py - tests - validate - 73 - INFO - OK
2022-05-13-09-15-19 - tests.py - tests - request - 79 - INFO - 导师平均分-时间错误
2022-05-13-09-15-19 - tests.py - tests - request - 79 - INFO - admin login
2022-05-13-09-15-19 - tests.py - tests - get_response - 52 - DEBUG - posting url: /login
2022-05-13-09-15-19 - tests.py - tests - validate - 69 - DEBUG - status code:200  message:login successful
2022-05-13-09-15-19 - tests.py - tests - validate - 73 - INFO - OK
2022-05-13-09-15-19 - tests.py - tests - get_response - 52 - DEBUG - posting url: /teacher_average_score
2022-05-13-09-15-19 - log.py - log - log_response - 225 - WARNING - Bad Request: /api/teacher_average_score
2022-05-13-09-15-19 - tests.py - tests - validate - 69 - DEBUG - status code:400  message:succeed
2022-05-13-09-15-19 - tests.py - tests - validate - 73 - INFO - OK
2022-05-13-09-15-19 - tests.py - tests - request - 79 - INFO - 初始化数据
2022-05-13-09-15-19 - tests.py - tests - get_response - 52 - DEBUG - posting url: /write_db
2022-05-13-09-15-20 - tests.py - tests - validate - 69 - DEBUG - status code:200  message:succefully write in
2022-05-13-09-15-20 - tests.py - tests - validate - 73 - INFO - OK
2022-05-13-09-15-20 - tests.py - tests - request - 79 - INFO - 导师获取自己的培训摘要
2022-05-13-09-15-20 - tests.py - tests - request - 79 - INFO - teacher login
2022-05-13-09-15-20 - tests.py - tests - get_response - 52 - DEBUG - posting url: /login
2022-05-13-09-15-20 - tests.py - tests - validate - 69 - DEBUG - status code:200  message:login successful
2022-05-13-09-15-20 - tests.py - tests - validate - 73 - INFO - OK
2022-05-13-09-15-20 - tests.py - tests - get_response - 56 - DEBUG - getting url: /teacher_board_summary_info
2022-05-13-09-15-20 - tests.py - tests - validate - 69 - DEBUG - status code:200  message:succeed
2022-05-13-09-15-20 - tests.py - tests - validate - 73 - INFO - OK
2022-05-13-09-15-20 - tests.py - tests - request - 79 - INFO - 导师获取自己的培训摘要-方法错误
2022-05-13-09-15-20 - tests.py - tests - request - 79 - INFO - teacher login
2022-05-13-09-15-20 - tests.py - tests - get_response - 52 - DEBUG - posting url: /login
2022-05-13-09-15-20 - tests.py - tests - validate - 69 - DEBUG - status code:200  message:login successful
2022-05-13-09-15-20 - tests.py - tests - validate - 73 - INFO - OK
2022-05-13-09-15-20 - tests.py - tests - get_response - 52 - DEBUG - posting url: /teacher_board_summary_info
2022-05-13-09-15-20 - log.py - log - log_response - 225 - WARNING - Bad Request: /api/teacher_board_summary_info
2022-05-13-09-15-20 - tests.py - tests - validate - 69 - DEBUG - status code:400  message:invalid method
2022-05-13-09-15-20 - tests.py - tests - validate - 73 - INFO - OK
2022-05-13-09-15-20 - tests.py - tests - request - 79 - INFO - 初始化数据
2022-05-13-09-15-20 - tests.py - tests - get_response - 52 - DEBUG - posting url: /write_db
2022-05-13-09-15-20 - tests.py - tests - validate - 69 - DEBUG - status code:200  message:succefully write in
2022-05-13-09-15-20 - tests.py - tests - validate - 73 - INFO - OK
2022-05-13-09-15-20 - tests.py - tests - request - 79 - INFO - 导师查看自己的学生列表
2022-05-13-09-15-20 - tests.py - tests - request - 79 - INFO - teacher login
2022-05-13-09-15-20 - tests.py - tests - get_response - 52 - DEBUG - posting url: /login
2022-05-13-09-15-20 - tests.py - tests - validate - 69 - DEBUG - status code:200  message:login successful
2022-05-13-09-15-20 - tests.py - tests - validate - 73 - INFO - OK
2022-05-13-09-15-20 - tests.py - tests - get_response - 56 - DEBUG - getting url: /teacher_newcomer_list
2022-05-13-09-15-20 - tests.py - tests - validate - 69 - DEBUG - status code:200  message:succeed
2022-05-13-09-15-20 - tests.py - tests - validate - 73 - INFO - OK
2022-05-13-09-15-20 - tests.py - tests - request - 79 - INFO - 导师查看自己的学生列表-方法错误
2022-05-13-09-15-20 - tests.py - tests - request - 79 - INFO - teacher login
2022-05-13-09-15-20 - tests.py - tests - get_response - 52 - DEBUG - posting url: /login
2022-05-13-09-15-20 - tests.py - tests - validate - 69 - DEBUG - status code:200  message:login successful
2022-05-13-09-15-20 - tests.py - tests - validate - 73 - INFO - OK
2022-05-13-09-15-20 - tests.py - tests - get_response - 52 - DEBUG - posting url: /teacher_newcomer_list
2022-05-13-09-15-20 - log.py - log - log_response - 225 - WARNING - Bad Request: /api/teacher_newcomer_list
2022-05-13-09-15-20 - tests.py - tests - validate - 69 - DEBUG - status code:400  message:invalid method
2022-05-13-09-15-20 - tests.py - tests - validate - 73 - INFO - OK
2022-05-13-09-15-20 - tests.py - tests - request - 79 - INFO - 管理员通过名字查看导师列表
2022-05-13-09-15-20 - tests.py - tests - request - 79 - INFO - admin login
2022-05-13-09-15-20 - tests.py - tests - get_response - 52 - DEBUG - posting url: /login
2022-05-13-09-15-20 - tests.py - tests - validate - 69 - DEBUG - status code:200  message:login successful
2022-05-13-09-15-20 - tests.py - tests - validate - 73 - INFO - OK
2022-05-13-09-15-20 - tests.py - tests - get_response - 52 - DEBUG - posting url: /teacher_newcomer_list_by_name
2022-05-13-09-15-20 - tests.py - tests - validate - 69 - DEBUG - status code:200  message:succeed
2022-05-13-09-15-20 - tests.py - tests - validate - 73 - INFO - OK
2022-05-13-09-15-20 - tests.py - tests - request - 79 - INFO - 管理员通过名字查看导师列表-方法错误
2022-05-13-09-15-20 - tests.py - tests - request - 79 - INFO - admin login
2022-05-13-09-15-20 - tests.py - tests - get_response - 52 - DEBUG - posting url: /login
2022-05-13-09-15-20 - tests.py - tests - validate - 69 - DEBUG - status code:200  message:login successful
2022-05-13-09-15-20 - tests.py - tests - validate - 73 - INFO - OK
2022-05-13-09-15-20 - tests.py - tests - get_response - 56 - DEBUG - getting url: /teacher_newcomer_list_by_name
2022-05-13-09-15-20 - log.py - log - log_response - 225 - WARNING - Bad Request: /api/teacher_newcomer_list_by_name
2022-05-13-09-15-20 - tests.py - tests - validate - 69 - DEBUG - status code:400  message:invalid method
2022-05-13-09-15-20 - tests.py - tests - validate - 73 - INFO - OK
2022-05-13-09-15-20 - tests.py - tests - request - 79 - INFO - 初始化数据
2022-05-13-09-15-20 - tests.py - tests - get_response - 52 - DEBUG - posting url: /write_db
2022-05-13-09-15-21 - tests.py - tests - validate - 69 - DEBUG - status code:200  message:succefully write in
2022-05-13-09-15-21 - tests.py - tests - validate - 73 - INFO - OK
2022-05-13-09-15-21 - tests.py - tests - request - 79 - INFO - 获取导师基本带新信息
2022-05-13-09-15-21 - tests.py - tests - request - 79 - INFO - teacher login
2022-05-13-09-15-21 - tests.py - tests - get_response - 52 - DEBUG - posting url: /login
2022-05-13-09-15-21 - tests.py - tests - validate - 69 - DEBUG - status code:200  message:login successful
2022-05-13-09-15-21 - tests.py - tests - validate - 73 - INFO - OK
2022-05-13-09-15-21 - tests.py - tests - get_response - 52 - DEBUG - posting url: /teacher_summary_info
2022-05-13-09-15-21 - tests.py - tests - validate - 69 - DEBUG - status code:200  message:succeed
2022-05-13-09-15-21 - tests.py - tests - validate - 73 - INFO - OK
2022-05-13-09-15-21 - tests.py - tests - request - 79 - INFO - 初始化数据
2022-05-13-09-15-21 - tests.py - tests - get_response - 52 - DEBUG - posting url: /write_db
2022-05-13-09-15-21 - tests.py - tests - validate - 69 - DEBUG - status code:200  message:succefully write in
2022-05-13-09-15-21 - tests.py - tests - validate - 73 - INFO - OK
2022-05-13-09-15-21 - tests.py - tests - request - 79 - INFO - admin获取候选导师列表
2022-05-13-09-15-21 - tests.py - tests - request - 79 - INFO - admin login
2022-05-13-09-15-21 - tests.py - tests - get_response - 52 - DEBUG - posting url: /login
2022-05-13-09-15-21 - tests.py - tests - validate - 69 - DEBUG - status code:200  message:login successful
2022-05-13-09-15-21 - tests.py - tests - validate - 73 - INFO - OK
2022-05-13-09-15-21 - tests.py - tests - get_response - 56 - DEBUG - getting url: /teacher_wait_list
2022-05-13-09-15-21 - tests.py - tests - validate - 69 - DEBUG - status code:200  message:succeed
2022-05-13-09-15-21 - tests.py - tests - validate - 73 - INFO - OK
2022-05-13-09-15-21 - tests.py - tests - request - 79 - INFO - 其他获取候选导师列表
2022-05-13-09-15-21 - tests.py - tests - request - 79 - INFO - teacher login
2022-05-13-09-15-21 - tests.py - tests - get_response - 52 - DEBUG - posting url: /login
2022-05-13-09-15-21 - tests.py - tests - validate - 69 - DEBUG - status code:200  message:login successful
2022-05-13-09-15-21 - tests.py - tests - validate - 73 - INFO - OK
2022-05-13-09-15-21 - tests.py - tests - get_response - 56 - DEBUG - getting url: /teacher_wait_list
2022-05-13-09-15-21 - log.py - log - log_response - 225 - WARNING - Bad Request: /api/teacher_wait_list
2022-05-13-09-15-21 - tests.py - tests - validate - 69 - DEBUG - status code:400  message:no permission
2022-05-13-09-15-21 - tests.py - tests - validate - 73 - INFO - OK
2022-05-13-09-15-21 - tests.py - tests - request - 79 - INFO - HRBP login
2022-05-13-09-15-21 - tests.py - tests - get_response - 52 - DEBUG - posting url: /login
2022-05-13-09-15-21 - tests.py - tests - validate - 69 - DEBUG - status code:200  message:login successful
2022-05-13-09-15-21 - tests.py - tests - validate - 73 - INFO - OK
2022-05-13-09-15-21 - tests.py - tests - get_response - 56 - DEBUG - getting url: /teacher_wait_list
2022-05-13-09-15-21 - log.py - log - log_response - 225 - WARNING - Bad Request: /api/teacher_wait_list
2022-05-13-09-15-21 - tests.py - tests - validate - 69 - DEBUG - status code:400  message:no permission
2022-05-13-09-15-21 - tests.py - tests - validate - 73 - INFO - OK
2022-05-13-09-15-21 - tests.py - tests - request - 79 - INFO - newcomer login
2022-05-13-09-15-21 - tests.py - tests - get_response - 52 - DEBUG - posting url: /login
2022-05-13-09-15-21 - tests.py - tests - validate - 69 - DEBUG - status code:200  message:login successful
2022-05-13-09-15-21 - tests.py - tests - validate - 73 - INFO - OK
2022-05-13-09-15-21 - tests.py - tests - get_response - 56 - DEBUG - getting url: /teacher_wait_list
2022-05-13-09-15-21 - log.py - log - log_response - 225 - WARNING - Bad Request: /api/teacher_wait_list
2022-05-13-09-15-21 - tests.py - tests - validate - 69 - DEBUG - status code:400  message:no permission
2022-05-13-09-15-21 - tests.py - tests - validate - 73 - INFO - OK
2022-05-13-09-15-21 - tests.py - tests - request - 79 - INFO - 方法错误
2022-05-13-09-15-21 - tests.py - tests - request - 79 - INFO - admin login
2022-05-13-09-15-21 - tests.py - tests - get_response - 52 - DEBUG - posting url: /login
2022-05-13-09-15-21 - tests.py - tests - validate - 69 - DEBUG - status code:200  message:login successful
2022-05-13-09-15-21 - tests.py - tests - validate - 73 - INFO - OK
2022-05-13-09-15-21 - tests.py - tests - get_response - 52 - DEBUG - posting url: /teacher_wait_list
2022-05-13-09-15-21 - log.py - log - log_response - 225 - WARNING - Bad Request: /api/teacher_wait_list
2022-05-13-09-15-21 - tests.py - tests - validate - 69 - DEBUG - status code:400  message:invalid method
2022-05-13-09-15-21 - tests.py - tests - validate - 73 - INFO - OK
2022-05-13-09-15-21 - tests.py - tests - request - 79 - INFO - 初始化数据
2022-05-13-09-15-21 - tests.py - tests - get_response - 52 - DEBUG - posting url: /write_db
2022-05-13-09-15-22 - tests.py - tests - validate - 69 - DEBUG - status code:200  message:succefully write in
2022-05-13-09-15-22 - tests.py - tests - validate - 73 - INFO - OK
2022-05-13-09-15-22 - tests.py - tests - request - 79 - INFO - 导师分配率-成功
2022-05-13-09-15-22 - tests.py - tests - request - 79 - INFO - admin login
2022-05-13-09-15-22 - tests.py - tests - get_response - 52 - DEBUG - posting url: /login
2022-05-13-09-15-22 - tests.py - tests - validate - 69 - DEBUG - status code:200  message:login successful
2022-05-13-09-15-22 - tests.py - tests - validate - 73 - INFO - OK
2022-05-13-09-15-22 - tests.py - tests - get_response - 52 - DEBUG - posting url: /tutor_assignment_chart
2022-05-13-09-15-22 - tests.py - tests - validate - 69 - DEBUG - status code:200  message:succeed
2022-05-13-09-15-22 - tests.py - tests - validate - 73 - INFO - OK
2022-05-13-09-15-22 - tests.py - tests - request - 79 - INFO - HRBP login
2022-05-13-09-15-22 - tests.py - tests - get_response - 52 - DEBUG - posting url: /login
2022-05-13-09-15-22 - tests.py - tests - validate - 69 - DEBUG - status code:200  message:login successful
2022-05-13-09-15-22 - tests.py - tests - validate - 73 - INFO - OK
2022-05-13-09-15-22 - tests.py - tests - get_response - 52 - DEBUG - posting url: /tutor_assignment_chart
2022-05-13-09-15-22 - tests.py - tests - validate - 69 - DEBUG - status code:200  message:succeed
2022-05-13-09-15-22 - tests.py - tests - validate - 73 - INFO - OK
2022-05-13-09-15-22 - tests.py - tests - request - 79 - INFO - 导师分配率-方法错误
2022-05-13-09-15-22 - tests.py - tests - request - 79 - INFO - admin login
2022-05-13-09-15-22 - tests.py - tests - get_response - 52 - DEBUG - posting url: /login
2022-05-13-09-15-22 - tests.py - tests - validate - 69 - DEBUG - status code:200  message:login successful
2022-05-13-09-15-22 - tests.py - tests - validate - 73 - INFO - OK
2022-05-13-09-15-22 - tests.py - tests - get_response - 56 - DEBUG - getting url: /tutor_assignment_chart
2022-05-13-09-15-22 - log.py - log - log_response - 225 - WARNING - Bad Request: /api/tutor_assignment_chart
2022-05-13-09-15-22 - tests.py - tests - validate - 69 - DEBUG - status code:400  message:illegal request type
2022-05-13-09-15-22 - tests.py - tests - validate - 73 - INFO - OK
2022-05-13-09-15-22 - tests.py - tests - request - 79 - INFO - 导师分配率-权限错误
2022-05-13-09-15-22 - tests.py - tests - request - 79 - INFO - newcomer login
2022-05-13-09-15-22 - tests.py - tests - get_response - 52 - DEBUG - posting url: /login
2022-05-13-09-15-22 - tests.py - tests - validate - 69 - DEBUG - status code:200  message:login successful
2022-05-13-09-15-22 - tests.py - tests - validate - 73 - INFO - OK
2022-05-13-09-15-22 - tests.py - tests - get_response - 52 - DEBUG - posting url: /tutor_assignment_chart
2022-05-13-09-15-22 - log.py - log - log_response - 225 - WARNING - Bad Request: /api/tutor_assignment_chart
2022-05-13-09-15-22 - tests.py - tests - validate - 69 - DEBUG - status code:400  message:unauthorized action
2022-05-13-09-15-22 - tests.py - tests - validate - 73 - INFO - OK
2022-05-13-09-15-22 - tests.py - tests - request - 79 - INFO - teacher login
2022-05-13-09-15-22 - tests.py - tests - get_response - 52 - DEBUG - posting url: /login
2022-05-13-09-15-22 - tests.py - tests - validate - 69 - DEBUG - status code:200  message:login successful
2022-05-13-09-15-22 - tests.py - tests - validate - 73 - INFO - OK
2022-05-13-09-15-22 - tests.py - tests - get_response - 52 - DEBUG - posting url: /tutor_assignment_chart
2022-05-13-09-15-22 - log.py - log - log_response - 225 - WARNING - Bad Request: /api/tutor_assignment_chart
2022-05-13-09-15-22 - tests.py - tests - validate - 69 - DEBUG - status code:400  message:unauthorized action
2022-05-13-09-15-22 - tests.py - tests - validate - 73 - INFO - OK
2022-05-13-09-15-22 - tests.py - tests - request - 79 - INFO - 导师分配率-字段缺失
2022-05-13-09-15-22 - tests.py - tests - request - 79 - INFO - admin login
2022-05-13-09-15-22 - tests.py - tests - get_response - 52 - DEBUG - posting url: /login
2022-05-13-09-15-22 - tests.py - tests - validate - 69 - DEBUG - status code:200  message:login successful
2022-05-13-09-15-22 - tests.py - tests - validate - 73 - INFO - OK
2022-05-13-09-15-22 - tests.py - tests - get_response - 52 - DEBUG - posting url: /tutor_assignment_chart
2022-05-13-09-15-22 - log.py - log - log_response - 225 - WARNING - Bad Request: /api/tutor_assignment_chart
2022-05-13-09-15-22 - tests.py - tests - validate - 69 - DEBUG - status code:400  message:succeed
2022-05-13-09-15-22 - tests.py - tests - validate - 73 - INFO - OK
2022-05-13-09-15-22 - tests.py - tests - request - 79 - INFO - 导师分配率-时间错误
2022-05-13-09-15-22 - tests.py - tests - request - 79 - INFO - admin login
2022-05-13-09-15-22 - tests.py - tests - get_response - 52 - DEBUG - posting url: /login
2022-05-13-09-15-22 - tests.py - tests - validate - 69 - DEBUG - status code:200  message:login successful
2022-05-13-09-15-22 - tests.py - tests - validate - 73 - INFO - OK
2022-05-13-09-15-22 - tests.py - tests - get_response - 52 - DEBUG - posting url: /tutor_assignment_chart
2022-05-13-09-15-22 - log.py - log - log_response - 225 - WARNING - Bad Request: /api/tutor_assignment_chart
2022-05-13-09-15-22 - tests.py - tests - validate - 69 - DEBUG - status code:400  message:succeed
2022-05-13-09-15-22 - tests.py - tests - validate - 73 - INFO - OK
2022-05-13-09-15-22 - tests.py - tests - request - 79 - INFO - 初始化数据
2022-05-13-09-15-22 - tests.py - tests - get_response - 52 - DEBUG - posting url: /write_db
2022-05-13-09-15-23 - tests.py - tests - validate - 69 - DEBUG - status code:200  message:succefully write in
2022-05-13-09-15-23 - tests.py - tests - validate - 73 - INFO - OK
2022-05-13-09-15-23 - tests.py - tests - test_video - 157 - INFO - 测试video接口
2022-05-13-09-15-23 - tests.py - tests - request - 79 - INFO - 初始化数据
2022-05-13-09-15-23 - tests.py - tests - get_response - 52 - DEBUG - posting url: /write_db
2022-05-13-09-15-23 - tests.py - tests - validate - 69 - DEBUG - status code:200  message:succefully write in
2022-05-13-09-15-23 - tests.py - tests - validate - 73 - INFO - OK
2022-05-13-09-15-23 - tests.py - tests - request - 79 - INFO - 初始化数据
2022-05-13-09-15-23 - tests.py - tests - get_response - 52 - DEBUG - posting url: /write_db
2022-05-13-09-15-24 - tests.py - tests - validate - 69 - DEBUG - status code:200  message:succefully write in
2022-05-13-09-15-24 - tests.py - tests - validate - 73 - INFO - OK
